Archive member included to satisfy reference by file (symbol)

C:\Users\virskl\Downloads\MaxMatrix\async\2.3\orientation\Led_Anzeige\Led_Anzeige\ArduinoCore\Debug\libArduinoCore.a(HardwareSerial.o)
                              Sketch.o (_ZN14HardwareSerial9availableEv)
C:\Users\virskl\Downloads\MaxMatrix\async\2.3\orientation\Led_Anzeige\Led_Anzeige\ArduinoCore\Debug\libArduinoCore.a(HardwareSerial0.o)
                              Sketch.o (Serial)
C:\Users\virskl\Downloads\MaxMatrix\async\2.3\orientation\Led_Anzeige\Led_Anzeige\ArduinoCore\Debug\libArduinoCore.a(main.o)
                              C:/Program Files (x86)/Atmel/Studio/7.0/Packs/atmel/ATmega_DFP/1.0.106/gcc/dev/atmega328p/avr5/crtatmega328p.o (main)
C:\Users\virskl\Downloads\MaxMatrix\async\2.3\orientation\Led_Anzeige\Led_Anzeige\ArduinoCore\Debug\libArduinoCore.a(Print.o)
                              C:\Users\virskl\Downloads\MaxMatrix\async\2.3\orientation\Led_Anzeige\Led_Anzeige\ArduinoCore\Debug\libArduinoCore.a(HardwareSerial.o) (_ZN5Print5writeEPKhj)
C:\Users\virskl\Downloads\MaxMatrix\async\2.3\orientation\Led_Anzeige\Led_Anzeige\ArduinoCore\Debug\libArduinoCore.a(wiring.o)
                              C:\Users\virskl\Downloads\MaxMatrix\async\2.3\orientation\Led_Anzeige\Led_Anzeige\ArduinoCore\Debug\libArduinoCore.a(main.o) (init)
C:\Users\virskl\Downloads\MaxMatrix\async\2.3\orientation\Led_Anzeige\Led_Anzeige\ArduinoCore\Debug\libArduinoCore.a(wiring_digital.o)
                              src/MaxMatrix.o (pinMode)
C:\Users\virskl\Downloads\MaxMatrix\async\2.3\orientation\Led_Anzeige\Led_Anzeige\ArduinoCore\Debug\libArduinoCore.a(wiring_shift.o)
                              src/MaxMatrix.o (shiftOut)
C:\Users\virskl\Downloads\MaxMatrix\async\2.3\orientation\Led_Anzeige\Led_Anzeige\ArduinoCore\Debug\libArduinoCore.a(abi.o)
                              C:\Users\virskl\Downloads\MaxMatrix\async\2.3\orientation\Led_Anzeige\Led_Anzeige\ArduinoCore\Debug\libArduinoCore.a(Print.o) (__cxa_pure_virtual)
C:\Users\virskl\Downloads\MaxMatrix\async\2.3\orientation\Led_Anzeige\Led_Anzeige\ArduinoCore\Debug\libArduinoCore.a(hooks.o)
                              C:\Users\virskl\Downloads\MaxMatrix\async\2.3\orientation\Led_Anzeige\Led_Anzeige\ArduinoCore\Debug\libArduinoCore.a(wiring.o) (yield)
c:/program files (x86)/atmel/studio/7.0/toolchain/avr8/avr8-gnu-toolchain/bin/../lib/gcc/avr/4.9.2/../../../../avr/lib/avr5\libm.a(addsf3.o)
                              C:\Users\virskl\Downloads\MaxMatrix\async\2.3\orientation\Led_Anzeige\Led_Anzeige\ArduinoCore\Debug\libArduinoCore.a(Print.o) (__subsf3)
c:/program files (x86)/atmel/studio/7.0/toolchain/avr8/avr8-gnu-toolchain/bin/../lib/gcc/avr/4.9.2/../../../../avr/lib/avr5\libm.a(addsf3x.o)
                              c:/program files (x86)/atmel/studio/7.0/toolchain/avr8/avr8-gnu-toolchain/bin/../lib/gcc/avr/4.9.2/../../../../avr/lib/avr5\libm.a(addsf3.o) (__addsf3x)
c:/program files (x86)/atmel/studio/7.0/toolchain/avr8/avr8-gnu-toolchain/bin/../lib/gcc/avr/4.9.2/../../../../avr/lib/avr5\libm.a(cmpsf2.o)
                              C:\Users\virskl\Downloads\MaxMatrix\async\2.3\orientation\Led_Anzeige\Led_Anzeige\ArduinoCore\Debug\libArduinoCore.a(Print.o) (__ltsf2)
c:/program files (x86)/atmel/studio/7.0/toolchain/avr8/avr8-gnu-toolchain/bin/../lib/gcc/avr/4.9.2/../../../../avr/lib/avr5\libm.a(divsf3.o)
                              C:\Users\virskl\Downloads\MaxMatrix\async\2.3\orientation\Led_Anzeige\Led_Anzeige\ArduinoCore\Debug\libArduinoCore.a(Print.o) (__divsf3)
c:/program files (x86)/atmel/studio/7.0/toolchain/avr8/avr8-gnu-toolchain/bin/../lib/gcc/avr/4.9.2/../../../../avr/lib/avr5\libm.a(divsf3x.o)
                              c:/program files (x86)/atmel/studio/7.0/toolchain/avr8/avr8-gnu-toolchain/bin/../lib/gcc/avr/4.9.2/../../../../avr/lib/avr5\libm.a(divsf3.o) (__divsf3x)
c:/program files (x86)/atmel/studio/7.0/toolchain/avr8/avr8-gnu-toolchain/bin/../lib/gcc/avr/4.9.2/../../../../avr/lib/avr5\libm.a(fixsfsi.o)
                              C:\Users\virskl\Downloads\MaxMatrix\async\2.3\orientation\Led_Anzeige\Led_Anzeige\ArduinoCore\Debug\libArduinoCore.a(Print.o) (__fixsfsi)
c:/program files (x86)/atmel/studio/7.0/toolchain/avr8/avr8-gnu-toolchain/bin/../lib/gcc/avr/4.9.2/../../../../avr/lib/avr5\libm.a(fixunssfsi.o)
                              C:\Users\virskl\Downloads\MaxMatrix\async\2.3\orientation\Led_Anzeige\Led_Anzeige\ArduinoCore\Debug\libArduinoCore.a(Print.o) (__fixunssfsi)
c:/program files (x86)/atmel/studio/7.0/toolchain/avr8/avr8-gnu-toolchain/bin/../lib/gcc/avr/4.9.2/../../../../avr/lib/avr5\libm.a(floatsisf.o)
                              C:\Users\virskl\Downloads\MaxMatrix\async\2.3\orientation\Led_Anzeige\Led_Anzeige\ArduinoCore\Debug\libArduinoCore.a(Print.o) (__floatunsisf)
c:/program files (x86)/atmel/studio/7.0/toolchain/avr8/avr8-gnu-toolchain/bin/../lib/gcc/avr/4.9.2/../../../../avr/lib/avr5\libm.a(fp_cmp.o)
[...]
Memory Configuration

Name             Origin             Length             Attributes
text             0x00000000         0x00020000         xr
data             0x00800060         0x0000ffa0         rw !x
eeprom           0x00810000         0x00010000         rw !x
fuse             0x00820000         0x00000400         rw !x
lock             0x00830000         0x00000400         rw !x
signature        0x00840000         0x00000400         rw !x
user_signatures  0x00850000         0x00000400         rw !x
*default*        0x00000000         0xffffffff

Linker script and memory map

Address of section .data set to 0x800100
LOAD C:/Program Files (x86)/Atmel/Studio/7.0/Packs/atmel/ATmega_DFP/1.0.106/gcc/dev/atmega328p/avr5/crtatmega328p.o
LOAD Sketch.o
LOAD src/MaxMatrix.o
LOAD src/TimerOne.o
LOAD src/TimerTwo.o
START GROUP
LOAD c:/program files (x86)/atmel/studio/7.0/toolchain/avr8/avr8-gnu-toolchain/bin/../lib/gcc/avr/4.9.2/../../../../avr/lib/avr5\libm.a
LOAD C:\Users\virskl\Downloads\MaxMatrix\async\2.3\orientation\Led_Anzeige\Led_Anzeige\ArduinoCore\Debug\libArduinoCore.a
END GROUP
LOAD c:/program files (x86)/atmel/studio/7.0/toolchain/avr8/avr8-gnu-toolchain/bin/../lib/gcc/avr/4.9.2/avr5\libgcc.a
LOAD c:/program files (x86)/atmel/studio/7.0/toolchain/avr8/avr8-gnu-toolchain/bin/../lib/gcc/avr/4.9.2/../../../../avr/lib/avr5\libm.a
START GROUP
LOAD c:/program files (x86)/atmel/studio/7.0/toolchain/avr8/avr8-gnu-toolchain/bin/../lib/gcc/avr/4.9.2/avr5\libgcc.a
LOAD c:/program files (x86)/atmel/studio/7.0/toolchain/avr8/avr8-gnu-toolchain/bin/../lib/gcc/avr/4.9.2/../../../../avr/lib/avr5\libm.a
LOAD c:/program files (x86)/atmel/studio/7.0/toolchain/avr8/avr8-gnu-toolchain/bin/../lib/gcc/avr/4.9.2/../../../../avr/lib/avr5\libc.a
LOAD C:/Program Files (x86)/Atmel/Studio/7.0/Packs/atmel/ATmega_DFP/1.0.106/gcc/dev/atmega328p/avr5\libatmega328p.a
END GROUP
                0x00020000                __TEXT_REGION_LENGTH__ = DEFINED (__TEXT_REGION_LENGTH__)?__TEXT_REGION_LENGTH__:0x20000
                0x0000ffa0                __DATA_REGION_LENGTH__ = DEFINED (__DATA_REGION_LENGTH__)?__DATA_REGION_LENGTH__:0xffa0
                0x00010000                __EEPROM_REGION_LENGTH__ = DEFINED (__EEPROM_REGION_LENGTH__)?__EEPROM_REGION_LENGTH__:0x10000
                0x00000400                __FUSE_REGION_LENGTH__ = DEFINED (__FUSE_REGION_LENGTH__)?__FUSE_REGION_LENGTH__:0x400
                0x00000400                __LOCK_REGION_LENGTH__ = DEFINED (__LOCK_REGION_LENGTH__)?__LOCK_REGION_LENGTH__:0x400
                0x00000400                __SIGNATURE_REGION_LENGTH__ = DEFINED (__SIGNATURE_REGION_LENGTH__)?__SIGNATURE_REGION_LENGTH__:0x400
                0x00000400                __USER_SIGNATURE_REGION_LENGTH__ = DEFINED (__USER_SIGNATURE_REGION_LENGTH__)?__USER_SIGNATURE_REGION_LENGTH__:0x400

.hash
 *(.hash)

.dynsym
 *(.dynsym)

.dynstr
 *(.dynstr)

.gnu.version
 *(.gnu.version)

.gnu.version_d
 *(.gnu.version_d)

.gnu.version_r
 *(.gnu.version_r)

.rel.init
 *(.rel.init)

.rela.init
 *(.rela.init)

.rel.text
 *(.rel.text)
 *(.rel.text.*)
 *(.rel.gnu.linkonce.t*)

.rela.text
 *(.rela.text)
 *(.rela.text.*)
 *(.rela.gnu.linkonce.t*)

.rel.fini
 *(.rel.fini)

.rela.fini
 *(.rela.fini)

.rel.rodata
 *(.rel.rodata)
 *(.rel.rodata.*)
 *(.rel.gnu.linkonce.r*)

.rela.rodata
 *(.rela.rodata)
 *(.rela.rodata.*)
 *(.rela.gnu.linkonce.r*)

.rel.data
 *(.rel.data)
 *(.rel.data.*)
 *(.rel.gnu.linkonce.d*)

.rela.data
 *(.rela.data)
 *(.rela.data.*)
 *(.rela.gnu.linkonce.d*)

.rel.ctors
 *(.rel.ctors)

.rela.ctors
 *(.rela.ctors)

.rel.dtors
 *(.rel.dtors)

.rela.dtors
 *(.rela.dtors)

.rel.got
 *(.rel.got)

.rela.got
 *(.rela.got)

.rel.bss
 *(.rel.bss)

.rela.bss
 *(.rela.bss)

.rel.plt
 *(.rel.plt)

.rela.plt
 *(.rela.plt)

.text           0x00000000     0x2532
 *(.vectors)
 .vectors       0x00000000       0x68 C:/Program Files (x86)/Atmel/Studio/7.0/Packs/atmel/ATmega_DFP/1.0.106/gcc/dev/atmega328p/avr5/crtatmega328p.o
                0x00000000                __vector_default
                0x00000000                __vectors
 *(.vectors)
 *(.progmem.gcc*)
                0x00000068                . = ALIGN (0x2)
                0x00000068                __trampolines_start = .
 *(.trampolines)
 .trampolines   0x00000068        0x0 linker stubs
 *(.trampolines*)
                0x00000068                __trampolines_end = .
 *libprintf_flt.a:*(.progmem.data)
 *libc.a:*(.progmem.data)
 *(.progmem*)
 .progmem.data._ZZ9printHelpvE3__c_2
                0x00000068       0x1b Sketch.o
 .progmem.data._ZZ9printHelpvE3__c_1
                0x00000083       0x37 Sketch.o
 .progmem.data._ZZ9printHelpvE3__c_0
                0x000000ba       0x2e Sketch.o
 .progmem.data._ZZ9printHelpvE3__c
                0x000000e8       0x17 Sketch.o
 .progmem.data._ZZ15uartInputHandlevE3__c_2
                0x000000ff       0x44 Sketch.o
 .progmem.data._ZZ15uartInputHandlevE3__c_1
                0x00000143       0x13 Sketch.o
 .progmem.data._ZZ15uartInputHandlevE3__c_0
                0x00000156       0x50 Sketch.o
 .progmem.data._ZZ15uartInputHandlevE3__c
                0x000001a6       0x13 Sketch.o
 .progmem.data._ZL11SpriteTable
                0x000001b9      0x2c3 src/MaxMatrix.o
 .progmem.data.digital_pin_to_timer_PGM
                0x0000047c       0x14 C:\Users\virskl\Downloads\MaxMatrix\async\2.3\orientation\Led_Anzeige\Led_Anzeige\ArduinoCore\Debug\libArduinoCore.a(wiring_digital.o)
                0x0000047c                digital_pin_to_timer_PGM
 .progmem.data.digital_pin_to_bit_mask_PGM
                0x00000490       0x14 C:\Users\virskl\Downloads\MaxMatrix\async\2.3\orientation\Led_Anzeige\Led_Anzeige\ArduinoCore\Debug\libArduinoCore.a(wiring_digital.o)
                0x00000490                digital_pin_to_bit_mask_PGM
 .progmem.data.digital_pin_to_port_PGM
                0x000004a4       0x14 C:\Users\virskl\Downloads\MaxMatrix\async\2.3\orientation\Led_Anzeige\Led_Anzeige\ArduinoCore\Debug\libArduinoCore.a(wiring_digital.o)
                0x000004a4                digital_pin_to_port_PGM
 .progmem.data.port_to_output_PGM
                0x000004b8        0xa C:\Users\virskl\Downloads\MaxMatrix\async\2.3\orientation\Led_Anzeige\Led_Anzeige\ArduinoCore\Debug\libArduinoCore.a(wiring_digital.o)
                0x000004b8                port_to_output_PGM
 .progmem.data.port_to_mode_PGM
                0x000004c2        0xa C:\Users\virskl\Downloads\MaxMatrix\async\2.3\orientation\Led_Anzeige\Led_Anzeige\ArduinoCore\Debug\libArduinoCore.a(wiring_digital.o)
                0x000004c2                port_to_mode_PGM
                0x000004cc                . = ALIGN (0x2)
 *(.jumptables)
 *(.jumptables*)
 *(.lowtext)
 *(.lowtext*)
                0x000004cc                __ctors_start = .
 *(.ctors)
 .ctors         0x000004cc        0x2 Sketch.o
 .ctors         0x000004ce        0x2 src/TimerTwo.o
 .ctors         0x000004d0        0x2 C:\Users\virskl\Downloads\MaxMatrix\async\2.3\orientation\Led_Anzeige\Led_Anzeige\ArduinoCore\Debug\libArduinoCore.a(HardwareSerial0.o)
                0x000004d2                __ctors_end = .
                0x000004d2                __dtors_start = .
 *(.dtors)
 .dtors         0x000004d2        0x2 Sketch.o
                0x000004d4                __dtors_end = .
 SORT(*)(.ctors)
 SORT(*)(.dtors)
 *(.init0)
 .init0         0x000004d4        0x0 C:/Program Files (x86)/Atmel/Studio/7.0/Packs/atmel/ATmega_DFP/1.0.106/gcc/dev/atmega328p/avr5/crtatmega328p.o
                0x000004d4                __init
 *(.init0)
 *(.init1)
 *(.init1)
 *(.init2)
 .init2         0x000004d4        0xc C:/Program Files (x86)/Atmel/Studio/7.0/Packs/atmel/ATmega_DFP/1.0.106/gcc/dev/atmega328p/avr5/crtatmega328p.o
 *(.init2)
 *(.init3)
 *(.init3)
 *(.init4)
 .init4         0x000004e0       0x16 c:/program files (x86)/atmel/studio/7.0/toolchain/avr8/avr8-gnu-toolchain/bin/../lib/gcc/avr/4.9.2/avr5\libgcc.a(_copy_data.o)
                0x000004e0                __do_copy_data
 .init4         0x000004f6       0x10 c:/program files (x86)/atmel/studio/7.0/toolchain/avr8/avr8-gnu-toolchain/bin/../lib/gcc/avr/4.9.2/avr5\libgcc.a(_clear_bss.o)
                0x000004f6                __do_clear_bss
 *(.init4)
 *(.init5)
 *(.init5)
 *(.init6)
 .init6         0x00000506       0x16 c:/program files (x86)/atmel/studio/7.0/toolchain/avr8/avr8-gnu-toolchain/bin/../lib/gcc/avr/4.9.2/avr5\libgcc.a(_ctors.o)
                0x00000506                __do_global_ctors
 *(.init6)
 *(.init7)
 *(.init7)
 *(.init8)
 *(.init8)
 *(.init9)
 .init9         0x0000051c        0x8 C:/Program Files (x86)/Atmel/Studio/7.0/Packs/atmel/ATmega_DFP/1.0.106/gcc/dev/atmega328p/avr5/crtatmega328p.o
 *(.init9)
 *(.text)
 .text          0x00000524        0x4 C:/Program Files (x86)/Atmel/Studio/7.0/Packs/atmel/ATmega_DFP/1.0.106/gcc/dev/atmega328p/avr5/crtatmega328p.o
                0x00000524                __vector_22
                0x00000524                __vector_1
                0x00000524                __vector_24
                0x00000524                __vector_12
                0x00000524                __bad_interrupt
                0x00000524                __vector_6
                0x00000524                __vector_3
                0x00000524                __vector_23
                0x00000524                __vector_25
                0x00000524                __vector_11
                0x00000524                __vector_17
                0x00000524                __vector_7
                0x00000524                __vector_5
                0x00000524                __vector_4
                0x00000524                __vector_2
                0x00000524                __vector_21
                0x00000524                __vector_15
                0x00000524                __vector_8
                0x00000524                __vector_14
                0x00000524                __vector_10
                0x00000524                __vector_20
                0x00000528                . = ALIGN (0x2)
 *(.text.*)
 .text._Z8systTickv
                0x00000528        0x8 Sketch.o
                0x00000528                _Z8systTickv
 .text.setup    0x00000530       0x76 Sketch.o
                0x00000530                setup
 .text._Z9printHelpv
                0x000005a6       0x30 Sketch.o
                0x000005a6                _Z9printHelpv
 .text._Z15uartInputHandlev
                0x000005d6      0x2d8 Sketch.o
                0x000005d6                _Z15uartInputHandlev
 .text.loop     0x000008ae       0x4e Sketch.o
                0x000008ae                loop
 .text.startup._GLOBAL__sub_I_UartInput
                0x000008fc        0xe Sketch.o
 .text.exit._GLOBAL__sub_D_UartInput
                0x0000090a        0x8 Sketch.o
 .text._Z11serialEventv
                0x00000912       0x50 Sketch.o
                0x00000912                _Z11serialEventv
 .text._ZN9MaxMatrixC2Ehhh
                0x00000962       0x36 src/MaxMatrix.o
                0x00000962                _ZN9MaxMatrixC1Ehhh
                0x00000962                _ZN9MaxMatrixC2Ehhh
 .text._ZN9MaxMatrixD2Ev
                0x00000998        0x2 src/MaxMatrix.o
                0x00000998                _ZN9MaxMatrixD1Ev
                0x00000998                _ZN9MaxMatrixD2Ev
 .text._ZN9MaxMatrix13RegisterWriteEhh
                0x0000099a       0x5e src/MaxMatrix.o
                0x0000099a                _ZN9MaxMatrix13RegisterWriteEhh
 .text._ZN9MaxMatrix12setIntensityEh
                0x000009f8       0x14 src/MaxMatrix.o
                0x000009f8                _ZN9MaxMatrix12setIntensityEh
 .text._ZN9MaxMatrix16setTextWithShiftEPc
                0x00000a0c       0x1a src/MaxMatrix.o
                0x00000a0c                _ZN9MaxMatrix16setTextWithShiftEPc
 .text._ZN9MaxMatrix9getSpriteEhPA7_h
                0x00000a26       0x22 src/MaxMatrix.o
                0x00000a26                _ZN9MaxMatrix9getSpriteEhPA7_h
 .text._ZN9MaxMatrix11reverseByteEh
                0x00000a48       0x24 src/MaxMatrix.o
                0x00000a48                _ZN9MaxMatrix11reverseByteEh
 .text._ZN9MaxMatrix6reloadEv
                0x00000a6c       0x80 src/MaxMatrix.o
                0x00000a6c                _ZN9MaxMatrix6reloadEv
 .text._ZN9MaxMatrix14setOrientationE30MaxMatrixModuleOrientationType
                0x00000aec      0x47e src/MaxMatrix.o
                0x00000aec                _ZN9MaxMatrix14setOrientationE30MaxMatrixModuleOrientationType
 .text._ZN9MaxMatrix19convertCharToSpriteEcPh
                0x00000f6a       0x44 src/MaxMatrix.o
                0x00000f6a                _ZN9MaxMatrix19convertCharToSpriteEcPh
 .text._ZN9MaxMatrix8getRowLLEhhPh
                0x00000fae       0xa4 src/MaxMatrix.o
                0x00000fae                _ZN9MaxMatrix8getRowLLEhhPh
 .text._ZN9MaxMatrix9getColumnEhPh
                0x00001052       0x58 src/MaxMatrix.o
                0x00001052                _ZN9MaxMatrix9getColumnEhPh
 .text._ZN9MaxMatrix11setColumnLLEhh
                0x000010aa       0xa6 src/MaxMatrix.o
                0x000010aa                _ZN9MaxMatrix11setColumnLLEhh
 .text._ZN9MaxMatrix23setColumnOnAllModulesLLEhh
                0x00001150       0x94 src/MaxMatrix.o
                0x00001150                _ZN9MaxMatrix23setColumnOnAllModulesLLEhh
 .text._ZN9MaxMatrix5clearEv
                0x000011e4       0x30 src/MaxMatrix.o
                0x000011e4                _ZN9MaxMatrix5clearEv
 .text._ZN9MaxMatrix4initEv
                0x00001214       0x6a src/MaxMatrix.o
                0x00001214                _ZN9MaxMatrix4initEv
 .text._ZN9MaxMatrix8setRowLLEhhh
                0x0000127e       0xb6 src/MaxMatrix.o
                0x0000127e                _ZN9MaxMatrix8setRowLLEhhh
 .text._ZN9MaxMatrix9setColumnEhh
                0x00001334       0xa2 src/MaxMatrix.o
                0x00001334                _ZN9MaxMatrix9setColumnEhh
 .text._ZN9MaxMatrix6setDotEhhb
                0x000013d6       0x8c src/MaxMatrix.o
                0x000013d6                _ZN9MaxMatrix6setDotEhhb
 .text._ZN9MaxMatrix9setSpriteEiiPA7_Kh
                0x00001462      0x126 src/MaxMatrix.o
                0x00001462                _ZN9MaxMatrix9setSpriteEiiPA7_Kh
 .text._ZN9MaxMatrix7setTextEPKc
                0x00001588       0x9c src/MaxMatrix.o
                0x00001588                _ZN9MaxMatrix7setTextEPKc
 .text._ZN9MaxMatrix11shiftLeftLLEbbb
                0x00001624       0x8e src/MaxMatrix.o
                0x00001624                _ZN9MaxMatrix11shiftLeftLLEbbb
 .text._ZN9MaxMatrix12shiftRightLLEbbb
                0x000016b2       0x82 src/MaxMatrix.o
                0x000016b2                _ZN9MaxMatrix12shiftRightLLEbbb
 .text._ZN9MaxMatrix9shiftUpLLEbb
                0x00001734       0xde src/MaxMatrix.o
                0x00001734                _ZN9MaxMatrix9shiftUpLLEbb
 .text._ZN9MaxMatrix11shiftDownLLEbb
                0x00001812       0xcc src/MaxMatrix.o
                0x00001812                _ZN9MaxMatrix11shiftDownLLEbb
 .text._ZN9MaxMatrix9shiftLeftEbb
                0x000018de       0x60 src/MaxMatrix.o
                0x000018de                _ZN9MaxMatrix9shiftLeftEbb
 .text._ZN9MaxMatrix13charShiftTaskEv
                0x0000193e       0x4c src/MaxMatrix.o
                0x0000193e                _ZN9MaxMatrix13charShiftTaskEv
 .text._ZN9MaxMatrix15stringShiftTaskEv
                0x0000198a       0xa0 src/MaxMatrix.o
                0x0000198a                _ZN9MaxMatrix15stringShiftTaskEv
 .text._ZN9MaxMatrix9shiftTaskEv
                0x00001a2a       0x28 src/MaxMatrix.o
                0x00001a2a                _ZN9MaxMatrix9shiftTaskEv
 .text.__vector_13
                0x00001a52       0x4e src/TimerOne.o
                0x00001a52                __vector_13
 .text._ZN8TimerOne9setPeriodEl
                0x00001aa0       0xd0 src/TimerOne.o
                0x00001aa0                _ZN8TimerOne9setPeriodEl
 .text._ZN8TimerOne10initializeEl
                0x00001b70        0xe src/TimerOne.o
                0x00001b70                _ZN8TimerOne10initializeEl
 .text._ZN8TimerOne6resumeEv
                0x00001b7e       0x12 src/TimerOne.o
                0x00001b7e                _ZN8TimerOne6resumeEv
 .text._ZN8TimerOne15attachInterruptEPFvvEl
                0x00001b90       0x36 src/TimerOne.o
                0x00001b90                _ZN8TimerOne15attachInterruptEPFvvEl
 .text.__vector_9
                0x00001bc6       0x4e src/TimerTwo.o
                0x00001bc6                __vector_9
 .text.startup._GLOBAL__sub_I_Timer2
                0x00001c14        0xe src/TimerTwo.o
 .text._ZN14HardwareSerial9availableEv
                0x00001c22       0x18 C:\Users\virskl\Downloads\MaxMatrix\async\2.3\orientation\Led_Anzeige\Led_Anzeige\ArduinoCore\Debug\libArduinoCore.a(HardwareSerial.o)
                0x00001c22                _ZN14HardwareSerial9availableEv
 .text._ZN14HardwareSerial4peekEv
                0x00001c3a       0x1c C:\Users\virskl\Downloads\MaxMatrix\async\2.3\orientation\Led_Anzeige\Led_Anzeige\ArduinoCore\Debug\libArduinoCore.a(HardwareSerial.o)
                0x00001c3a                _ZN14HardwareSerial4peekEv
 .text._ZN14HardwareSerial4readEv
                0x00001c56       0x28 C:\Users\virskl\Downloads\MaxMatrix\async\2.3\orientation\Led_Anzeige\Led_Anzeige\ArduinoCore\Debug\libArduinoCore.a(HardwareSerial.o)
                0x00001c56                _ZN14HardwareSerial4readEv
 .text._Z14serialEventRunv
                0x00001c7e       0x1c C:\Users\virskl\Downloads\MaxMatrix\async\2.3\orientation\Led_Anzeige\Led_Anzeige\ArduinoCore\Debug\libArduinoCore.a(HardwareSerial.o)
                0x00001c7e                _Z14serialEventRunv
 .text._ZN14HardwareSerial17_tx_udr_empty_irqEv
                0x00001c9a       0x42 C:\Users\virskl\Downloads\MaxMatrix\async\2.3\orientation\Led_Anzeige\Led_Anzeige\ArduinoCore\Debug\libArduinoCore.a(HardwareSerial.o)
                0x00001c9a                _ZN14HardwareSerial17_tx_udr_empty_irqEv
 .text._ZN14HardwareSerial5flushEv
                0x00001cdc       0x44 C:\Users\virskl\Downloads\MaxMatrix\async\2.3\orientation\Led_Anzeige\Led_Anzeige\ArduinoCore\Debug\libArduinoCore.a(HardwareSerial.o)
                0x00001cdc                _ZN14HardwareSerial5flushEv
 .text._ZN14HardwareSerial5writeEh
                0x00001d20       0x90 C:\Users\virskl\Downloads\MaxMatrix\async\2.3\orientation\Led_Anzeige\Led_Anzeige\ArduinoCore\Debug\libArduinoCore.a(HardwareSerial.o)
                0x00001d20                _ZN14HardwareSerial5writeEh
 .text._ZN14HardwareSerial5beginEmh
                0x00001db0       0xca C:\Users\virskl\Downloads\MaxMatrix\async\2.3\orientation\Led_Anzeige\Led_Anzeige\ArduinoCore\Debug\libArduinoCore.a(HardwareSerial.o)
                0x00001db0                _ZN14HardwareSerial5beginEmh
 .text.__vector_18
                0x00001e7a       0x64 C:\Users\virskl\Downloads\MaxMatrix\async\2.3\orientation\Led_Anzeige\Led_Anzeige\ArduinoCore\Debug\libArduinoCore.a(HardwareSerial0.o)
                0x00001e7a                __vector_18
 .text.__vector_19
                0x00001ede       0x4c C:\Users\virskl\Downloads\MaxMatrix\async\2.3\orientation\Led_Anzeige\Led_Anzeige\ArduinoCore\Debug\libArduinoCore.a(HardwareSerial0.o)
                0x00001ede                __vector_19
 .text._Z17Serial0_availablev
                0x00001f2a       0x14 C:\Users\virskl\Downloads\MaxMatrix\async\2.3\orientation\Led_Anzeige\Led_Anzeige\ArduinoCore\Debug\libArduinoCore.a(HardwareSerial0.o)
                0x00001f2a                _Z17Serial0_availablev
 .text.startup._GLOBAL__sub_I___vector_18
                0x00001f3e       0x5a C:\Users\virskl\Downloads\MaxMatrix\async\2.3\orientation\Led_Anzeige\Led_Anzeige\ArduinoCore\Debug\libArduinoCore.a(HardwareSerial0.o)
 .text.initVariant
                0x00001f98        0x2 C:\Users\virskl\Downloads\MaxMatrix\async\2.3\orientation\Led_Anzeige\Led_Anzeige\ArduinoCore\Debug\libArduinoCore.a(main.o)
                0x00001f98                initVariant
 .text.startup.main
                0x00001f9a       0x1e C:\Users\virskl\Downloads\MaxMatrix\async\2.3\orientation\Led_Anzeige\Led_Anzeige\ArduinoCore\Debug\libArduinoCore.a(main.o)
                0x00001f9a                main
 .text._ZN5Print5writeEPKhj
                0x00001fb8       0x50 C:\Users\virskl\Downloads\MaxMatrix\async\2.3\orientation\Led_Anzeige\Led_Anzeige\ArduinoCore\Debug\libArduinoCore.a(Print.o)
                0x00001fb8                _ZN5Print5writeEPKhj
 .text._ZN5Print5writeEPKc
                0x00002008       0x2a C:\Users\virskl\Downloads\MaxMatrix\async\2.3\orientation\Led_Anzeige\Led_Anzeige\ArduinoCore\Debug\libArduinoCore.a(Print.o)
                0x00002008                _ZN5Print5writeEPKc
 .text._ZN5Print5printEPK19__FlashStringHelper
                0x00002032       0x46 C:\Users\virskl\Downloads\MaxMatrix\async\2.3\orientation\Led_Anzeige\Led_Anzeige\ArduinoCore\Debug\libArduinoCore.a(Print.o)
                0x00002032                _ZN5Print5printEPK19__FlashStringHelper
 .text._ZN5Print5printEc
                0x00002078        0xe C:\Users\virskl\Downloads\MaxMatrix\async\2.3\orientation\Led_Anzeige\Led_Anzeige\ArduinoCore\Debug\libArduinoCore.a(Print.o)
                0x00002078                _ZN5Print5printEc
 .text._ZN5Print7printlnEv
                0x00002086       0x28 C:\Users\virskl\Downloads\MaxMatrix\async\2.3\orientation\Led_Anzeige\Led_Anzeige\ArduinoCore\Debug\libArduinoCore.a(Print.o)
                0x00002086                _ZN5Print7printlnEv
 .text._ZN5Print7printlnEPK19__FlashStringHelper
                0x000020ae       0x24 C:\Users\virskl\Downloads\MaxMatrix\async\2.3\orientation\Led_Anzeige\Led_Anzeige\ArduinoCore\Debug\libArduinoCore.a(Print.o)
                0x000020ae                _ZN5Print7printlnEPK19__FlashStringHelper
 .text._ZN5Print7printlnEPKc
                0x000020d2       0x24 C:\Users\virskl\Downloads\MaxMatrix\async\2.3\orientation\Led_Anzeige\Led_Anzeige\ArduinoCore\Debug\libArduinoCore.a(Print.o)
                0x000020d2                _ZN5Print7printlnEPKc
 .text.__vector_16
                0x000020f6       0x94 C:\Users\virskl\Downloads\MaxMatrix\async\2.3\orientation\Led_Anzeige\Led_Anzeige\ArduinoCore\Debug\libArduinoCore.a(wiring.o)
                0x000020f6                __vector_16
 .text.init     0x0000218a       0x76 C:\Users\virskl\Downloads\MaxMatrix\async\2.3\orientation\Led_Anzeige\Led_Anzeige\ArduinoCore\Debug\libArduinoCore.a(wiring.o)
                0x0000218a                init
 .text.turnOffPWM
                0x00002200       0x52 C:\Users\virskl\Downloads\MaxMatrix\async\2.3\orientation\Led_Anzeige\Led_Anzeige\ArduinoCore\Debug\libArduinoCore.a(wiring_digital.o)
 .text.pinMode  0x00002252       0x78 C:\Users\virskl\Downloads\MaxMatrix\async\2.3\orientation\Led_Anzeige\Led_Anzeige\ArduinoCore\Debug\libArduinoCore.a(wiring_digital.o)
                0x00002252                pinMode
 .text.digitalWrite
                0x000022ca       0x60 C:\Users\virskl\Downloads\MaxMatrix\async\2.3\orientation\Led_Anzeige\Led_Anzeige\ArduinoCore\Debug\libArduinoCore.a(wiring_digital.o)
                0x000022ca                digitalWrite
 .text.shiftOut
                0x0000232a       0x76 C:\Users\virskl\Downloads\MaxMatrix\async\2.3\orientation\Led_Anzeige\Led_Anzeige\ArduinoCore\Debug\libArduinoCore.a(wiring_shift.o)
                0x0000232a                shiftOut
 .text.libgcc.div
                0x000023a0       0x44 c:/program files (x86)/atmel/studio/7.0/toolchain/avr8/avr8-gnu-toolchain/bin/../lib/gcc/avr/4.9.2/avr5\libgcc.a(_udivmodsi4.o)
                0x000023a0                __udivmodsi4
 .text.libgcc.mul
                0x000023e4        0xe c:/program files (x86)/atmel/studio/7.0/toolchain/avr8/avr8-gnu-toolchain/bin/../lib/gcc/avr/4.9.2/avr5\libgcc.a(_usmulhisi3.o)
                0x000023e4                __usmulhisi3
                0x000023e8                __usmulhisi3_tail
 .text.libgcc   0x000023f2        0xc c:/program files (x86)/atmel/studio/7.0/toolchain/avr8/avr8-gnu-toolchain/bin/../lib/gcc/avr/4.9.2/avr5\libgcc.a(_tablejump2.o)
                0x000023f2                __tablejump2__
 .text.libgcc.mul
                0x000023fe       0x1e c:/program files (x86)/atmel/studio/7.0/toolchain/avr8/avr8-gnu-toolchain/bin/../lib/gcc/avr/4.9.2/avr5\libgcc.a(_umulhisi3.o)
                0x000023fe                __umulhisi3
 .text.avr-libc
                0x0000241c       0x3c c:/program files (x86)/atmel/studio/7.0/toolchain/avr8/avr8-gnu-toolchain/bin/../lib/gcc/avr/4.9.2/../../../../avr/lib/avr5\libc.a(atoi.o)
                0x0000241c                atoi
 .text.avr-libc
                0x00002458       0x12 c:/program files (x86)/atmel/studio/7.0/toolchain/avr8/avr8-gnu-toolchain/bin/../lib/gcc/avr/4.9.2/../../../../avr/lib/avr5\libc.a(memcpy_P.o)
                0x00002458                memcpy_P
 .text.avr-libc
                0x0000246a        0xa c:/program files (x86)/atmel/studio/7.0/toolchain/avr8/avr8-gnu-toolchain/bin/../lib/gcc/avr/4.9.2/../../../../avr/lib/avr5\libc.a(strtok.o)
                0x0000246a                strtok
 .text.avr-libc
                0x00002474       0x16 c:/program files (x86)/atmel/studio/7.0/toolchain/avr8/avr8-gnu-toolchain/bin/../lib/gcc/avr/4.9.2/../../../../avr/lib/avr5\libc.a(strchr.o)
                0x00002474                strchr
 .text.avr-libc
                0x0000248a       0x12 c:/program files (x86)/atmel/studio/7.0/toolchain/avr8/avr8-gnu-toolchain/bin/../lib/gcc/avr/4.9.2/../../../../avr/lib/avr5\libc.a(strcmp.o)
                0x0000248a                strcmp
 .text.avr-libc
                0x0000249c       0x1e c:/program files (x86)/atmel/studio/7.0/toolchain/avr8/avr8-gnu-toolchain/bin/../lib/gcc/avr/4.9.2/../../../../avr/lib/avr5\libc.a(strncpy.o)
                0x0000249c                strncpy
 .text.avr-libc
                0x000024ba       0x4e c:/program files (x86)/atmel/studio/7.0/toolchain/avr8/avr8-gnu-toolchain/bin/../lib/gcc/avr/4.9.2/../../../../avr/lib/avr5\libc.a(strtok_r.o)
                0x000024ba                strtok_r
 .text.avr-libc
                0x00002508       0x10 c:/program files (x86)/atmel/studio/7.0/toolchain/avr8/avr8-gnu-toolchain/bin/../lib/gcc/avr/4.9.2/../../../../avr/lib/avr5\libc.a(mul10.o)
                0x00002508                __mulhi_const_10
                0x00002518                . = ALIGN (0x2)
 *(.fini9)
 .fini9         0x00002518        0x0 c:/program files (x86)/atmel/studio/7.0/toolchain/avr8/avr8-gnu-toolchain/bin/../lib/gcc/avr/4.9.2/avr5\libgcc.a(_exit.o)
                0x00002518                _exit
                0x00002518                exit
 *(.fini9)
 *(.fini8)
 *(.fini8)
 *(.fini7)
 *(.fini7)
 *(.fini6)
 .fini6         0x00002518       0x16 c:/program files (x86)/atmel/studio/7.0/toolchain/avr8/avr8-gnu-toolchain/bin/../lib/gcc/avr/4.9.2/avr5\libgcc.a(_dtors.o)
                0x00002518                __do_global_dtors
 *(.fini6)
 *(.fini5)
 *(.fini5)
 *(.fini4)
 *(.fini4)
 *(.fini3)
 *(.fini3)
 *(.fini2)
 *(.fini2)
 *(.fini1)
 *(.fini1)
 *(.fini0)
 .fini0         0x0000252e        0x4 c:/program files (x86)/atmel/studio/7.0/toolchain/avr8/avr8-gnu-toolchain/bin/../lib/gcc/avr/4.9.2/avr5\libgcc.a(_exit.o)
 *(.fini0)
                0x00002532                _etext = .

.data           0x00800100       0x50 load address 0x00002532
                0x00800100                PROVIDE (__data_start, .)
 *(.data)
 *(.data*)
 *(.rodata)
 *(.rodata*)
 .rodata.str1.1
                0x00800100       0x3f Sketch.o
 .rodata._ZTV14HardwareSerial
                0x0080013f       0x10 C:\Users\virskl\Downloads\MaxMatrix\async\2.3\orientation\Led_Anzeige\Led_Anzeige\ArduinoCore\Debug\libArduinoCore.a(HardwareSerial.o)
                0x0080013f                _ZTV14HardwareSerial
 *(.gnu.linkonce.d*)
                0x00800150                . = ALIGN (0x2)
 *fill*         0x0080014f        0x1 
                0x00800150                _edata = .
                0x00800150                PROVIDE (__data_end, .)

.bss            0x00800150      0x11c
                0x00800150                PROVIDE (__bss_start, .)
 *(.bss)
 .bss           0x00800150        0x2 c:/program files (x86)/atmel/studio/7.0/toolchain/avr8/avr8-gnu-toolchain/bin/../lib/gcc/avr/4.9.2/../../../../avr/lib/avr5\libc.a(strtok.o)
 *(.bss*)
 .bss.State     0x00800152        0x1 Sketch.o
                0x00800152                State
 .bss.Matrix    0x00800153       0x1f Sketch.o
                0x00800153                Matrix
 .bss.Timer1Overflow
                0x00800172        0x1 Sketch.o
                0x00800172                Timer1Overflow
 .bss.MaxMatrixText
                0x00800173       0x1e Sketch.o
                0x00800173                MaxMatrixText
 .bss.UartInputComplete
                0x00800191        0x1 Sketch.o
                0x00800191                UartInputComplete
 .bss.UartInput
                0x00800192       0x28 Sketch.o
                0x00800192                UartInput
 .bss.Timer1    0x008001ba        0x6 src/TimerOne.o
                0x008001ba                Timer1
 .bss.Timer2    0x008001c0        0x6 src/TimerTwo.o
                0x008001c0                Timer2
 .bss.Serial    0x008001c6       0x9d C:\Users\virskl\Downloads\MaxMatrix\async\2.3\orientation\Led_Anzeige\Led_Anzeige\ArduinoCore\Debug\libArduinoCore.a(HardwareSerial0.o)
                0x008001c6                Serial
 .bss.timer0_fract
                0x00800263        0x1 C:\Users\virskl\Downloads\MaxMatrix\async\2.3\orientation\Led_Anzeige\Led_Anzeige\ArduinoCore\Debug\libArduinoCore.a(wiring.o)
 .bss.timer0_millis
                0x00800264        0x4 C:\Users\virskl\Downloads\MaxMatrix\async\2.3\orientation\Led_Anzeige\Led_Anzeige\ArduinoCore\Debug\libArduinoCore.a(wiring.o)
                0x00800264                timer0_millis
 .bss.timer0_overflow_count
                0x00800268        0x4 C:\Users\virskl\Downloads\MaxMatrix\async\2.3\orientation\Led_Anzeige\Led_Anzeige\ArduinoCore\Debug\libArduinoCore.a(wiring.o)
                0x00800268                timer0_overflow_count
 *(COMMON)
                0x0080026c                PROVIDE (__bss_end, .)
                0x00002532                __data_load_start = LOADADDR (.data)
                0x00002582                __data_load_end = (__data_load_start + SIZEOF (.data))

.noinit         0x0080026c        0x0
                [!provide]                PROVIDE (__noinit_start, .)
 *(.noinit*)
                [!provide]                PROVIDE (__noinit_end, .)
                0x0080026c                _end = .
                [!provide]                PROVIDE (__heap_start, .)

.eeprom         0x00810000        0x0
 *(.eeprom*)
                0x00810000                __eeprom_end = .

.fuse
 *(.fuse)
 *(.lfuse)
 *(.hfuse)
 *(.efuse)

.lock
 *(.lock*)

.signature
 *(.signature*)

.user_signatures
 *(.user_signatures*)

.stab
 *(.stab)

.stabstr
 *(.stabstr)

.stab.excl
 *(.stab.excl)

.stab.exclstr
 *(.stab.exclstr)

.stab.index
 *(.stab.index)

.stab.indexstr
 *(.stab.indexstr)

.comment        0x00000000       0x30
 *(.comment)
 .comment       0x00000000       0x30 Sketch.o
                                 0x31 (size before relaxing)
 .comment       0x00000030       0x31 src/MaxMatrix.o
 .comment       0x00000030       0x31 src/TimerOne.o
 .comment       0x00000030       0x31 src/TimerTwo.o
 .comment       0x00000030       0x31 C:\Users\virskl\Downloads\MaxMatrix\async\2.3\orientation\Led_Anzeige\Led_Anzeige\ArduinoCore\Debug\libArduinoCore.a(HardwareSerial.o)
 .comment       0x00000030       0x31 C:\Users\virskl\Downloads\MaxMatrix\async\2.3\orientation\Led_Anzeige\Led_Anzeige\ArduinoCore\Debug\libArduinoCore.a(HardwareSerial0.o)
 .comment       0x00000030       0x31 C:\Users\virskl\Downloads\MaxMatrix\async\2.3\orientation\Led_Anzeige\Led_Anzeige\ArduinoCore\Debug\libArduinoCore.a(main.o)
 .comment       0x00000030       0x31 C:\Users\virskl\Downloads\MaxMatrix\async\2.3\orientation\Led_Anzeige\Led_Anzeige\ArduinoCore\Debug\libArduinoCore.a(Print.o)
 .comment       0x00000030       0x31 C:\Users\virskl\Downloads\MaxMatrix\async\2.3\orientation\Led_Anzeige\Led_Anzeige\ArduinoCore\Debug\libArduinoCore.a(wiring.o)
 .comment       0x00000030       0x31 C:\Users\virskl\Downloads\MaxMatrix\async\2.3\orientation\Led_Anzeige\Led_Anzeige\ArduinoCore\Debug\libArduinoCore.a(wiring_digital.o)
 .comment       0x00000030       0x31 C:\Users\virskl\Downloads\MaxMatrix\async\2.3\orientation\Led_Anzeige\Led_Anzeige\ArduinoCore\Debug\libArduinoCore.a(wiring_shift.o)
 .comment       0x00000030       0x31 c:/program files (x86)/atmel/studio/7.0/toolchain/avr8/avr8-gnu-toolchain/bin/../lib/gcc/avr/4.9.2/../../../../avr/lib/avr5\libc.a(strtok.o)

.note.gnu.avr.deviceinfo
                0x00000000       0x40
 .note.gnu.avr.deviceinfo
                0x00000000       0x40 C:/Program Files (x86)/Atmel/Studio/7.0/Packs/atmel/ATmega_DFP/1.0.106/gcc/dev/atmega328p/avr5/crtatmega328p.o

.note.gnu.build-id
 *(.note.gnu.build-id)

.debug
 *(.debug)

.line
 *(.line)

.debug_srcinfo
 *(.debug_srcinfo)

.debug_sfnames
 *(.debug_sfnames)

.debug_aranges  0x00000000      0x540
 *(.debug_aranges)
 .debug_aranges
                0x00000000       0x58 Sketch.o
 .debug_aranges
                0x00000058      0x180 src/MaxMatrix.o
 .debug_aranges
                0x000001d8       0x80 src/TimerOne.o
 .debug_aranges
                0x00000258       0x80 src/TimerTwo.o
 .debug_aranges
                0x000002d8       0x68 C:\Users\virskl\Downloads\MaxMatrix\async\2.3\orientation\Led_Anzeige\Led_Anzeige\ArduinoCore\Debug\libArduinoCore.a(HardwareSerial.o)
 .debug_aranges
                0x00000340       0x38 C:\Users\virskl\Downloads\MaxMatrix\async\2.3\orientation\Led_Anzeige\Led_Anzeige\ArduinoCore\Debug\libArduinoCore.a(HardwareSerial0.o)
 .debug_aranges
                0x00000378       0x30 C:\Users\virskl\Downloads\MaxMatrix\async\2.3\orientation\Led_Anzeige\Led_Anzeige\ArduinoCore\Debug\libArduinoCore.a(main.o)
 .debug_aranges
                0x000003a8       0xf0 C:\Users\virskl\Downloads\MaxMatrix\async\2.3\orientation\Led_Anzeige\Led_Anzeige\ArduinoCore\Debug\libArduinoCore.a(Print.o)
 .debug_aranges
                0x00000498       0x48 C:\Users\virskl\Downloads\MaxMatrix\async\2.3\orientation\Led_Anzeige\Led_Anzeige\ArduinoCore\Debug\libArduinoCore.a(wiring.o)
 .debug_aranges
                0x000004e0       0x38 C:\Users\virskl\Downloads\MaxMatrix\async\2.3\orientation\Led_Anzeige\Led_Anzeige\ArduinoCore\Debug\libArduinoCore.a(wiring_digital.o)
 .debug_aranges
                0x00000518       0x28 C:\Users\virskl\Downloads\MaxMatrix\async\2.3\orientation\Led_Anzeige\Led_Anzeige\ArduinoCore\Debug\libArduinoCore.a(wiring_shift.o)

.debug_pubnames
 *(.debug_pubnames)

.debug_info     0x00000000     0xc6a1
 *(.debug_info .gnu.linkonce.wi.*)
 .debug_info    0x00000000     0x1d7a Sketch.o
 .debug_info    0x00001d7a     0x354c src/MaxMatrix.o
 .debug_info    0x000052c6      0x68d src/TimerOne.o
 .debug_info    0x00005953      0x7c8 src/TimerTwo.o
 .debug_info    0x0000611b     0x1a79 C:\Users\virskl\Downloads\MaxMatrix\async\2.3\orientation\Led_Anzeige\Led_Anzeige\ArduinoCore\Debug\libArduinoCore.a(HardwareSerial.o)
 .debug_info    0x00007b94     0x16a5 C:\Users\virskl\Downloads\MaxMatrix\async\2.3\orientation\Led_Anzeige\Led_Anzeige\ArduinoCore\Debug\libArduinoCore.a(HardwareSerial0.o)
 .debug_info    0x00009239      0x1f0 C:\Users\virskl\Downloads\MaxMatrix\async\2.3\orientation\Led_Anzeige\Led_Anzeige\ArduinoCore\Debug\libArduinoCore.a(main.o)
 .debug_info    0x00009429     0x271c C:\Users\virskl\Downloads\MaxMatrix\async\2.3\orientation\Led_Anzeige\Led_Anzeige\ArduinoCore\Debug\libArduinoCore.a(Print.o)
 .debug_info    0x0000bb45      0x2bd C:\Users\virskl\Downloads\MaxMatrix\async\2.3\orientation\Led_Anzeige\Led_Anzeige\ArduinoCore\Debug\libArduinoCore.a(wiring.o)
 .debug_info    0x0000be02      0x5f9 C:\Users\virskl\Downloads\MaxMatrix\async\2.3\orientation\Led_Anzeige\Led_Anzeige\ArduinoCore\Debug\libArduinoCore.a(wiring_digital.o)
 .debug_info    0x0000c3fb      0x2a6 C:\Users\virskl\Downloads\MaxMatrix\async\2.3\orientation\Led_Anzeige\Led_Anzeige\ArduinoCore\Debug\libArduinoCore.a(wiring_shift.o)

.debug_abbrev   0x00000000     0x1d30
 *(.debug_abbrev)
 .debug_abbrev  0x00000000      0x443 Sketch.o
 .debug_abbrev  0x00000443      0x457 src/MaxMatrix.o
 .debug_abbrev  0x0000089a      0x1c0 src/TimerOne.o
 .debug_abbrev  0x00000a5a      0x2c8 src/TimerTwo.o
 .debug_abbrev  0x00000d22      0x3f1 C:\Users\virskl\Downloads\MaxMatrix\async\2.3\orientation\Led_Anzeige\Led_Anzeige\ArduinoCore\Debug\libArduinoCore.a(HardwareSerial.o)
 .debug_abbrev  0x00001113      0x344 C:\Users\virskl\Downloads\MaxMatrix\async\2.3\orientation\Led_Anzeige\Led_Anzeige\ArduinoCore\Debug\libArduinoCore.a(HardwareSerial0.o)
 .debug_abbrev  0x00001457       0xd7 C:\Users\virskl\Downloads\MaxMatrix\async\2.3\orientation\Led_Anzeige\Led_Anzeige\ArduinoCore\Debug\libArduinoCore.a(main.o)
 .debug_abbrev  0x0000152e      0x436 C:\Users\virskl\Downloads\MaxMatrix\async\2.3\orientation\Led_Anzeige\Led_Anzeige\ArduinoCore\Debug\libArduinoCore.a(Print.o)
 .debug_abbrev  0x00001964      0x145 C:\Users\virskl\Downloads\MaxMatrix\async\2.3\orientation\Led_Anzeige\Led_Anzeige\ArduinoCore\Debug\libArduinoCore.a(wiring.o)
 .debug_abbrev  0x00001aa9      0x15b C:\Users\virskl\Downloads\MaxMatrix\async\2.3\orientation\Led_Anzeige\Led_Anzeige\ArduinoCore\Debug\libArduinoCore.a(wiring_digital.o)
 .debug_abbrev  0x00001c04      0x12c C:\Users\virskl\Downloads\MaxMatrix\async\2.3\orientation\Led_Anzeige\Led_Anzeige\ArduinoCore\Debug\libArduinoCore.a(wiring_shift.o)

.debug_line     0x00000000     0x350c
 *(.debug_line .debug_line.* .debug_line_end)
 .debug_line    0x00000000      0x4d2 Sketch.o
 .debug_line    0x000004d2     0x1446 src/MaxMatrix.o
 .debug_line    0x00001918      0x3a5 src/TimerOne.o
 .debug_line    0x00001cbd      0x412 src/TimerTwo.o
 .debug_line    0x000020cf      0x424 C:\Users\virskl\Downloads\MaxMatrix\async\2.3\orientation\Led_Anzeige\Led_Anzeige\ArduinoCore\Debug\libArduinoCore.a(HardwareSerial.o)
 .debug_line    0x000024f3      0x257 C:\Users\virskl\Downloads\MaxMatrix\async\2.3\orientation\Led_Anzeige\Led_Anzeige\ArduinoCore\Debug\libArduinoCore.a(HardwareSerial0.o)
 .debug_line    0x0000274a      0x159 C:\Users\virskl\Downloads\MaxMatrix\async\2.3\orientation\Led_Anzeige\Led_Anzeige\ArduinoCore\Debug\libArduinoCore.a(main.o)
 .debug_line    0x000028a3      0x622 C:\Users\virskl\Downloads\MaxMatrix\async\2.3\orientation\Led_Anzeige\Led_Anzeige\ArduinoCore\Debug\libArduinoCore.a(Print.o)
 .debug_line    0x00002ec5      0x28f C:\Users\virskl\Downloads\MaxMatrix\async\2.3\orientation\Led_Anzeige\Led_Anzeige\ArduinoCore\Debug\libArduinoCore.a(wiring.o)
 .debug_line    0x00003154      0x252 C:\Users\virskl\Downloads\MaxMatrix\async\2.3\orientation\Led_Anzeige\Led_Anzeige\ArduinoCore\Debug\libArduinoCore.a(wiring_digital.o)
 .debug_line    0x000033a6      0x166 C:\Users\virskl\Downloads\MaxMatrix\async\2.3\orientation\Led_Anzeige\Led_Anzeige\ArduinoCore\Debug\libArduinoCore.a(wiring_shift.o)

.debug_frame    0x00000000     0x130c
 *(.debug_frame)
 .debug_frame   0x00000000       0xc0 Sketch.o
 .debug_frame   0x000000c0      0x7e4 src/MaxMatrix.o
 .debug_frame   0x000008a4      0x194 src/TimerOne.o
 .debug_frame   0x00000a38      0x158 src/TimerTwo.o
 .debug_frame   0x00000b90      0x104 C:\Users\virskl\Downloads\MaxMatrix\async\2.3\orientation\Led_Anzeige\Led_Anzeige\ArduinoCore\Debug\libArduinoCore.a(HardwareSerial.o)
 .debug_frame   0x00000c94       0xc0 C:\Users\virskl\Downloads\MaxMatrix\async\2.3\orientation\Led_Anzeige\Led_Anzeige\ArduinoCore\Debug\libArduinoCore.a(HardwareSerial0.o)
 .debug_frame   0x00000d54       0x44 C:\Users\virskl\Downloads\MaxMatrix\async\2.3\orientation\Led_Anzeige\Led_Anzeige\ArduinoCore\Debug\libArduinoCore.a(main.o)
 .debug_frame   0x00000d98      0x3b0 C:\Users\virskl\Downloads\MaxMatrix\async\2.3\orientation\Led_Anzeige\Led_Anzeige\ArduinoCore\Debug\libArduinoCore.a(Print.o)
 .debug_frame   0x00001148       0xbc C:\Users\virskl\Downloads\MaxMatrix\async\2.3\orientation\Led_Anzeige\Led_Anzeige\ArduinoCore\Debug\libArduinoCore.a(wiring.o)
 .debug_frame   0x00001204       0x7c C:\Users\virskl\Downloads\MaxMatrix\async\2.3\orientation\Led_Anzeige\Led_Anzeige\ArduinoCore\Debug\libArduinoCore.a(wiring_digital.o)
 .debug_frame   0x00001280       0x8c C:\Users\virskl\Downloads\MaxMatrix\async\2.3\orientation\Led_Anzeige\Led_Anzeige\ArduinoCore\Debug\libArduinoCore.a(wiring_shift.o)

.debug_str      0x00000000     0x2b58
 *(.debug_str)
 .debug_str     0x00000000     0x1051 Sketch.o
                               0x1190 (size before relaxing)
 .debug_str     0x00001051      0x28a src/MaxMatrix.o
                                0xece (size before relaxing)
 .debug_str     0x000012db       0x4f src/TimerOne.o
                                0x3ef (size before relaxing)
 .debug_str     0x0000132a      0x33d src/TimerTwo.o
                                0x671 (size before relaxing)
 .debug_str     0x00001667      0xec3 C:\Users\virskl\Downloads\MaxMatrix\async\2.3\orientation\Led_Anzeige\Led_Anzeige\ArduinoCore\Debug\libArduinoCore.a(HardwareSerial.o)
                               0x119a (size before relaxing)
 .debug_str     0x0000252a       0x47 C:\Users\virskl\Downloads\MaxMatrix\async\2.3\orientation\Led_Anzeige\Led_Anzeige\ArduinoCore\Debug\libArduinoCore.a(HardwareSerial0.o)
                                0xf94 (size before relaxing)
 .debug_str     0x00002571       0x32 C:\Users\virskl\Downloads\MaxMatrix\async\2.3\orientation\Led_Anzeige\Led_Anzeige\ArduinoCore\Debug\libArduinoCore.a(main.o)
                                0x260 (size before relaxing)
 .debug_str     0x000025a3      0x373 C:\Users\virskl\Downloads\MaxMatrix\async\2.3\orientation\Led_Anzeige\Led_Anzeige\ArduinoCore\Debug\libArduinoCore.a(Print.o)
                                0xe91 (size before relaxing)
 .debug_str     0x00002916      0x13e C:\Users\virskl\Downloads\MaxMatrix\async\2.3\orientation\Led_Anzeige\Led_Anzeige\ArduinoCore\Debug\libArduinoCore.a(wiring.o)
                                0x243 (size before relaxing)
 .debug_str     0x00002a54       0xc7 C:\Users\virskl\Downloads\MaxMatrix\async\2.3\orientation\Led_Anzeige\Led_Anzeige\ArduinoCore\Debug\libArduinoCore.a(wiring_digital.o)
                                0x2b1 (size before relaxing)
 .debug_str     0x00002b1b       0x3d C:\Users\virskl\Downloads\MaxMatrix\async\2.3\orientation\Led_Anzeige\Led_Anzeige\ArduinoCore\Debug\libArduinoCore.a(wiring_shift.o)
                                0x20e (size before relaxing)

.debug_loc      0x00000000     0x8668
 *(.debug_loc)
 .debug_loc     0x00000000      0x41d Sketch.o
 .debug_loc     0x0000041d     0x4574 src/MaxMatrix.o
 .debug_loc     0x00004991      0x6e2 src/TimerOne.o
 .debug_loc     0x00005073      0x5b6 src/TimerTwo.o
 .debug_loc     0x00005629      0x45a C:\Users\virskl\Downloads\MaxMatrix\async\2.3\orientation\Led_Anzeige\Led_Anzeige\ArduinoCore\Debug\libArduinoCore.a(HardwareSerial.o)
 .debug_loc     0x00005a83      0x161 C:\Users\virskl\Downloads\MaxMatrix\async\2.3\orientation\Led_Anzeige\Led_Anzeige\ArduinoCore\Debug\libArduinoCore.a(HardwareSerial0.o)
 .debug_loc     0x00005be4       0x26 C:\Users\virskl\Downloads\MaxMatrix\async\2.3\orientation\Led_Anzeige\Led_Anzeige\ArduinoCore\Debug\libArduinoCore.a(main.o)
 .debug_loc     0x00005c0a     0x1f4b C:\Users\virskl\Downloads\MaxMatrix\async\2.3\orientation\Led_Anzeige\Led_Anzeige\ArduinoCore\Debug\libArduinoCore.a(Print.o)
 .debug_loc     0x00007b55      0x249 C:\Users\virskl\Downloads\MaxMatrix\async\2.3\orientation\Led_Anzeige\Led_Anzeige\ArduinoCore\Debug\libArduinoCore.a(wiring.o)
 .debug_loc     0x00007d9e      0x5e3 C:\Users\virskl\Downloads\MaxMatrix\async\2.3\orientation\Led_Anzeige\Led_Anzeige\ArduinoCore\Debug\libArduinoCore.a(wiring_digital.o)
 .debug_loc     0x00008381      0x2e7 C:\Users\virskl\Downloads\MaxMatrix\async\2.3\orientation\Led_Anzeige\Led_Anzeige\ArduinoCore\Debug\libArduinoCore.a(wiring_shift.o)

.debug_macinfo
 *(.debug_macinfo)

.debug_weaknames
 *(.debug_weaknames)

.debug_funcnames
 *(.debug_funcnames)

.debug_typenames
 *(.debug_typenames)

.debug_varnames
 *(.debug_varnames)

.debug_pubtypes
 *(.debug_pubtypes)

.debug_ranges   0x00000000      0x798
 *(.debug_ranges)
 .debug_ranges  0x00000000       0x78 Sketch.o
 .debug_ranges  0x00000078      0x3e8 src/MaxMatrix.o
 .debug_ranges  0x00000460       0x70 src/TimerOne.o
 .debug_ranges  0x000004d0       0x70 src/TimerTwo.o
 .debug_ranges  0x00000540       0x70 C:\Users\virskl\Downloads\MaxMatrix\async\2.3\orientation\Led_Anzeige\Led_Anzeige\ArduinoCore\Debug\libArduinoCore.a(HardwareSerial.o)
 .debug_ranges  0x000005b0       0x28 C:\Users\virskl\Downloads\MaxMatrix\async\2.3\orientation\Led_Anzeige\Led_Anzeige\ArduinoCore\Debug\libArduinoCore.a(HardwareSerial0.o)
 .debug_ranges  0x000005d8       0x20 C:\Users\virskl\Downloads\MaxMatrix\async\2.3\orientation\Led_Anzeige\Led_Anzeige\ArduinoCore\Debug\libArduinoCore.a(main.o)
 .debug_ranges  0x000005f8      0x128 C:\Users\virskl\Downloads\MaxMatrix\async\2.3\orientation\Led_Anzeige\Led_Anzeige\ArduinoCore\Debug\libArduinoCore.a(Print.o)
 .debug_ranges  0x00000720       0x38 C:\Users\virskl\Downloads\MaxMatrix\async\2.3\orientation\Led_Anzeige\Led_Anzeige\ArduinoCore\Debug\libArduinoCore.a(wiring.o)
 .debug_ranges  0x00000758       0x28 C:\Users\virskl\Downloads\MaxMatrix\async\2.3\orientation\Led_Anzeige\Led_Anzeige\ArduinoCore\Debug\libArduinoCore.a(wiring_digital.o)
 .debug_ranges  0x00000780       0x18 C:\Users\virskl\Downloads\MaxMatrix\async\2.3\orientation\Led_Anzeige\Led_Anzeige\ArduinoCore\Debug\libArduinoCore.a(wiring_shift.o)

.debug_macro
 *(.debug_macro)
OUTPUT(Led_Anzeige.elf elf32-avr)
LOAD linker stubs
