Archive member included to satisfy reference by file (symbol)

C:\Users\virskl\DOCUME~1\GitHub\MAXMAT~1\async\2.5\ORIENT~1\LED_AN~1\LED_AN~1\ARDUIN~1\Debug\libArduinoCore.a(HardwareSerial.o)
                              Sketch.o (_ZN14HardwareSerial9availableEv)
C:\Users\virskl\DOCUME~1\GitHub\MAXMAT~1\async\2.5\ORIENT~1\LED_AN~1\LED_AN~1\ARDUIN~1\Debug\libArduinoCore.a(HardwareSerial0.o)
                              Sketch.o (Serial)
C:\Users\virskl\DOCUME~1\GitHub\MAXMAT~1\async\2.5\ORIENT~1\LED_AN~1\LED_AN~1\ARDUIN~1\Debug\libArduinoCore.a(main.o)
                              C:/Program Files (x86)/Atmel/Studio/7.0/Packs/atmel/ATmega_DFP/1.0.106/gcc/dev/atmega328p/avr5/crtatmega328p.o (main)
C:\Users\virskl\DOCUME~1\GitHub\MAXMAT~1\async\2.5\ORIENT~1\LED_AN~1\LED_AN~1\ARDUIN~1\Debug\libArduinoCore.a(Print.o)
                              C:\Users\virskl\DOCUME~1\GitHub\MAXMAT~1\async\2.5\ORIENT~1\LED_AN~1\LED_AN~1\ARDUIN~1\Debug\libArduinoCore.a(HardwareSerial.o) (_ZN5Print5writeEPKhj)
C:\Users\virskl\DOCUME~1\GitHub\MAXMAT~1\async\2.5\ORIENT~1\LED_AN~1\LED_AN~1\ARDUIN~1\Debug\libArduinoCore.a(wiring.o)
                              C:\Users\virskl\DOCUME~1\GitHub\MAXMAT~1\async\2.5\ORIENT~1\LED_AN~1\LED_AN~1\ARDUIN~1\Debug\libArduinoCore.a(main.o) (init)
C:\Users\virskl\DOCUME~1\GitHub\MAXMAT~1\async\2.5\ORIENT~1\LED_AN~1\LED_AN~1\ARDUIN~1\Debug\libArduinoCore.a(wiring_digital.o)
                              src/MaxMatrix.o (pinMode)
C:\Users\virskl\DOCUME~1\GitHub\MAXMAT~1\async\2.5\ORIENT~1\LED_AN~1\LED_AN~1\ARDUIN~1\Debug\libArduinoCore.a(wiring_shift.o)
                              src/MaxMatrix.o (shiftOut)
C:\Users\virskl\DOCUME~1\GitHub\MAXMAT~1\async\2.5\ORIENT~1\LED_AN~1\LED_AN~1\ARDUIN~1\Debug\libArduinoCore.a(abi.o)
                              C:\Users\virskl\DOCUME~1\GitHub\MAXMAT~1\async\2.5\ORIENT~1\LED_AN~1\LED_AN~1\ARDUIN~1\Debug\libArduinoCore.a(Print.o) (__cxa_pure_virtual)
C:\Users\virskl\DOCUME~1\GitHub\MAXMAT~1\async\2.5\ORIENT~1\LED_AN~1\LED_AN~1\ARDUIN~1\Debug\libArduinoCore.a(hooks.o)
                              C:\Users\virskl\DOCUME~1\GitHub\MAXMAT~1\async\2.5\ORIENT~1\LED_AN~1\LED_AN~1\ARDUIN~1\Debug\libArduinoCore.a(wiring.o) (yield)
c:/program files (x86)/atmel/studio/7.0/toolchain/avr8/avr8-gnu-toolchain/bin/../lib/gcc/avr/4.9.2/../../../../avr/lib/avr5\libm.a(addsf3.o)
                              C:\Users\virskl\DOCUME~1\GitHub\MAXMAT~1\async\2.5\ORIENT~1\LED_AN~1\LED_AN~1\ARDUIN~1\Debug\libArduinoCore.a(Print.o) (__subsf3)
c:/program files (x86)/atmel/studio/7.0/toolchain/avr8/avr8-gnu-toolchain/bin/../lib/gcc/avr/4.9.2/../../../../avr/lib/avr5\libm.a(addsf3x.o)
                              c:/program files (x86)/atmel/studio/7.0/toolchain/avr8/avr8-gnu-toolchain/bin/../lib/gcc/avr/4.9.2/../../../../avr/lib/avr5\libm.a(addsf3.o) (__addsf3x)
c:/program files (x86)/atmel/studio/7.0/toolchain/avr8/avr8-gnu-toolchain/bin/../lib/gcc/avr/4.9.2/../../../../avr/lib/avr5\libm.a(cmpsf2.o)
                              C:\Users\virskl\DOCUME~1\GitHub\MAXMAT~1\async\2.5\ORIENT~1\LED_AN~1\LED_AN~1\ARDUIN~1\Debug\libArduinoCore.a(Print.o) (__ltsf2)
c:/program files (x86)/atmel/studio/7.0/toolchain/avr8/avr8-gnu-toolchain/bin/../lib/gcc/avr/4.9.2/../../../../avr/lib/avr5\libm.a(divsf3.o)
                              C:\Users\virskl\DOCUME~1\GitHub\MAXMAT~1\async\2.5\ORIENT~1\LED_AN~1\LED_AN~1\ARDUIN~1\Debug\libArduinoCore.a(Print.o) (__divsf3)
c:/program files (x86)/atmel/studio/7.0/toolchain/avr8/avr8-gnu-toolchain/bin/../lib/gcc/avr/4.9.2/../../../../avr/lib/avr5\libm.a(divsf3x.o)
                              c:/program files (x86)/atmel/studio/7.0/toolchain/avr8/avr8-gnu-toolchain/bin/../lib/gcc/avr/4.9.2/../../../../avr/lib/avr5\libm.a(divsf3.o) (__divsf3x)
c:/program files (x86)/atmel/studio/7.0/toolchain/avr8/avr8-gnu-toolchain/bin/../lib/gcc/avr/4.9.2/../../../../avr/lib/avr5\libm.a(fixsfsi.o)
                              C:\Users\virskl\DOCUME~1\GitHub\MAXMAT~1\async\2.5\ORIENT~1\LED_AN~1\LED_AN~1\ARDUIN~1\Debug\libArduinoCore.a(Print.o) (__fixsfsi)
c:/program files (x86)/atmel/studio/7.0/toolchain/avr8/avr8-gnu-toolchain/bin/../lib/gcc/avr/4.9.2/../../../../avr/lib/avr5\libm.a(fixunssfsi.o)
                              C:\Users\virskl\DOCUME~1\GitHub\MAXMAT~1\async\2.5\ORIENT~1\LED_AN~1\LED_AN~1\ARDUIN~1\Debug\libArduinoCore.a(Print.o) (__fixunssfsi)
c:/program files (x86)/atmel/studio/7.0/toolchain/avr8/avr8-gnu-toolchain/bin/../lib/gcc/avr/4.9.2/../../../../avr/lib/avr5\libm.a(floatsisf.o)
                              C:\Users\virskl\DOCUME~1\GitHub\MAXMAT~1\async\2.5\ORIENT~1\LED_AN~1\LED_AN~1\ARDUIN~1\Debug\libArduinoCore.a(Print.o) (__floatunsisf)
c:/program files (x86)/atmel/studio/7.0/toolchain/avr8/avr8-gnu-toolchain/bin/../lib/gcc/avr/4.9.2/../../../../avr/lib/avr5\libm.a(fp_cmp.o)
[...]
Memory Configuration

Name             Origin             Length             Attributes
text             0x00000000         0x00020000         xr
data             0x00800060         0x0000ffa0         rw !x
eeprom           0x00810000         0x00010000         rw !x
fuse             0x00820000         0x00000400         rw !x
lock             0x00830000         0x00000400         rw !x
signature        0x00840000         0x00000400         rw !x
user_signatures  0x00850000         0x00000400         rw !x
*default*        0x00000000         0xffffffff

Linker script and memory map

Address of section .data set to 0x800100
LOAD C:/Program Files (x86)/Atmel/Studio/7.0/Packs/atmel/ATmega_DFP/1.0.106/gcc/dev/atmega328p/avr5/crtatmega328p.o
LOAD Sketch.o
LOAD src/MaxMatrix.o
LOAD src/TimerOne.o
LOAD src/TimerTwo.o
START GROUP
LOAD c:/program files (x86)/atmel/studio/7.0/toolchain/avr8/avr8-gnu-toolchain/bin/../lib/gcc/avr/4.9.2/../../../../avr/lib/avr5\libm.a
LOAD C:\Users\virskl\DOCUME~1\GitHub\MAXMAT~1\async\2.5\ORIENT~1\LED_AN~1\LED_AN~1\ARDUIN~1\Debug\libArduinoCore.a
END GROUP
LOAD c:/program files (x86)/atmel/studio/7.0/toolchain/avr8/avr8-gnu-toolchain/bin/../lib/gcc/avr/4.9.2/avr5\libgcc.a
LOAD c:/program files (x86)/atmel/studio/7.0/toolchain/avr8/avr8-gnu-toolchain/bin/../lib/gcc/avr/4.9.2/../../../../avr/lib/avr5\libm.a
START GROUP
LOAD c:/program files (x86)/atmel/studio/7.0/toolchain/avr8/avr8-gnu-toolchain/bin/../lib/gcc/avr/4.9.2/avr5\libgcc.a
LOAD c:/program files (x86)/atmel/studio/7.0/toolchain/avr8/avr8-gnu-toolchain/bin/../lib/gcc/avr/4.9.2/../../../../avr/lib/avr5\libm.a
LOAD c:/program files (x86)/atmel/studio/7.0/toolchain/avr8/avr8-gnu-toolchain/bin/../lib/gcc/avr/4.9.2/../../../../avr/lib/avr5\libc.a
LOAD C:/Program Files (x86)/Atmel/Studio/7.0/Packs/atmel/ATmega_DFP/1.0.106/gcc/dev/atmega328p/avr5\libatmega328p.a
END GROUP
                0x00020000                __TEXT_REGION_LENGTH__ = DEFINED (__TEXT_REGION_LENGTH__)?__TEXT_REGION_LENGTH__:0x20000
                0x0000ffa0                __DATA_REGION_LENGTH__ = DEFINED (__DATA_REGION_LENGTH__)?__DATA_REGION_LENGTH__:0xffa0
                0x00010000                __EEPROM_REGION_LENGTH__ = DEFINED (__EEPROM_REGION_LENGTH__)?__EEPROM_REGION_LENGTH__:0x10000
                0x00000400                __FUSE_REGION_LENGTH__ = DEFINED (__FUSE_REGION_LENGTH__)?__FUSE_REGION_LENGTH__:0x400
                0x00000400                __LOCK_REGION_LENGTH__ = DEFINED (__LOCK_REGION_LENGTH__)?__LOCK_REGION_LENGTH__:0x400
                0x00000400                __SIGNATURE_REGION_LENGTH__ = DEFINED (__SIGNATURE_REGION_LENGTH__)?__SIGNATURE_REGION_LENGTH__:0x400
                0x00000400                __USER_SIGNATURE_REGION_LENGTH__ = DEFINED (__USER_SIGNATURE_REGION_LENGTH__)?__USER_SIGNATURE_REGION_LENGTH__:0x400

.hash
 *(.hash)

.dynsym
 *(.dynsym)

.dynstr
 *(.dynstr)

.gnu.version
 *(.gnu.version)

.gnu.version_d
 *(.gnu.version_d)

.gnu.version_r
 *(.gnu.version_r)

.rel.init
 *(.rel.init)

.rela.init
 *(.rela.init)

.rel.text
 *(.rel.text)
 *(.rel.text.*)
 *(.rel.gnu.linkonce.t*)

.rela.text
 *(.rela.text)
 *(.rela.text.*)
 *(.rela.gnu.linkonce.t*)

.rel.fini
 *(.rel.fini)

.rela.fini
 *(.rela.fini)

.rel.rodata
 *(.rel.rodata)
 *(.rel.rodata.*)
 *(.rel.gnu.linkonce.r*)

.rela.rodata
 *(.rela.rodata)
 *(.rela.rodata.*)
 *(.rela.gnu.linkonce.r*)

.rel.data
 *(.rel.data)
 *(.rel.data.*)
 *(.rel.gnu.linkonce.d*)

.rela.data
 *(.rela.data)
 *(.rela.data.*)
 *(.rela.gnu.linkonce.d*)

.rel.ctors
 *(.rel.ctors)

.rela.ctors
 *(.rela.ctors)

.rel.dtors
 *(.rel.dtors)

.rela.dtors
 *(.rela.dtors)

.rel.got
 *(.rel.got)

.rela.got
 *(.rela.got)

.rel.bss
 *(.rel.bss)

.rela.bss
 *(.rela.bss)

.rel.plt
 *(.rel.plt)

.rela.plt
 *(.rela.plt)

.text           0x00000000     0x25da
 *(.vectors)
 .vectors       0x00000000       0x68 C:/Program Files (x86)/Atmel/Studio/7.0/Packs/atmel/ATmega_DFP/1.0.106/gcc/dev/atmega328p/avr5/crtatmega328p.o
                0x00000000                __vector_default
                0x00000000                __vectors
 *(.vectors)
 *(.progmem.gcc*)
                0x00000068                . = ALIGN (0x2)
                0x00000068                __trampolines_start = .
 *(.trampolines)
 .trampolines   0x00000068        0x0 linker stubs
 *(.trampolines*)
                0x00000068                __trampolines_end = .
 *libprintf_flt.a:*(.progmem.data)
 *libc.a:*(.progmem.data)
 *(.progmem*)
 .progmem.data._ZZ9printHelpvE3__c_2
                0x00000068       0x1b Sketch.o
 .progmem.data._ZZ9printHelpvE3__c_1
                0x00000083       0x37 Sketch.o
 .progmem.data._ZZ9printHelpvE3__c_0
                0x000000ba       0x2e Sketch.o
 .progmem.data._ZZ9printHelpvE3__c
                0x000000e8       0x17 Sketch.o
 .progmem.data._ZZ15uartInputHandlevE3__c_4
                0x000000ff       0x6c Sketch.o
 .progmem.data._ZZ15uartInputHandlevE3__c_3
                0x0000016b       0x13 Sketch.o
 .progmem.data._ZZ15uartInputHandlevE3__c_2
                0x0000017e       0x44 Sketch.o
 .progmem.data._ZZ15uartInputHandlevE3__c_1
                0x000001c2       0x13 Sketch.o
 .progmem.data._ZZ15uartInputHandlevE3__c_0
                0x000001d5       0x50 Sketch.o
 .progmem.data._ZZ15uartInputHandlevE3__c
                0x00000225       0x13 Sketch.o
 .progmem.data._ZL11SpriteTable
                0x00000238      0x2c3 src/MaxMatrix.o
 .progmem.data.digital_pin_to_timer_PGM
                0x000004fb       0x14 C:\Users\virskl\DOCUME~1\GitHub\MAXMAT~1\async\2.5\ORIENT~1\LED_AN~1\LED_AN~1\ARDUIN~1\Debug\libArduinoCore.a(wiring_digital.o)
                0x000004fb                digital_pin_to_timer_PGM
 .progmem.data.digital_pin_to_bit_mask_PGM
                0x0000050f       0x14 C:\Users\virskl\DOCUME~1\GitHub\MAXMAT~1\async\2.5\ORIENT~1\LED_AN~1\LED_AN~1\ARDUIN~1\Debug\libArduinoCore.a(wiring_digital.o)
                0x0000050f                digital_pin_to_bit_mask_PGM
 .progmem.data.digital_pin_to_port_PGM
                0x00000523       0x14 C:\Users\virskl\DOCUME~1\GitHub\MAXMAT~1\async\2.5\ORIENT~1\LED_AN~1\LED_AN~1\ARDUIN~1\Debug\libArduinoCore.a(wiring_digital.o)
                0x00000523                digital_pin_to_port_PGM
 .progmem.data.port_to_output_PGM
                0x00000537        0xa C:\Users\virskl\DOCUME~1\GitHub\MAXMAT~1\async\2.5\ORIENT~1\LED_AN~1\LED_AN~1\ARDUIN~1\Debug\libArduinoCore.a(wiring_digital.o)
                0x00000537                port_to_output_PGM
 .progmem.data.port_to_mode_PGM
                0x00000541        0xa C:\Users\virskl\DOCUME~1\GitHub\MAXMAT~1\async\2.5\ORIENT~1\LED_AN~1\LED_AN~1\ARDUIN~1\Debug\libArduinoCore.a(wiring_digital.o)
                0x00000541                port_to_mode_PGM
                0x0000054c                . = ALIGN (0x2)
 *fill*         0x0000054b        0x1 
 *(.jumptables)
 *(.jumptables*)
 *(.lowtext)
 *(.lowtext*)
                0x0000054c                __ctors_start = .
 *(.ctors)
 .ctors         0x0000054c        0x2 Sketch.o
 .ctors         0x0000054e        0x2 src/TimerTwo.o
 .ctors         0x00000550        0x2 C:\Users\virskl\DOCUME~1\GitHub\MAXMAT~1\async\2.5\ORIENT~1\LED_AN~1\LED_AN~1\ARDUIN~1\Debug\libArduinoCore.a(HardwareSerial0.o)
                0x00000552                __ctors_end = .
                0x00000552                __dtors_start = .
 *(.dtors)
 .dtors         0x00000552        0x2 Sketch.o
                0x00000554                __dtors_end = .
 SORT(*)(.ctors)
 SORT(*)(.dtors)
 *(.init0)
 .init0         0x00000554        0x0 C:/Program Files (x86)/Atmel/Studio/7.0/Packs/atmel/ATmega_DFP/1.0.106/gcc/dev/atmega328p/avr5/crtatmega328p.o
                0x00000554                __init
 *(.init0)
 *(.init1)
 *(.init1)
 *(.init2)
 .init2         0x00000554        0xc C:/Program Files (x86)/Atmel/Studio/7.0/Packs/atmel/ATmega_DFP/1.0.106/gcc/dev/atmega328p/avr5/crtatmega328p.o
 *(.init2)
 *(.init3)
 *(.init3)
 *(.init4)
 .init4         0x00000560       0x16 c:/program files (x86)/atmel/studio/7.0/toolchain/avr8/avr8-gnu-toolchain/bin/../lib/gcc/avr/4.9.2/avr5\libgcc.a(_copy_data.o)
                0x00000560                __do_copy_data
 .init4         0x00000576       0x10 c:/program files (x86)/atmel/studio/7.0/toolchain/avr8/avr8-gnu-toolchain/bin/../lib/gcc/avr/4.9.2/avr5\libgcc.a(_clear_bss.o)
                0x00000576                __do_clear_bss
 *(.init4)
 *(.init5)
 *(.init5)
 *(.init6)
 .init6         0x00000586       0x16 c:/program files (x86)/atmel/studio/7.0/toolchain/avr8/avr8-gnu-toolchain/bin/../lib/gcc/avr/4.9.2/avr5\libgcc.a(_ctors.o)
                0x00000586                __do_global_ctors
 *(.init6)
 *(.init7)
 *(.init7)
 *(.init8)
 *(.init8)
 *(.init9)
 .init9         0x0000059c        0x8 C:/Program Files (x86)/Atmel/Studio/7.0/Packs/atmel/ATmega_DFP/1.0.106/gcc/dev/atmega328p/avr5/crtatmega328p.o
 *(.init9)
 *(.text)
 .text          0x000005a4        0x4 C:/Program Files (x86)/Atmel/Studio/7.0/Packs/atmel/ATmega_DFP/1.0.106/gcc/dev/atmega328p/avr5/crtatmega328p.o
                0x000005a4                __vector_22
                0x000005a4                __vector_1
                0x000005a4                __vector_24
                0x000005a4                __vector_12
                0x000005a4                __bad_interrupt
                0x000005a4                __vector_6
                0x000005a4                __vector_3
                0x000005a4                __vector_23
                0x000005a4                __vector_25
                0x000005a4                __vector_11
                0x000005a4                __vector_17
                0x000005a4                __vector_7
                0x000005a4                __vector_5
                0x000005a4                __vector_4
                0x000005a4                __vector_2
                0x000005a4                __vector_21
                0x000005a4                __vector_15
                0x000005a4                __vector_8
                0x000005a4                __vector_14
                0x000005a4                __vector_10
                0x000005a4                __vector_20
                0x000005a8                . = ALIGN (0x2)
 *(.text.*)
 .text._Z8systTickv
                0x000005a8        0x8 Sketch.o
                0x000005a8                _Z8systTickv
 .text.setup    0x000005b0       0x76 Sketch.o
                0x000005b0                setup
 .text._Z9printHelpv
                0x00000626       0x30 Sketch.o
                0x00000626                _Z9printHelpv
 .text._Z15uartInputHandlev
                0x00000656      0x368 Sketch.o
                0x00000656                _Z15uartInputHandlev
 .text.loop     0x000009be       0x4e Sketch.o
                0x000009be                loop
 .text.startup._GLOBAL__sub_I_UartInput
                0x00000a0c        0xe Sketch.o
 .text.exit._GLOBAL__sub_D_UartInput
                0x00000a1a        0x8 Sketch.o
 .text._Z11serialEventv
                0x00000a22       0x50 Sketch.o
                0x00000a22                _Z11serialEventv
 .text._ZN9MaxMatrixC2Ehhh
                0x00000a72       0x3a src/MaxMatrix.o
                0x00000a72                _ZN9MaxMatrixC1Ehhh
                0x00000a72                _ZN9MaxMatrixC2Ehhh
 .text._ZN9MaxMatrixD2Ev
                0x00000aac        0x2 src/MaxMatrix.o
                0x00000aac                _ZN9MaxMatrixD1Ev
                0x00000aac                _ZN9MaxMatrixD2Ev
 .text._ZN9MaxMatrix13RegisterWriteEhh
                0x00000aae       0x58 src/MaxMatrix.o
                0x00000aae                _ZN9MaxMatrix13RegisterWriteEhh
 .text._ZN9MaxMatrix12setIntensityEh
                0x00000b06       0x14 src/MaxMatrix.o
                0x00000b06                _ZN9MaxMatrix12setIntensityEh
 .text._ZN9MaxMatrix16setTextWithShiftEPc
                0x00000b1a       0x1a src/MaxMatrix.o
                0x00000b1a                _ZN9MaxMatrix16setTextWithShiftEPc
 .text._ZN9MaxMatrix9getSpriteEhPA7_h
                0x00000b34       0x22 src/MaxMatrix.o
                0x00000b34                _ZN9MaxMatrix9getSpriteEhPA7_h
 .text._ZN9MaxMatrix20setSpaceBetweenCharsEh
                0x00000b56       0x10 src/MaxMatrix.o
                0x00000b56                _ZN9MaxMatrix20setSpaceBetweenCharsEh
 .text._ZN9MaxMatrix11reverseByteEh
                0x00000b66       0x24 src/MaxMatrix.o
                0x00000b66                _ZN9MaxMatrix11reverseByteEh
 .text._ZN9MaxMatrix6reloadEv
                0x00000b8a       0x80 src/MaxMatrix.o
                0x00000b8a                _ZN9MaxMatrix6reloadEv
 .text._ZN9MaxMatrix20setModuleOrientationE30MaxMatrixModuleOrientationType
                0x00000c0a      0x38c src/MaxMatrix.o
                0x00000c0a                _ZN9MaxMatrix20setModuleOrientationE30MaxMatrixModuleOrientationType
 .text._ZN9MaxMatrix19convertCharToSpriteEcPh
                0x00000f96       0x44 src/MaxMatrix.o
                0x00000f96                _ZN9MaxMatrix19convertCharToSpriteEcPh
 .text._ZN9MaxMatrix8getRowLLEhhPh
                0x00000fda       0xa4 src/MaxMatrix.o
                0x00000fda                _ZN9MaxMatrix8getRowLLEhhPh
 .text._ZN9MaxMatrix9getColumnEhPh
                0x0000107e       0xac src/MaxMatrix.o
                0x0000107e                _ZN9MaxMatrix9getColumnEhPh
 .text._ZN9MaxMatrix11setColumnLLEhh
                0x0000112a       0xa6 src/MaxMatrix.o
                0x0000112a                _ZN9MaxMatrix11setColumnLLEhh
 .text._ZN9MaxMatrix23setColumnOnAllModulesLLEhh
                0x000011d0       0x92 src/MaxMatrix.o
                0x000011d0                _ZN9MaxMatrix23setColumnOnAllModulesLLEhh
 .text._ZN9MaxMatrix5clearEv
                0x00001262       0x30 src/MaxMatrix.o
                0x00001262                _ZN9MaxMatrix5clearEv
 .text._ZN9MaxMatrix4initEv
                0x00001292       0x6a src/MaxMatrix.o
                0x00001292                _ZN9MaxMatrix4initEv
 .text._ZN9MaxMatrix8setRowLLEhhh
                0x000012fc       0xb6 src/MaxMatrix.o
                0x000012fc                _ZN9MaxMatrix8setRowLLEhhh
 .text._ZN9MaxMatrix9setColumnEhh
                0x000013b2       0xa2 src/MaxMatrix.o
                0x000013b2                _ZN9MaxMatrix9setColumnEhh
 .text._ZN9MaxMatrix6setDotEhhb
                0x00001454       0x8c src/MaxMatrix.o
                0x00001454                _ZN9MaxMatrix6setDotEhhb
 .text._ZN9MaxMatrix9setSpriteEiiPA7_Kh
                0x000014e0      0x126 src/MaxMatrix.o
                0x000014e0                _ZN9MaxMatrix9setSpriteEiiPA7_Kh
 .text._ZN9MaxMatrix7setTextEPKc
                0x00001606       0xa4 src/MaxMatrix.o
                0x00001606                _ZN9MaxMatrix7setTextEPKc
 .text._ZN9MaxMatrix11shiftLeftLLEbbb
                0x000016aa       0x90 src/MaxMatrix.o
                0x000016aa                _ZN9MaxMatrix11shiftLeftLLEbbb
 .text._ZN9MaxMatrix12shiftRightLLEbbb
                0x0000173a       0x94 src/MaxMatrix.o
                0x0000173a                _ZN9MaxMatrix12shiftRightLLEbbb
 .text._ZN9MaxMatrix9shiftUpLLEbb
                0x000017ce       0xe4 src/MaxMatrix.o
                0x000017ce                _ZN9MaxMatrix9shiftUpLLEbb
 .text._ZN9MaxMatrix11shiftDownLLEbb
                0x000018b2       0xda src/MaxMatrix.o
                0x000018b2                _ZN9MaxMatrix11shiftDownLLEbb
 .text._ZN9MaxMatrix9shiftLeftEbb
                0x0000198c       0x60 src/MaxMatrix.o
                0x0000198c                _ZN9MaxMatrix9shiftLeftEbb
 .text._ZN9MaxMatrix13charShiftTaskEv
                0x000019ec       0x5c src/MaxMatrix.o
                0x000019ec                _ZN9MaxMatrix13charShiftTaskEv
 .text._ZN9MaxMatrix15stringShiftTaskEv
                0x00001a48       0x8a src/MaxMatrix.o
                0x00001a48                _ZN9MaxMatrix15stringShiftTaskEv
 .text._ZN9MaxMatrix9shiftTaskEv
                0x00001ad2       0x28 src/MaxMatrix.o
                0x00001ad2                _ZN9MaxMatrix9shiftTaskEv
 .text.__vector_13
                0x00001afa       0x4e src/TimerOne.o
                0x00001afa                __vector_13
 .text._ZN8TimerOne9setPeriodEl
                0x00001b48       0xd0 src/TimerOne.o
                0x00001b48                _ZN8TimerOne9setPeriodEl
 .text._ZN8TimerOne10initializeEl
                0x00001c18        0xe src/TimerOne.o
                0x00001c18                _ZN8TimerOne10initializeEl
 .text._ZN8TimerOne6resumeEv
                0x00001c26       0x12 src/TimerOne.o
                0x00001c26                _ZN8TimerOne6resumeEv
 .text._ZN8TimerOne15attachInterruptEPFvvEl
                0x00001c38       0x36 src/TimerOne.o
                0x00001c38                _ZN8TimerOne15attachInterruptEPFvvEl
 .text.__vector_9
                0x00001c6e       0x4e src/TimerTwo.o
                0x00001c6e                __vector_9
 .text.startup._GLOBAL__sub_I_Timer2
                0x00001cbc        0xe src/TimerTwo.o
 .text._ZN14HardwareSerial9availableEv
                0x00001cca       0x18 C:\Users\virskl\DOCUME~1\GitHub\MAXMAT~1\async\2.5\ORIENT~1\LED_AN~1\LED_AN~1\ARDUIN~1\Debug\libArduinoCore.a(HardwareSerial.o)
                0x00001cca                _ZN14HardwareSerial9availableEv
 .text._ZN14HardwareSerial4peekEv
                0x00001ce2       0x1c C:\Users\virskl\DOCUME~1\GitHub\MAXMAT~1\async\2.5\ORIENT~1\LED_AN~1\LED_AN~1\ARDUIN~1\Debug\libArduinoCore.a(HardwareSerial.o)
                0x00001ce2                _ZN14HardwareSerial4peekEv
 .text._ZN14HardwareSerial4readEv
                0x00001cfe       0x28 C:\Users\virskl\DOCUME~1\GitHub\MAXMAT~1\async\2.5\ORIENT~1\LED_AN~1\LED_AN~1\ARDUIN~1\Debug\libArduinoCore.a(HardwareSerial.o)
                0x00001cfe                _ZN14HardwareSerial4readEv
 .text._Z14serialEventRunv
                0x00001d26       0x1c C:\Users\virskl\DOCUME~1\GitHub\MAXMAT~1\async\2.5\ORIENT~1\LED_AN~1\LED_AN~1\ARDUIN~1\Debug\libArduinoCore.a(HardwareSerial.o)
                0x00001d26                _Z14serialEventRunv
 .text._ZN14HardwareSerial17_tx_udr_empty_irqEv
                0x00001d42       0x42 C:\Users\virskl\DOCUME~1\GitHub\MAXMAT~1\async\2.5\ORIENT~1\LED_AN~1\LED_AN~1\ARDUIN~1\Debug\libArduinoCore.a(HardwareSerial.o)
                0x00001d42                _ZN14HardwareSerial17_tx_udr_empty_irqEv
 .text._ZN14HardwareSerial5flushEv
                0x00001d84       0x44 C:\Users\virskl\DOCUME~1\GitHub\MAXMAT~1\async\2.5\ORIENT~1\LED_AN~1\LED_AN~1\ARDUIN~1\Debug\libArduinoCore.a(HardwareSerial.o)
                0x00001d84                _ZN14HardwareSerial5flushEv
 .text._ZN14HardwareSerial5writeEh
                0x00001dc8       0x90 C:\Users\virskl\DOCUME~1\GitHub\MAXMAT~1\async\2.5\ORIENT~1\LED_AN~1\LED_AN~1\ARDUIN~1\Debug\libArduinoCore.a(HardwareSerial.o)
                0x00001dc8                _ZN14HardwareSerial5writeEh
 .text._ZN14HardwareSerial5beginEmh
                0x00001e58       0xca C:\Users\virskl\DOCUME~1\GitHub\MAXMAT~1\async\2.5\ORIENT~1\LED_AN~1\LED_AN~1\ARDUIN~1\Debug\libArduinoCore.a(HardwareSerial.o)
                0x00001e58                _ZN14HardwareSerial5beginEmh
 .text.__vector_18
                0x00001f22       0x64 C:\Users\virskl\DOCUME~1\GitHub\MAXMAT~1\async\2.5\ORIENT~1\LED_AN~1\LED_AN~1\ARDUIN~1\Debug\libArduinoCore.a(HardwareSerial0.o)
                0x00001f22                __vector_18
 .text.__vector_19
                0x00001f86       0x4c C:\Users\virskl\DOCUME~1\GitHub\MAXMAT~1\async\2.5\ORIENT~1\LED_AN~1\LED_AN~1\ARDUIN~1\Debug\libArduinoCore.a(HardwareSerial0.o)
                0x00001f86                __vector_19
 .text._Z17Serial0_availablev
                0x00001fd2       0x14 C:\Users\virskl\DOCUME~1\GitHub\MAXMAT~1\async\2.5\ORIENT~1\LED_AN~1\LED_AN~1\ARDUIN~1\Debug\libArduinoCore.a(HardwareSerial0.o)
                0x00001fd2                _Z17Serial0_availablev
 .text.startup._GLOBAL__sub_I___vector_18
                0x00001fe6       0x5a C:\Users\virskl\DOCUME~1\GitHub\MAXMAT~1\async\2.5\ORIENT~1\LED_AN~1\LED_AN~1\ARDUIN~1\Debug\libArduinoCore.a(HardwareSerial0.o)
 .text.initVariant
                0x00002040        0x2 C:\Users\virskl\DOCUME~1\GitHub\MAXMAT~1\async\2.5\ORIENT~1\LED_AN~1\LED_AN~1\ARDUIN~1\Debug\libArduinoCore.a(main.o)
                0x00002040                initVariant
 .text.startup.main
                0x00002042       0x1e C:\Users\virskl\DOCUME~1\GitHub\MAXMAT~1\async\2.5\ORIENT~1\LED_AN~1\LED_AN~1\ARDUIN~1\Debug\libArduinoCore.a(main.o)
                0x00002042                main
 .text._ZN5Print5writeEPKhj
                0x00002060       0x50 C:\Users\virskl\DOCUME~1\GitHub\MAXMAT~1\async\2.5\ORIENT~1\LED_AN~1\LED_AN~1\ARDUIN~1\Debug\libArduinoCore.a(Print.o)
                0x00002060                _ZN5Print5writeEPKhj
 .text._ZN5Print5writeEPKc
                0x000020b0       0x2a C:\Users\virskl\DOCUME~1\GitHub\MAXMAT~1\async\2.5\ORIENT~1\LED_AN~1\LED_AN~1\ARDUIN~1\Debug\libArduinoCore.a(Print.o)
                0x000020b0                _ZN5Print5writeEPKc
 .text._ZN5Print5printEPK19__FlashStringHelper
                0x000020da       0x46 C:\Users\virskl\DOCUME~1\GitHub\MAXMAT~1\async\2.5\ORIENT~1\LED_AN~1\LED_AN~1\ARDUIN~1\Debug\libArduinoCore.a(Print.o)
                0x000020da                _ZN5Print5printEPK19__FlashStringHelper
 .text._ZN5Print5printEc
                0x00002120        0xe C:\Users\virskl\DOCUME~1\GitHub\MAXMAT~1\async\2.5\ORIENT~1\LED_AN~1\LED_AN~1\ARDUIN~1\Debug\libArduinoCore.a(Print.o)
                0x00002120                _ZN5Print5printEc
 .text._ZN5Print7printlnEv
                0x0000212e       0x28 C:\Users\virskl\DOCUME~1\GitHub\MAXMAT~1\async\2.5\ORIENT~1\LED_AN~1\LED_AN~1\ARDUIN~1\Debug\libArduinoCore.a(Print.o)
                0x0000212e                _ZN5Print7printlnEv
 .text._ZN5Print7printlnEPK19__FlashStringHelper
                0x00002156       0x24 C:\Users\virskl\DOCUME~1\GitHub\MAXMAT~1\async\2.5\ORIENT~1\LED_AN~1\LED_AN~1\ARDUIN~1\Debug\libArduinoCore.a(Print.o)
                0x00002156                _ZN5Print7printlnEPK19__FlashStringHelper
 .text._ZN5Print7printlnEPKc
                0x0000217a       0x24 C:\Users\virskl\DOCUME~1\GitHub\MAXMAT~1\async\2.5\ORIENT~1\LED_AN~1\LED_AN~1\ARDUIN~1\Debug\libArduinoCore.a(Print.o)
                0x0000217a                _ZN5Print7printlnEPKc
 .text.__vector_16
                0x0000219e       0x94 C:\Users\virskl\DOCUME~1\GitHub\MAXMAT~1\async\2.5\ORIENT~1\LED_AN~1\LED_AN~1\ARDUIN~1\Debug\libArduinoCore.a(wiring.o)
                0x0000219e                __vector_16
 .text.init     0x00002232       0x76 C:\Users\virskl\DOCUME~1\GitHub\MAXMAT~1\async\2.5\ORIENT~1\LED_AN~1\LED_AN~1\ARDUIN~1\Debug\libArduinoCore.a(wiring.o)
                0x00002232                init
 .text.turnOffPWM
                0x000022a8       0x52 C:\Users\virskl\DOCUME~1\GitHub\MAXMAT~1\async\2.5\ORIENT~1\LED_AN~1\LED_AN~1\ARDUIN~1\Debug\libArduinoCore.a(wiring_digital.o)
 .text.pinMode  0x000022fa       0x78 C:\Users\virskl\DOCUME~1\GitHub\MAXMAT~1\async\2.5\ORIENT~1\LED_AN~1\LED_AN~1\ARDUIN~1\Debug\libArduinoCore.a(wiring_digital.o)
                0x000022fa                pinMode
 .text.digitalWrite
                0x00002372       0x60 C:\Users\virskl\DOCUME~1\GitHub\MAXMAT~1\async\2.5\ORIENT~1\LED_AN~1\LED_AN~1\ARDUIN~1\Debug\libArduinoCore.a(wiring_digital.o)
                0x00002372                digitalWrite
 .text.shiftOut
                0x000023d2       0x76 C:\Users\virskl\DOCUME~1\GitHub\MAXMAT~1\async\2.5\ORIENT~1\LED_AN~1\LED_AN~1\ARDUIN~1\Debug\libArduinoCore.a(wiring_shift.o)
                0x000023d2                shiftOut
 .text.libgcc.div
                0x00002448       0x44 c:/program files (x86)/atmel/studio/7.0/toolchain/avr8/avr8-gnu-toolchain/bin/../lib/gcc/avr/4.9.2/avr5\libgcc.a(_udivmodsi4.o)
                0x00002448                __udivmodsi4
 .text.libgcc.mul
                0x0000248c        0xe c:/program files (x86)/atmel/studio/7.0/toolchain/avr8/avr8-gnu-toolchain/bin/../lib/gcc/avr/4.9.2/avr5\libgcc.a(_usmulhisi3.o)
                0x0000248c                __usmulhisi3
                0x00002490                __usmulhisi3_tail
 .text.libgcc   0x0000249a        0xc c:/program files (x86)/atmel/studio/7.0/toolchain/avr8/avr8-gnu-toolchain/bin/../lib/gcc/avr/4.9.2/avr5\libgcc.a(_tablejump2.o)
                0x0000249a                __tablejump2__
 .text.libgcc.mul
                0x000024a6       0x1e c:/program files (x86)/atmel/studio/7.0/toolchain/avr8/avr8-gnu-toolchain/bin/../lib/gcc/avr/4.9.2/avr5\libgcc.a(_umulhisi3.o)
                0x000024a6                __umulhisi3
 .text.avr-libc
                0x000024c4       0x3c c:/program files (x86)/atmel/studio/7.0/toolchain/avr8/avr8-gnu-toolchain/bin/../lib/gcc/avr/4.9.2/../../../../avr/lib/avr5\libc.a(atoi.o)
                0x000024c4                atoi
 .text.avr-libc
                0x00002500       0x12 c:/program files (x86)/atmel/studio/7.0/toolchain/avr8/avr8-gnu-toolchain/bin/../lib/gcc/avr/4.9.2/../../../../avr/lib/avr5\libc.a(memcpy_P.o)
                0x00002500                memcpy_P
 .text.avr-libc
                0x00002512        0xa c:/program files (x86)/atmel/studio/7.0/toolchain/avr8/avr8-gnu-toolchain/bin/../lib/gcc/avr/4.9.2/../../../../avr/lib/avr5\libc.a(strtok.o)
                0x00002512                strtok
 .text.avr-libc
                0x0000251c       0x16 c:/program files (x86)/atmel/studio/7.0/toolchain/avr8/avr8-gnu-toolchain/bin/../lib/gcc/avr/4.9.2/../../../../avr/lib/avr5\libc.a(strchr.o)
                0x0000251c                strchr
 .text.avr-libc
                0x00002532       0x12 c:/program files (x86)/atmel/studio/7.0/toolchain/avr8/avr8-gnu-toolchain/bin/../lib/gcc/avr/4.9.2/../../../../avr/lib/avr5\libc.a(strcmp.o)
                0x00002532                strcmp
 .text.avr-libc
                0x00002544       0x1e c:/program files (x86)/atmel/studio/7.0/toolchain/avr8/avr8-gnu-toolchain/bin/../lib/gcc/avr/4.9.2/../../../../avr/lib/avr5\libc.a(strncpy.o)
                0x00002544                strncpy
 .text.avr-libc
                0x00002562       0x4e c:/program files (x86)/atmel/studio/7.0/toolchain/avr8/avr8-gnu-toolchain/bin/../lib/gcc/avr/4.9.2/../../../../avr/lib/avr5\libc.a(strtok_r.o)
                0x00002562                strtok_r
 .text.avr-libc
                0x000025b0       0x10 c:/program files (x86)/atmel/studio/7.0/toolchain/avr8/avr8-gnu-toolchain/bin/../lib/gcc/avr/4.9.2/../../../../avr/lib/avr5\libc.a(mul10.o)
                0x000025b0                __mulhi_const_10
                0x000025c0                . = ALIGN (0x2)
 *(.fini9)
 .fini9         0x000025c0        0x0 c:/program files (x86)/atmel/studio/7.0/toolchain/avr8/avr8-gnu-toolchain/bin/../lib/gcc/avr/4.9.2/avr5\libgcc.a(_exit.o)
                0x000025c0                _exit
                0x000025c0                exit
 *(.fini9)
 *(.fini8)
 *(.fini8)
 *(.fini7)
 *(.fini7)
 *(.fini6)
 .fini6         0x000025c0       0x16 c:/program files (x86)/atmel/studio/7.0/toolchain/avr8/avr8-gnu-toolchain/bin/../lib/gcc/avr/4.9.2/avr5\libgcc.a(_dtors.o)
                0x000025c0                __do_global_dtors
 *(.fini6)
 *(.fini5)
 *(.fini5)
 *(.fini4)
 *(.fini4)
 *(.fini3)
 *(.fini3)
 *(.fini2)
 *(.fini2)
 *(.fini1)
 *(.fini1)
 *(.fini0)
 .fini0         0x000025d6        0x4 c:/program files (x86)/atmel/studio/7.0/toolchain/avr8/avr8-gnu-toolchain/bin/../lib/gcc/avr/4.9.2/avr5\libgcc.a(_exit.o)
 *(.fini0)
                0x000025da                _etext = .

.data           0x00800100       0x62 load address 0x000025da
                0x00800100                PROVIDE (__data_start, .)
 *(.data)
 *(.data*)
 *(.rodata)
 *(.rodata*)
 .rodata.str1.1
                0x00800100       0x51 Sketch.o
 .rodata._ZTV14HardwareSerial
                0x00800151       0x10 C:\Users\virskl\DOCUME~1\GitHub\MAXMAT~1\async\2.5\ORIENT~1\LED_AN~1\LED_AN~1\ARDUIN~1\Debug\libArduinoCore.a(HardwareSerial.o)
                0x00800151                _ZTV14HardwareSerial
 *(.gnu.linkonce.d*)
                0x00800162                . = ALIGN (0x2)
 *fill*         0x00800161        0x1 
                0x00800162                _edata = .
                0x00800162                PROVIDE (__data_end, .)

.bss            0x00800162      0x1a5
                0x00800162                PROVIDE (__bss_start, .)
 *(.bss)
 .bss           0x00800162        0x2 c:/program files (x86)/atmel/studio/7.0/toolchain/avr8/avr8-gnu-toolchain/bin/../lib/gcc/avr/4.9.2/../../../../avr/lib/avr5\libc.a(strtok.o)
 *(.bss*)
 .bss.State     0x00800164        0x1 Sketch.o
                0x00800164                State
 .bss.Matrix    0x00800165       0x30 Sketch.o
                0x00800165                Matrix
 .bss.Timer1Overflow
                0x00800195        0x1 Sketch.o
                0x00800195                Timer1Overflow
 .bss.MaxMatrixText
                0x00800196       0x5a Sketch.o
                0x00800196                MaxMatrixText
 .bss.UartInputComplete
                0x008001f0        0x1 Sketch.o
                0x008001f0                UartInputComplete
 .bss.UartInput
                0x008001f1       0x64 Sketch.o
                0x008001f1                UartInput
 .bss.Timer1    0x00800255        0x6 src/TimerOne.o
                0x00800255                Timer1
 .bss.Timer2    0x0080025b        0x6 src/TimerTwo.o
                0x0080025b                Timer2
 .bss.Serial    0x00800261       0x9d C:\Users\virskl\DOCUME~1\GitHub\MAXMAT~1\async\2.5\ORIENT~1\LED_AN~1\LED_AN~1\ARDUIN~1\Debug\libArduinoCore.a(HardwareSerial0.o)
                0x00800261                Serial
 .bss.timer0_fract
                0x008002fe        0x1 C:\Users\virskl\DOCUME~1\GitHub\MAXMAT~1\async\2.5\ORIENT~1\LED_AN~1\LED_AN~1\ARDUIN~1\Debug\libArduinoCore.a(wiring.o)
 .bss.timer0_millis
                0x008002ff        0x4 C:\Users\virskl\DOCUME~1\GitHub\MAXMAT~1\async\2.5\ORIENT~1\LED_AN~1\LED_AN~1\ARDUIN~1\Debug\libArduinoCore.a(wiring.o)
                0x008002ff                timer0_millis
 .bss.timer0_overflow_count
                0x00800303        0x4 C:\Users\virskl\DOCUME~1\GitHub\MAXMAT~1\async\2.5\ORIENT~1\LED_AN~1\LED_AN~1\ARDUIN~1\Debug\libArduinoCore.a(wiring.o)
                0x00800303                timer0_overflow_count
 *(COMMON)
                0x00800307                PROVIDE (__bss_end, .)
                0x000025da                __data_load_start = LOADADDR (.data)
                0x0000263c                __data_load_end = (__data_load_start + SIZEOF (.data))

.noinit         0x00800307        0x0
                [!provide]                PROVIDE (__noinit_start, .)
 *(.noinit*)
                [!provide]                PROVIDE (__noinit_end, .)
                0x00800307                _end = .
                [!provide]                PROVIDE (__heap_start, .)

.eeprom         0x00810000        0x0
 *(.eeprom*)
                0x00810000                __eeprom_end = .

.fuse
 *(.fuse)
 *(.lfuse)
 *(.hfuse)
 *(.efuse)

.lock
 *(.lock*)

.signature
 *(.signature*)

.user_signatures
 *(.user_signatures*)

.stab
 *(.stab)

.stabstr
 *(.stabstr)

.stab.excl
 *(.stab.excl)

.stab.exclstr
 *(.stab.exclstr)

.stab.index
 *(.stab.index)

.stab.indexstr
 *(.stab.indexstr)

.comment        0x00000000       0x30
 *(.comment)
 .comment       0x00000000       0x30 Sketch.o
                                 0x31 (size before relaxing)
 .comment       0x00000030       0x31 src/MaxMatrix.o
 .comment       0x00000030       0x31 src/TimerOne.o
 .comment       0x00000030       0x31 src/TimerTwo.o
 .comment       0x00000030       0x31 C:\Users\virskl\DOCUME~1\GitHub\MAXMAT~1\async\2.5\ORIENT~1\LED_AN~1\LED_AN~1\ARDUIN~1\Debug\libArduinoCore.a(HardwareSerial.o)
 .comment       0x00000030       0x31 C:\Users\virskl\DOCUME~1\GitHub\MAXMAT~1\async\2.5\ORIENT~1\LED_AN~1\LED_AN~1\ARDUIN~1\Debug\libArduinoCore.a(HardwareSerial0.o)
 .comment       0x00000030       0x31 C:\Users\virskl\DOCUME~1\GitHub\MAXMAT~1\async\2.5\ORIENT~1\LED_AN~1\LED_AN~1\ARDUIN~1\Debug\libArduinoCore.a(main.o)
 .comment       0x00000030       0x31 C:\Users\virskl\DOCUME~1\GitHub\MAXMAT~1\async\2.5\ORIENT~1\LED_AN~1\LED_AN~1\ARDUIN~1\Debug\libArduinoCore.a(Print.o)
 .comment       0x00000030       0x31 C:\Users\virskl\DOCUME~1\GitHub\MAXMAT~1\async\2.5\ORIENT~1\LED_AN~1\LED_AN~1\ARDUIN~1\Debug\libArduinoCore.a(wiring.o)
 .comment       0x00000030       0x31 C:\Users\virskl\DOCUME~1\GitHub\MAXMAT~1\async\2.5\ORIENT~1\LED_AN~1\LED_AN~1\ARDUIN~1\Debug\libArduinoCore.a(wiring_digital.o)
 .comment       0x00000030       0x31 C:\Users\virskl\DOCUME~1\GitHub\MAXMAT~1\async\2.5\ORIENT~1\LED_AN~1\LED_AN~1\ARDUIN~1\Debug\libArduinoCore.a(wiring_shift.o)
 .comment       0x00000030       0x31 c:/program files (x86)/atmel/studio/7.0/toolchain/avr8/avr8-gnu-toolchain/bin/../lib/gcc/avr/4.9.2/../../../../avr/lib/avr5\libc.a(strtok.o)

.note.gnu.avr.deviceinfo
                0x00000000       0x40
 .note.gnu.avr.deviceinfo
                0x00000000       0x40 C:/Program Files (x86)/Atmel/Studio/7.0/Packs/atmel/ATmega_DFP/1.0.106/gcc/dev/atmega328p/avr5/crtatmega328p.o

.note.gnu.build-id
 *(.note.gnu.build-id)

.debug
 *(.debug)

.line
 *(.line)

.debug_srcinfo
 *(.debug_srcinfo)

.debug_sfnames
 *(.debug_sfnames)

.debug_aranges  0x00000000      0x560
 *(.debug_aranges)
 .debug_aranges
                0x00000000       0x58 Sketch.o
 .debug_aranges
                0x00000058      0x188 src/MaxMatrix.o
 .debug_aranges
                0x000001e0       0x80 src/TimerOne.o
 .debug_aranges
                0x00000260       0x98 src/TimerTwo.o
 .debug_aranges
                0x000002f8       0x68 C:\Users\virskl\DOCUME~1\GitHub\MAXMAT~1\async\2.5\ORIENT~1\LED_AN~1\LED_AN~1\ARDUIN~1\Debug\libArduinoCore.a(HardwareSerial.o)
 .debug_aranges
                0x00000360       0x38 C:\Users\virskl\DOCUME~1\GitHub\MAXMAT~1\async\2.5\ORIENT~1\LED_AN~1\LED_AN~1\ARDUIN~1\Debug\libArduinoCore.a(HardwareSerial0.o)
 .debug_aranges
                0x00000398       0x30 C:\Users\virskl\DOCUME~1\GitHub\MAXMAT~1\async\2.5\ORIENT~1\LED_AN~1\LED_AN~1\ARDUIN~1\Debug\libArduinoCore.a(main.o)
 .debug_aranges
                0x000003c8       0xf0 C:\Users\virskl\DOCUME~1\GitHub\MAXMAT~1\async\2.5\ORIENT~1\LED_AN~1\LED_AN~1\ARDUIN~1\Debug\libArduinoCore.a(Print.o)
 .debug_aranges
                0x000004b8       0x48 C:\Users\virskl\DOCUME~1\GitHub\MAXMAT~1\async\2.5\ORIENT~1\LED_AN~1\LED_AN~1\ARDUIN~1\Debug\libArduinoCore.a(wiring.o)
 .debug_aranges
                0x00000500       0x38 C:\Users\virskl\DOCUME~1\GitHub\MAXMAT~1\async\2.5\ORIENT~1\LED_AN~1\LED_AN~1\ARDUIN~1\Debug\libArduinoCore.a(wiring_digital.o)
 .debug_aranges
                0x00000538       0x28 C:\Users\virskl\DOCUME~1\GitHub\MAXMAT~1\async\2.5\ORIENT~1\LED_AN~1\LED_AN~1\ARDUIN~1\Debug\libArduinoCore.a(wiring_shift.o)

.debug_pubnames
 *(.debug_pubnames)

.debug_info     0x00000000     0xc9da
 *(.debug_info .gnu.linkonce.wi.*)
 .debug_info    0x00000000     0x1e1e Sketch.o
 .debug_info    0x00001e1e     0x3523 src/MaxMatrix.o
 .debug_info    0x00005341      0x68d src/TimerOne.o
 .debug_info    0x000059ce      0xa86 src/TimerTwo.o
 .debug_info    0x00006454     0x1a79 C:\Users\virskl\DOCUME~1\GitHub\MAXMAT~1\async\2.5\ORIENT~1\LED_AN~1\LED_AN~1\ARDUIN~1\Debug\libArduinoCore.a(HardwareSerial.o)
 .debug_info    0x00007ecd     0x16a5 C:\Users\virskl\DOCUME~1\GitHub\MAXMAT~1\async\2.5\ORIENT~1\LED_AN~1\LED_AN~1\ARDUIN~1\Debug\libArduinoCore.a(HardwareSerial0.o)
 .debug_info    0x00009572      0x1f0 C:\Users\virskl\DOCUME~1\GitHub\MAXMAT~1\async\2.5\ORIENT~1\LED_AN~1\LED_AN~1\ARDUIN~1\Debug\libArduinoCore.a(main.o)
 .debug_info    0x00009762     0x271c C:\Users\virskl\DOCUME~1\GitHub\MAXMAT~1\async\2.5\ORIENT~1\LED_AN~1\LED_AN~1\ARDUIN~1\Debug\libArduinoCore.a(Print.o)
 .debug_info    0x0000be7e      0x2bd C:\Users\virskl\DOCUME~1\GitHub\MAXMAT~1\async\2.5\ORIENT~1\LED_AN~1\LED_AN~1\ARDUIN~1\Debug\libArduinoCore.a(wiring.o)
 .debug_info    0x0000c13b      0x5f9 C:\Users\virskl\DOCUME~1\GitHub\MAXMAT~1\async\2.5\ORIENT~1\LED_AN~1\LED_AN~1\ARDUIN~1\Debug\libArduinoCore.a(wiring_digital.o)
 .debug_info    0x0000c734      0x2a6 C:\Users\virskl\DOCUME~1\GitHub\MAXMAT~1\async\2.5\ORIENT~1\LED_AN~1\LED_AN~1\ARDUIN~1\Debug\libArduinoCore.a(wiring_shift.o)

.debug_abbrev   0x00000000     0x1d85
 *(.debug_abbrev)
 .debug_abbrev  0x00000000      0x434 Sketch.o
 .debug_abbrev  0x00000434      0x446 src/MaxMatrix.o
 .debug_abbrev  0x0000087a      0x1c0 src/TimerOne.o
 .debug_abbrev  0x00000a3a      0x33d src/TimerTwo.o
 .debug_abbrev  0x00000d77      0x3f1 C:\Users\virskl\DOCUME~1\GitHub\MAXMAT~1\async\2.5\ORIENT~1\LED_AN~1\LED_AN~1\ARDUIN~1\Debug\libArduinoCore.a(HardwareSerial.o)
 .debug_abbrev  0x00001168      0x344 C:\Users\virskl\DOCUME~1\GitHub\MAXMAT~1\async\2.5\ORIENT~1\LED_AN~1\LED_AN~1\ARDUIN~1\Debug\libArduinoCore.a(HardwareSerial0.o)
 .debug_abbrev  0x000014ac       0xd7 C:\Users\virskl\DOCUME~1\GitHub\MAXMAT~1\async\2.5\ORIENT~1\LED_AN~1\LED_AN~1\ARDUIN~1\Debug\libArduinoCore.a(main.o)
 .debug_abbrev  0x00001583      0x436 C:\Users\virskl\DOCUME~1\GitHub\MAXMAT~1\async\2.5\ORIENT~1\LED_AN~1\LED_AN~1\ARDUIN~1\Debug\libArduinoCore.a(Print.o)
 .debug_abbrev  0x000019b9      0x145 C:\Users\virskl\DOCUME~1\GitHub\MAXMAT~1\async\2.5\ORIENT~1\LED_AN~1\LED_AN~1\ARDUIN~1\Debug\libArduinoCore.a(wiring.o)
 .debug_abbrev  0x00001afe      0x15b C:\Users\virskl\DOCUME~1\GitHub\MAXMAT~1\async\2.5\ORIENT~1\LED_AN~1\LED_AN~1\ARDUIN~1\Debug\libArduinoCore.a(wiring_digital.o)
 .debug_abbrev  0x00001c59      0x12c C:\Users\virskl\DOCUME~1\GitHub\MAXMAT~1\async\2.5\ORIENT~1\LED_AN~1\LED_AN~1\ARDUIN~1\Debug\libArduinoCore.a(wiring_shift.o)

.debug_line     0x00000000     0x36cf
 *(.debug_line .debug_line.* .debug_line_end)
 .debug_line    0x00000000      0x509 Sketch.o
 .debug_line    0x00000509     0x14f6 src/MaxMatrix.o
 .debug_line    0x000019ff      0x3a5 src/TimerOne.o
 .debug_line    0x00001da4      0x4ee src/TimerTwo.o
 .debug_line    0x00002292      0x424 C:\Users\virskl\DOCUME~1\GitHub\MAXMAT~1\async\2.5\ORIENT~1\LED_AN~1\LED_AN~1\ARDUIN~1\Debug\libArduinoCore.a(HardwareSerial.o)
 .debug_line    0x000026b6      0x257 C:\Users\virskl\DOCUME~1\GitHub\MAXMAT~1\async\2.5\ORIENT~1\LED_AN~1\LED_AN~1\ARDUIN~1\Debug\libArduinoCore.a(HardwareSerial0.o)
 .debug_line    0x0000290d      0x159 C:\Users\virskl\DOCUME~1\GitHub\MAXMAT~1\async\2.5\ORIENT~1\LED_AN~1\LED_AN~1\ARDUIN~1\Debug\libArduinoCore.a(main.o)
 .debug_line    0x00002a66      0x622 C:\Users\virskl\DOCUME~1\GitHub\MAXMAT~1\async\2.5\ORIENT~1\LED_AN~1\LED_AN~1\ARDUIN~1\Debug\libArduinoCore.a(Print.o)
 .debug_line    0x00003088      0x28f C:\Users\virskl\DOCUME~1\GitHub\MAXMAT~1\async\2.5\ORIENT~1\LED_AN~1\LED_AN~1\ARDUIN~1\Debug\libArduinoCore.a(wiring.o)
 .debug_line    0x00003317      0x252 C:\Users\virskl\DOCUME~1\GitHub\MAXMAT~1\async\2.5\ORIENT~1\LED_AN~1\LED_AN~1\ARDUIN~1\Debug\libArduinoCore.a(wiring_digital.o)
 .debug_line    0x00003569      0x166 C:\Users\virskl\DOCUME~1\GitHub\MAXMAT~1\async\2.5\ORIENT~1\LED_AN~1\LED_AN~1\ARDUIN~1\Debug\libArduinoCore.a(wiring_shift.o)

.debug_frame    0x00000000     0x13f4
 *(.debug_frame)
 .debug_frame   0x00000000       0xc0 Sketch.o
 .debug_frame   0x000000c0      0x874 src/MaxMatrix.o
 .debug_frame   0x00000934      0x194 src/TimerOne.o
 .debug_frame   0x00000ac8      0x1b0 src/TimerTwo.o
 .debug_frame   0x00000c78      0x104 C:\Users\virskl\DOCUME~1\GitHub\MAXMAT~1\async\2.5\ORIENT~1\LED_AN~1\LED_AN~1\ARDUIN~1\Debug\libArduinoCore.a(HardwareSerial.o)
 .debug_frame   0x00000d7c       0xc0 C:\Users\virskl\DOCUME~1\GitHub\MAXMAT~1\async\2.5\ORIENT~1\LED_AN~1\LED_AN~1\ARDUIN~1\Debug\libArduinoCore.a(HardwareSerial0.o)
 .debug_frame   0x00000e3c       0x44 C:\Users\virskl\DOCUME~1\GitHub\MAXMAT~1\async\2.5\ORIENT~1\LED_AN~1\LED_AN~1\ARDUIN~1\Debug\libArduinoCore.a(main.o)
 .debug_frame   0x00000e80      0x3b0 C:\Users\virskl\DOCUME~1\GitHub\MAXMAT~1\async\2.5\ORIENT~1\LED_AN~1\LED_AN~1\ARDUIN~1\Debug\libArduinoCore.a(Print.o)
 .debug_frame   0x00001230       0xbc C:\Users\virskl\DOCUME~1\GitHub\MAXMAT~1\async\2.5\ORIENT~1\LED_AN~1\LED_AN~1\ARDUIN~1\Debug\libArduinoCore.a(wiring.o)
 .debug_frame   0x000012ec       0x7c C:\Users\virskl\DOCUME~1\GitHub\MAXMAT~1\async\2.5\ORIENT~1\LED_AN~1\LED_AN~1\ARDUIN~1\Debug\libArduinoCore.a(wiring_digital.o)
 .debug_frame   0x00001368       0x8c C:\Users\virskl\DOCUME~1\GitHub\MAXMAT~1\async\2.5\ORIENT~1\LED_AN~1\LED_AN~1\ARDUIN~1\Debug\libArduinoCore.a(wiring_shift.o)

.debug_str      0x00000000     0x2cd6
 *(.debug_str)
 .debug_str     0x00000000     0x10ca Sketch.o
                               0x121b (size before relaxing)
 .debug_str     0x000010ca      0x2c0 src/MaxMatrix.o
                                0xfb6 (size before relaxing)
 .debug_str     0x0000138a       0x4f src/TimerOne.o
                                0x3f6 (size before relaxing)
 .debug_str     0x000013d9      0x405 src/TimerTwo.o
                                0x786 (size before relaxing)
 .debug_str     0x000017de      0xeca C:\Users\virskl\DOCUME~1\GitHub\MAXMAT~1\async\2.5\ORIENT~1\LED_AN~1\LED_AN~1\ARDUIN~1\Debug\libArduinoCore.a(HardwareSerial.o)
                               0x11a1 (size before relaxing)
 .debug_str     0x000026a8       0x47 C:\Users\virskl\DOCUME~1\GitHub\MAXMAT~1\async\2.5\ORIENT~1\LED_AN~1\LED_AN~1\ARDUIN~1\Debug\libArduinoCore.a(HardwareSerial0.o)
                                0xf9b (size before relaxing)
 .debug_str     0x000026ef       0x32 C:\Users\virskl\DOCUME~1\GitHub\MAXMAT~1\async\2.5\ORIENT~1\LED_AN~1\LED_AN~1\ARDUIN~1\Debug\libArduinoCore.a(main.o)
                                0x267 (size before relaxing)
 .debug_str     0x00002721      0x373 C:\Users\virskl\DOCUME~1\GitHub\MAXMAT~1\async\2.5\ORIENT~1\LED_AN~1\LED_AN~1\ARDUIN~1\Debug\libArduinoCore.a(Print.o)
                                0xe98 (size before relaxing)
 .debug_str     0x00002a94      0x13e C:\Users\virskl\DOCUME~1\GitHub\MAXMAT~1\async\2.5\ORIENT~1\LED_AN~1\LED_AN~1\ARDUIN~1\Debug\libArduinoCore.a(wiring.o)
                                0x24a (size before relaxing)
 .debug_str     0x00002bd2       0xc7 C:\Users\virskl\DOCUME~1\GitHub\MAXMAT~1\async\2.5\ORIENT~1\LED_AN~1\LED_AN~1\ARDUIN~1\Debug\libArduinoCore.a(wiring_digital.o)
                                0x2b8 (size before relaxing)
 .debug_str     0x00002c99       0x3d C:\Users\virskl\DOCUME~1\GitHub\MAXMAT~1\async\2.5\ORIENT~1\LED_AN~1\LED_AN~1\ARDUIN~1\Debug\libArduinoCore.a(wiring_shift.o)
                                0x215 (size before relaxing)

.debug_loc      0x00000000     0x8a62
 *(.debug_loc)
 .debug_loc     0x00000000      0x3e8 Sketch.o
 .debug_loc     0x000003e8     0x4713 src/MaxMatrix.o
 .debug_loc     0x00004afb      0x6e2 src/TimerOne.o
 .debug_loc     0x000051dd      0x846 src/TimerTwo.o
 .debug_loc     0x00005a23      0x45a C:\Users\virskl\DOCUME~1\GitHub\MAXMAT~1\async\2.5\ORIENT~1\LED_AN~1\LED_AN~1\ARDUIN~1\Debug\libArduinoCore.a(HardwareSerial.o)
 .debug_loc     0x00005e7d      0x161 C:\Users\virskl\DOCUME~1\GitHub\MAXMAT~1\async\2.5\ORIENT~1\LED_AN~1\LED_AN~1\ARDUIN~1\Debug\libArduinoCore.a(HardwareSerial0.o)
 .debug_loc     0x00005fde       0x26 C:\Users\virskl\DOCUME~1\GitHub\MAXMAT~1\async\2.5\ORIENT~1\LED_AN~1\LED_AN~1\ARDUIN~1\Debug\libArduinoCore.a(main.o)
 .debug_loc     0x00006004     0x1f4b C:\Users\virskl\DOCUME~1\GitHub\MAXMAT~1\async\2.5\ORIENT~1\LED_AN~1\LED_AN~1\ARDUIN~1\Debug\libArduinoCore.a(Print.o)
 .debug_loc     0x00007f4f      0x249 C:\Users\virskl\DOCUME~1\GitHub\MAXMAT~1\async\2.5\ORIENT~1\LED_AN~1\LED_AN~1\ARDUIN~1\Debug\libArduinoCore.a(wiring.o)
 .debug_loc     0x00008198      0x5e3 C:\Users\virskl\DOCUME~1\GitHub\MAXMAT~1\async\2.5\ORIENT~1\LED_AN~1\LED_AN~1\ARDUIN~1\Debug\libArduinoCore.a(wiring_digital.o)
 .debug_loc     0x0000877b      0x2e7 C:\Users\virskl\DOCUME~1\GitHub\MAXMAT~1\async\2.5\ORIENT~1\LED_AN~1\LED_AN~1\ARDUIN~1\Debug\libArduinoCore.a(wiring_shift.o)

.debug_macinfo
 *(.debug_macinfo)

.debug_weaknames
 *(.debug_weaknames)

.debug_funcnames
 *(.debug_funcnames)

.debug_typenames
 *(.debug_typenames)

.debug_varnames
 *(.debug_varnames)

.debug_pubtypes
 *(.debug_pubtypes)

.debug_ranges   0x00000000      0x7f8
 *(.debug_ranges)
 .debug_ranges  0x00000000       0x78 Sketch.o
 .debug_ranges  0x00000078      0x418 src/MaxMatrix.o
 .debug_ranges  0x00000490       0x70 src/TimerOne.o
 .debug_ranges  0x00000500       0xa0 src/TimerTwo.o
 .debug_ranges  0x000005a0       0x70 C:\Users\virskl\DOCUME~1\GitHub\MAXMAT~1\async\2.5\ORIENT~1\LED_AN~1\LED_AN~1\ARDUIN~1\Debug\libArduinoCore.a(HardwareSerial.o)
 .debug_ranges  0x00000610       0x28 C:\Users\virskl\DOCUME~1\GitHub\MAXMAT~1\async\2.5\ORIENT~1\LED_AN~1\LED_AN~1\ARDUIN~1\Debug\libArduinoCore.a(HardwareSerial0.o)
 .debug_ranges  0x00000638       0x20 C:\Users\virskl\DOCUME~1\GitHub\MAXMAT~1\async\2.5\ORIENT~1\LED_AN~1\LED_AN~1\ARDUIN~1\Debug\libArduinoCore.a(main.o)
 .debug_ranges  0x00000658      0x128 C:\Users\virskl\DOCUME~1\GitHub\MAXMAT~1\async\2.5\ORIENT~1\LED_AN~1\LED_AN~1\ARDUIN~1\Debug\libArduinoCore.a(Print.o)
 .debug_ranges  0x00000780       0x38 C:\Users\virskl\DOCUME~1\GitHub\MAXMAT~1\async\2.5\ORIENT~1\LED_AN~1\LED_AN~1\ARDUIN~1\Debug\libArduinoCore.a(wiring.o)
 .debug_ranges  0x000007b8       0x28 C:\Users\virskl\DOCUME~1\GitHub\MAXMAT~1\async\2.5\ORIENT~1\LED_AN~1\LED_AN~1\ARDUIN~1\Debug\libArduinoCore.a(wiring_digital.o)
 .debug_ranges  0x000007e0       0x18 C:\Users\virskl\DOCUME~1\GitHub\MAXMAT~1\async\2.5\ORIENT~1\LED_AN~1\LED_AN~1\ARDUIN~1\Debug\libArduinoCore.a(wiring_shift.o)

.debug_macro
 *(.debug_macro)
OUTPUT(Led_Anzeige.elf elf32-avr)
LOAD linker stubs
