Archive member included to satisfy reference by file (symbol)

C:\Users\virskl\DOWNLO~1\MAXMAT~2\async\2.3\NO_ORI~1\LED_AN~1\LED_AN~1\ARDUIN~1\Debug\libArduinoCore.a(main.o)
                              C:/Program Files (x86)/Atmel/Studio/7.0/Packs/atmel/ATmega_DFP/1.0.106/gcc/dev/atmega328p/avr5/crtatmega328p.o (main)
C:\Users\virskl\DOWNLO~1\MAXMAT~2\async\2.3\NO_ORI~1\LED_AN~1\LED_AN~1\ARDUIN~1\Debug\libArduinoCore.a(wiring.o)
                              Sketch.o (delayMicroseconds)
C:\Users\virskl\DOWNLO~1\MAXMAT~2\async\2.3\NO_ORI~1\LED_AN~1\LED_AN~1\ARDUIN~1\Debug\libArduinoCore.a(wiring_digital.o)
                              src/MaxMatrix.o (pinMode)
C:\Users\virskl\DOWNLO~1\MAXMAT~2\async\2.3\NO_ORI~1\LED_AN~1\LED_AN~1\ARDUIN~1\Debug\libArduinoCore.a(wiring_shift.o)
                              src/MaxMatrix.o (shiftOut)
C:\Users\virskl\DOWNLO~1\MAXMAT~2\async\2.3\NO_ORI~1\LED_AN~1\LED_AN~1\ARDUIN~1\Debug\libArduinoCore.a(hooks.o)
                              C:\Users\virskl\DOWNLO~1\MAXMAT~2\async\2.3\NO_ORI~1\LED_AN~1\LED_AN~1\ARDUIN~1\Debug\libArduinoCore.a(wiring.o) (yield)
c:/program files (x86)/atmel/studio/7.0/toolchain/avr8/avr8-gnu-toolchain/bin/../lib/gcc/avr/4.9.2/avr5\libgcc.a(_udivmodsi4.o)
                              src/TimerOne.o (__udivmodsi4)
c:/program files (x86)/atmel/studio/7.0/toolchain/avr8/avr8-gnu-toolchain/bin/../lib/gcc/avr/4.9.2/avr5\libgcc.a(_exit.o)
                              C:/Program Files (x86)/Atmel/Studio/7.0/Packs/atmel/ATmega_DFP/1.0.106/gcc/dev/atmega328p/avr5/crtatmega328p.o (exit)
c:/program files (x86)/atmel/studio/7.0/toolchain/avr8/avr8-gnu-toolchain/bin/../lib/gcc/avr/4.9.2/avr5\libgcc.a(_copy_data.o)
                              Sketch.o (__do_copy_data)
c:/program files (x86)/atmel/studio/7.0/toolchain/avr8/avr8-gnu-toolchain/bin/../lib/gcc/avr/4.9.2/avr5\libgcc.a(_clear_bss.o)
                              Sketch.o (__do_clear_bss)
c:/program files (x86)/atmel/studio/7.0/toolchain/avr8/avr8-gnu-toolchain/bin/../lib/gcc/avr/4.9.2/avr5\libgcc.a(_ctors.o)
                              Sketch.o (__do_global_ctors)
c:/program files (x86)/atmel/studio/7.0/toolchain/avr8/avr8-gnu-toolchain/bin/../lib/gcc/avr/4.9.2/avr5\libgcc.a(_dtors.o)
                              Sketch.o (__do_global_dtors)
c:/program files (x86)/atmel/studio/7.0/toolchain/avr8/avr8-gnu-toolchain/bin/../lib/gcc/avr/4.9.2/avr5\libgcc.a(_usmulhisi3.o)
                              src/TimerOne.o (__usmulhisi3)
c:/program files (x86)/atmel/studio/7.0/toolchain/avr8/avr8-gnu-toolchain/bin/../lib/gcc/avr/4.9.2/avr5\libgcc.a(_muluhisi3.o)
                              src/TimerOne.o (__muluhisi3)
c:/program files (x86)/atmel/studio/7.0/toolchain/avr8/avr8-gnu-toolchain/bin/../lib/gcc/avr/4.9.2/avr5\libgcc.a(_tablejump2.o)
                              c:/program files (x86)/atmel/studio/7.0/toolchain/avr8/avr8-gnu-toolchain/bin/../lib/gcc/avr/4.9.2/avr5\libgcc.a(_ctors.o) (__tablejump2__)
c:/program files (x86)/atmel/studio/7.0/toolchain/avr8/avr8-gnu-toolchain/bin/../lib/gcc/avr/4.9.2/avr5\libgcc.a(_umulhisi3.o)
                              c:/program files (x86)/atmel/studio/7.0/toolchain/avr8/avr8-gnu-toolchain/bin/../lib/gcc/avr/4.9.2/avr5\libgcc.a(_usmulhisi3.o) (__umulhisi3)
c:/program files (x86)/atmel/studio/7.0/toolchain/avr8/avr8-gnu-toolchain/bin/../lib/gcc/avr/4.9.2/../../../../avr/lib/avr5\libc.a(memcpy_P.o)
                              src/MaxMatrix.o (memcpy_P)

Discarded input sections

 .data          0x00000000        0x0 C:/Program Files (x86)/Atmel/Studio/7.0/Packs/atmel/ATmega_DFP/1.0.106/gcc/dev/atmega328p/avr5/crtatmega328p.o
 .bss           0x00000000        0x0 C:/Program Files (x86)/Atmel/Studio/7.0/Packs/atmel/ATmega_DFP/1.0.106/gcc/dev/atmega328p/avr5/crtatmega328p.o
 .text          0x00000000        0x0 Sketch.o
 .data          0x00000000        0x0 Sketch.o
 .bss           0x00000000        0x0 Sketch.o
 .text          0x00000000        0x0 src/MaxMatrix.o
 .data          0x00000000        0x0 src/MaxMatrix.o
 .bss           0x00000000        0x0 src/MaxMatrix.o
 .text._ZN9MaxMatrix6getRowEhhPh
                0x00000000       0xa4 src/MaxMatrix.o
 .text._ZN9MaxMatrix6getRowEhPA1_h
                0x00000000       0x16 src/MaxMatrix.o
 .text._ZN9MaxMatrix6setRowEhPA1_Kh
                0x00000000       0x92 src/MaxMatrix.o
 .text._ZN9MaxMatrix6setRowEhhh
                0x00000000       0xb2 src/MaxMatrix.o
 .text._ZN9MaxMatrix18setRowOnAllModulesEhh
                0x00000000       0x9a src/MaxMatrix.o
 .text._ZN9MaxMatrix6getDotEhhPb
                0x00000000       0x2a src/MaxMatrix.o
 .text._ZN9MaxMatrix10shiftRightEbb
                0x00000000       0x36 src/MaxMatrix.o
 .text._ZN9MaxMatrix7shiftUpEb
                0x00000000       0x28 src/MaxMatrix.o
 .text._ZN9MaxMatrix9shiftDownEb
                0x00000000       0x2a src/MaxMatrix.o
 .text._ZN9MaxMatrix7setCharEiic
                0x00000000       0x82 src/MaxMatrix.o
 .text._ZN9MaxMatrix16setCharWithShiftEc
                0x00000000       0x4a src/MaxMatrix.o
 .text._ZN9MaxMatrix7setTextEPKc
                0x00000000       0x9c src/MaxMatrix.o
 .text          0x00000000        0x0 src/TimerOne.o
 .data          0x00000000        0x0 src/TimerOne.o
 .bss           0x00000000        0x0 src/TimerOne.o
 .text._ZN8TimerOne9setPeriodEl
                0x00000000       0xd0 src/TimerOne.o
 .text._ZN8TimerOne10initializeEl
                0x00000000        0xe src/TimerOne.o
 .text._ZN8TimerOne10setPwmDutyEci
                0x00000000       0x4e src/TimerOne.o
 .text._ZN8TimerOne10disablePwmEc
                0x00000000       0x1e src/TimerOne.o
 .text._ZN8TimerOne15detachInterruptEv
                0x00000000        0xc src/TimerOne.o
 .text._ZN8TimerOne6resumeEv
                0x00000000       0x12 src/TimerOne.o
 .text._ZN8TimerOne3pwmEcil
                0x00000000       0x66 src/TimerOne.o
 .text._ZN8TimerOne15attachInterruptEPFvvEl
                0x00000000       0x36 src/TimerOne.o
 .text._ZN8TimerOne5startEv
                0x00000000       0x4a src/TimerOne.o
 .text._ZN8TimerOne7restartEv
                0x00000000        0x4 src/TimerOne.o
 .text._ZN8TimerOne4stopEv
                0x00000000        0xc src/TimerOne.o
 .text._ZN8TimerOne4readEv
                0x00000000       0xce src/TimerOne.o
 .rodata.CSWTCH.18
                0x00000000        0x4 src/TimerOne.o
 .text          0x00000000        0x0 C:\Users\virskl\DOWNLO~1\MAXMAT~2\async\2.3\NO_ORI~1\LED_AN~1\LED_AN~1\ARDUIN~1\Debug\libArduinoCore.a(main.o)
 .data          0x00000000        0x0 C:\Users\virskl\DOWNLO~1\MAXMAT~2\async\2.3\NO_ORI~1\LED_AN~1\LED_AN~1\ARDUIN~1\Debug\libArduinoCore.a(main.o)
 .bss           0x00000000        0x0 C:\Users\virskl\DOWNLO~1\MAXMAT~2\async\2.3\NO_ORI~1\LED_AN~1\LED_AN~1\ARDUIN~1\Debug\libArduinoCore.a(main.o)
 .text.atexit   0x00000000        0x6 C:\Users\virskl\DOWNLO~1\MAXMAT~2\async\2.3\NO_ORI~1\LED_AN~1\LED_AN~1\ARDUIN~1\Debug\libArduinoCore.a(main.o)
 .text          0x00000000        0x0 C:\Users\virskl\DOWNLO~1\MAXMAT~2\async\2.3\NO_ORI~1\LED_AN~1\LED_AN~1\ARDUIN~1\Debug\libArduinoCore.a(wiring.o)
 .data          0x00000000        0x0 C:\Users\virskl\DOWNLO~1\MAXMAT~2\async\2.3\NO_ORI~1\LED_AN~1\LED_AN~1\ARDUIN~1\Debug\libArduinoCore.a(wiring.o)
 .bss           0x00000000        0x0 C:\Users\virskl\DOWNLO~1\MAXMAT~2\async\2.3\NO_ORI~1\LED_AN~1\LED_AN~1\ARDUIN~1\Debug\libArduinoCore.a(wiring.o)
 .text.millis   0x00000000       0x18 C:\Users\virskl\DOWNLO~1\MAXMAT~2\async\2.3\NO_ORI~1\LED_AN~1\LED_AN~1\ARDUIN~1\Debug\libArduinoCore.a(wiring.o)
 .text.micros   0x00000000       0x4a C:\Users\virskl\DOWNLO~1\MAXMAT~2\async\2.3\NO_ORI~1\LED_AN~1\LED_AN~1\ARDUIN~1\Debug\libArduinoCore.a(wiring.o)
 .text.delay    0x00000000       0x50 C:\Users\virskl\DOWNLO~1\MAXMAT~2\async\2.3\NO_ORI~1\LED_AN~1\LED_AN~1\ARDUIN~1\Debug\libArduinoCore.a(wiring.o)
 .text          0x00000000        0x0 C:\Users\virskl\DOWNLO~1\MAXMAT~2\async\2.3\NO_ORI~1\LED_AN~1\LED_AN~1\ARDUIN~1\Debug\libArduinoCore.a(wiring_digital.o)
 .data          0x00000000        0x0 C:\Users\virskl\DOWNLO~1\MAXMAT~2\async\2.3\NO_ORI~1\LED_AN~1\LED_AN~1\ARDUIN~1\Debug\libArduinoCore.a(wiring_digital.o)
 .bss           0x00000000        0x0 C:\Users\virskl\DOWNLO~1\MAXMAT~2\async\2.3\NO_ORI~1\LED_AN~1\LED_AN~1\ARDUIN~1\Debug\libArduinoCore.a(wiring_digital.o)
 .text.digitalRead
                0x00000000       0x52 C:\Users\virskl\DOWNLO~1\MAXMAT~2\async\2.3\NO_ORI~1\LED_AN~1\LED_AN~1\ARDUIN~1\Debug\libArduinoCore.a(wiring_digital.o)
 .progmem.data.port_to_input_PGM
                0x00000000        0xa C:\Users\virskl\DOWNLO~1\MAXMAT~2\async\2.3\NO_ORI~1\LED_AN~1\LED_AN~1\ARDUIN~1\Debug\libArduinoCore.a(wiring_digital.o)
 .text          0x00000000        0x0 C:\Users\virskl\DOWNLO~1\MAXMAT~2\async\2.3\NO_ORI~1\LED_AN~1\LED_AN~1\ARDUIN~1\Debug\libArduinoCore.a(wiring_shift.o)
 .data          0x00000000        0x0 C:\Users\virskl\DOWNLO~1\MAXMAT~2\async\2.3\NO_ORI~1\LED_AN~1\LED_AN~1\ARDUIN~1\Debug\libArduinoCore.a(wiring_shift.o)
 .bss           0x00000000        0x0 C:\Users\virskl\DOWNLO~1\MAXMAT~2\async\2.3\NO_ORI~1\LED_AN~1\LED_AN~1\ARDUIN~1\Debug\libArduinoCore.a(wiring_shift.o)
 .text.shiftIn  0x00000000       0x76 C:\Users\virskl\DOWNLO~1\MAXMAT~2\async\2.3\NO_ORI~1\LED_AN~1\LED_AN~1\ARDUIN~1\Debug\libArduinoCore.a(wiring_shift.o)
 .text          0x00000000        0x0 C:\Users\virskl\DOWNLO~1\MAXMAT~2\async\2.3\NO_ORI~1\LED_AN~1\LED_AN~1\ARDUIN~1\Debug\libArduinoCore.a(hooks.o)
 .data          0x00000000        0x0 C:\Users\virskl\DOWNLO~1\MAXMAT~2\async\2.3\NO_ORI~1\LED_AN~1\LED_AN~1\ARDUIN~1\Debug\libArduinoCore.a(hooks.o)
 .bss           0x00000000        0x0 C:\Users\virskl\DOWNLO~1\MAXMAT~2\async\2.3\NO_ORI~1\LED_AN~1\LED_AN~1\ARDUIN~1\Debug\libArduinoCore.a(hooks.o)
 .text.__empty  0x00000000        0x2 C:\Users\virskl\DOWNLO~1\MAXMAT~2\async\2.3\NO_ORI~1\LED_AN~1\LED_AN~1\ARDUIN~1\Debug\libArduinoCore.a(hooks.o)
 .debug_info    0x00000000       0x3e C:\Users\virskl\DOWNLO~1\MAXMAT~2\async\2.3\NO_ORI~1\LED_AN~1\LED_AN~1\ARDUIN~1\Debug\libArduinoCore.a(hooks.o)
 .debug_abbrev  0x00000000       0x2a C:\Users\virskl\DOWNLO~1\MAXMAT~2\async\2.3\NO_ORI~1\LED_AN~1\LED_AN~1\ARDUIN~1\Debug\libArduinoCore.a(hooks.o)
 .debug_aranges
                0x00000000       0x20 C:\Users\virskl\DOWNLO~1\MAXMAT~2\async\2.3\NO_ORI~1\LED_AN~1\LED_AN~1\ARDUIN~1\Debug\libArduinoCore.a(hooks.o)
 .debug_ranges  0x00000000       0x10 C:\Users\virskl\DOWNLO~1\MAXMAT~2\async\2.3\NO_ORI~1\LED_AN~1\LED_AN~1\ARDUIN~1\Debug\libArduinoCore.a(hooks.o)
 .debug_line    0x00000000       0x41 C:\Users\virskl\DOWNLO~1\MAXMAT~2\async\2.3\NO_ORI~1\LED_AN~1\LED_AN~1\ARDUIN~1\Debug\libArduinoCore.a(hooks.o)
 .debug_str     0x00000000      0x144 C:\Users\virskl\DOWNLO~1\MAXMAT~2\async\2.3\NO_ORI~1\LED_AN~1\LED_AN~1\ARDUIN~1\Debug\libArduinoCore.a(hooks.o)
 .comment       0x00000000       0x31 C:\Users\virskl\DOWNLO~1\MAXMAT~2\async\2.3\NO_ORI~1\LED_AN~1\LED_AN~1\ARDUIN~1\Debug\libArduinoCore.a(hooks.o)
 .debug_frame   0x00000000       0x24 C:\Users\virskl\DOWNLO~1\MAXMAT~2\async\2.3\NO_ORI~1\LED_AN~1\LED_AN~1\ARDUIN~1\Debug\libArduinoCore.a(hooks.o)
 .text          0x00000000        0x0 c:/program files (x86)/atmel/studio/7.0/toolchain/avr8/avr8-gnu-toolchain/bin/../lib/gcc/avr/4.9.2/avr5\libgcc.a(_udivmodsi4.o)
 .data          0x00000000        0x0 c:/program files (x86)/atmel/studio/7.0/toolchain/avr8/avr8-gnu-toolchain/bin/../lib/gcc/avr/4.9.2/avr5\libgcc.a(_udivmodsi4.o)
 .bss           0x00000000        0x0 c:/program files (x86)/atmel/studio/7.0/toolchain/avr8/avr8-gnu-toolchain/bin/../lib/gcc/avr/4.9.2/avr5\libgcc.a(_udivmodsi4.o)
 .text.libgcc.mul
                0x00000000        0x0 c:/program files (x86)/atmel/studio/7.0/toolchain/avr8/avr8-gnu-toolchain/bin/../lib/gcc/avr/4.9.2/avr5\libgcc.a(_udivmodsi4.o)
 .text.libgcc.div
                0x00000000       0x44 c:/program files (x86)/atmel/studio/7.0/toolchain/avr8/avr8-gnu-toolchain/bin/../lib/gcc/avr/4.9.2/avr5\libgcc.a(_udivmodsi4.o)
 .text.libgcc   0x00000000        0x0 c:/program files (x86)/atmel/studio/7.0/toolchain/avr8/avr8-gnu-toolchain/bin/../lib/gcc/avr/4.9.2/avr5\libgcc.a(_udivmodsi4.o)
 .text.libgcc.prologue
                0x00000000        0x0 c:/program files (x86)/atmel/studio/7.0/toolchain/avr8/avr8-gnu-toolchain/bin/../lib/gcc/avr/4.9.2/avr5\libgcc.a(_udivmodsi4.o)
 .text.libgcc.builtins
                0x00000000        0x0 c:/program files (x86)/atmel/studio/7.0/toolchain/avr8/avr8-gnu-toolchain/bin/../lib/gcc/avr/4.9.2/avr5\libgcc.a(_udivmodsi4.o)
 .text.libgcc.fmul
                0x00000000        0x0 c:/program files (x86)/atmel/studio/7.0/toolchain/avr8/avr8-gnu-toolchain/bin/../lib/gcc/avr/4.9.2/avr5\libgcc.a(_udivmodsi4.o)
 .text.libgcc.fixed
                0x00000000        0x0 c:/program files (x86)/atmel/studio/7.0/toolchain/avr8/avr8-gnu-toolchain/bin/../lib/gcc/avr/4.9.2/avr5\libgcc.a(_udivmodsi4.o)
 .text          0x00000000        0x0 c:/program files (x86)/atmel/studio/7.0/toolchain/avr8/avr8-gnu-toolchain/bin/../lib/gcc/avr/4.9.2/avr5\libgcc.a(_exit.o)
 .data          0x00000000        0x0 c:/program files (x86)/atmel/studio/7.0/toolchain/avr8/avr8-gnu-toolchain/bin/../lib/gcc/avr/4.9.2/avr5\libgcc.a(_exit.o)
 .bss           0x00000000        0x0 c:/program files (x86)/atmel/studio/7.0/toolchain/avr8/avr8-gnu-toolchain/bin/../lib/gcc/avr/4.9.2/avr5\libgcc.a(_exit.o)
 .text.libgcc.mul
                0x00000000        0x0 c:/program files (x86)/atmel/studio/7.0/toolchain/avr8/avr8-gnu-toolchain/bin/../lib/gcc/avr/4.9.2/avr5\libgcc.a(_exit.o)
 .text.libgcc.div
                0x00000000        0x0 c:/program files (x86)/atmel/studio/7.0/toolchain/avr8/avr8-gnu-toolchain/bin/../lib/gcc/avr/4.9.2/avr5\libgcc.a(_exit.o)
 .text.libgcc   0x00000000        0x0 c:/program files (x86)/atmel/studio/7.0/toolchain/avr8/avr8-gnu-toolchain/bin/../lib/gcc/avr/4.9.2/avr5\libgcc.a(_exit.o)
 .text.libgcc.prologue
                0x00000000        0x0 c:/program files (x86)/atmel/studio/7.0/toolchain/avr8/avr8-gnu-toolchain/bin/../lib/gcc/avr/4.9.2/avr5\libgcc.a(_exit.o)
 .text.libgcc.builtins
                0x00000000        0x0 c:/program files (x86)/atmel/studio/7.0/toolchain/avr8/avr8-gnu-toolchain/bin/../lib/gcc/avr/4.9.2/avr5\libgcc.a(_exit.o)
 .text.libgcc.fmul
                0x00000000        0x0 c:/program files (x86)/atmel/studio/7.0/toolchain/avr8/avr8-gnu-toolchain/bin/../lib/gcc/avr/4.9.2/avr5\libgcc.a(_exit.o)
 .text.libgcc.fixed
                0x00000000        0x0 c:/program files (x86)/atmel/studio/7.0/toolchain/avr8/avr8-gnu-toolchain/bin/../lib/gcc/avr/4.9.2/avr5\libgcc.a(_exit.o)
 .text          0x00000000        0x0 c:/program files (x86)/atmel/studio/7.0/toolchain/avr8/avr8-gnu-toolchain/bin/../lib/gcc/avr/4.9.2/avr5\libgcc.a(_copy_data.o)
 .data          0x00000000        0x0 c:/program files (x86)/atmel/studio/7.0/toolchain/avr8/avr8-gnu-toolchain/bin/../lib/gcc/avr/4.9.2/avr5\libgcc.a(_copy_data.o)
 .bss           0x00000000        0x0 c:/program files (x86)/atmel/studio/7.0/toolchain/avr8/avr8-gnu-toolchain/bin/../lib/gcc/avr/4.9.2/avr5\libgcc.a(_copy_data.o)
 .text.libgcc.mul
                0x00000000        0x0 c:/program files (x86)/atmel/studio/7.0/toolchain/avr8/avr8-gnu-toolchain/bin/../lib/gcc/avr/4.9.2/avr5\libgcc.a(_copy_data.o)
 .text.libgcc.div
                0x00000000        0x0 c:/program files (x86)/atmel/studio/7.0/toolchain/avr8/avr8-gnu-toolchain/bin/../lib/gcc/avr/4.9.2/avr5\libgcc.a(_copy_data.o)
 .text.libgcc   0x00000000        0x0 c:/program files (x86)/atmel/studio/7.0/toolchain/avr8/avr8-gnu-toolchain/bin/../lib/gcc/avr/4.9.2/avr5\libgcc.a(_copy_data.o)
 .text.libgcc.prologue
                0x00000000        0x0 c:/program files (x86)/atmel/studio/7.0/toolchain/avr8/avr8-gnu-toolchain/bin/../lib/gcc/avr/4.9.2/avr5\libgcc.a(_copy_data.o)
 .text.libgcc.builtins
                0x00000000        0x0 c:/program files (x86)/atmel/studio/7.0/toolchain/avr8/avr8-gnu-toolchain/bin/../lib/gcc/avr/4.9.2/avr5\libgcc.a(_copy_data.o)
 .text.libgcc.fmul
                0x00000000        0x0 c:/program files (x86)/atmel/studio/7.0/toolchain/avr8/avr8-gnu-toolchain/bin/../lib/gcc/avr/4.9.2/avr5\libgcc.a(_copy_data.o)
 .text.libgcc.fixed
                0x00000000        0x0 c:/program files (x86)/atmel/studio/7.0/toolchain/avr8/avr8-gnu-toolchain/bin/../lib/gcc/avr/4.9.2/avr5\libgcc.a(_copy_data.o)
 .text          0x00000000        0x0 c:/program files (x86)/atmel/studio/7.0/toolchain/avr8/avr8-gnu-toolchain/bin/../lib/gcc/avr/4.9.2/avr5\libgcc.a(_clear_bss.o)
 .data          0x00000000        0x0 c:/program files (x86)/atmel/studio/7.0/toolchain/avr8/avr8-gnu-toolchain/bin/../lib/gcc/avr/4.9.2/avr5\libgcc.a(_clear_bss.o)
 .bss           0x00000000        0x0 c:/program files (x86)/atmel/studio/7.0/toolchain/avr8/avr8-gnu-toolchain/bin/../lib/gcc/avr/4.9.2/avr5\libgcc.a(_clear_bss.o)
 .text.libgcc.mul
                0x00000000        0x0 c:/program files (x86)/atmel/studio/7.0/toolchain/avr8/avr8-gnu-toolchain/bin/../lib/gcc/avr/4.9.2/avr5\libgcc.a(_clear_bss.o)
 .text.libgcc.div
                0x00000000        0x0 c:/program files (x86)/atmel/studio/7.0/toolchain/avr8/avr8-gnu-toolchain/bin/../lib/gcc/avr/4.9.2/avr5\libgcc.a(_clear_bss.o)
 .text.libgcc   0x00000000        0x0 c:/program files (x86)/atmel/studio/7.0/toolchain/avr8/avr8-gnu-toolchain/bin/../lib/gcc/avr/4.9.2/avr5\libgcc.a(_clear_bss.o)
 .text.libgcc.prologue
                0x00000000        0x0 c:/program files (x86)/atmel/studio/7.0/toolchain/avr8/avr8-gnu-toolchain/bin/../lib/gcc/avr/4.9.2/avr5\libgcc.a(_clear_bss.o)
 .text.libgcc.builtins
                0x00000000        0x0 c:/program files (x86)/atmel/studio/7.0/toolchain/avr8/avr8-gnu-toolchain/bin/../lib/gcc/avr/4.9.2/avr5\libgcc.a(_clear_bss.o)
 .text.libgcc.fmul
                0x00000000        0x0 c:/program files (x86)/atmel/studio/7.0/toolchain/avr8/avr8-gnu-toolchain/bin/../lib/gcc/avr/4.9.2/avr5\libgcc.a(_clear_bss.o)
 .text.libgcc.fixed
                0x00000000        0x0 c:/program files (x86)/atmel/studio/7.0/toolchain/avr8/avr8-gnu-toolchain/bin/../lib/gcc/avr/4.9.2/avr5\libgcc.a(_clear_bss.o)
 .text          0x00000000        0x0 c:/program files (x86)/atmel/studio/7.0/toolchain/avr8/avr8-gnu-toolchain/bin/../lib/gcc/avr/4.9.2/avr5\libgcc.a(_ctors.o)
 .data          0x00000000        0x0 c:/program files (x86)/atmel/studio/7.0/toolchain/avr8/avr8-gnu-toolchain/bin/../lib/gcc/avr/4.9.2/avr5\libgcc.a(_ctors.o)
 .bss           0x00000000        0x0 c:/program files (x86)/atmel/studio/7.0/toolchain/avr8/avr8-gnu-toolchain/bin/../lib/gcc/avr/4.9.2/avr5\libgcc.a(_ctors.o)
 .text.libgcc.mul
                0x00000000        0x0 c:/program files (x86)/atmel/studio/7.0/toolchain/avr8/avr8-gnu-toolchain/bin/../lib/gcc/avr/4.9.2/avr5\libgcc.a(_ctors.o)
 .text.libgcc.div
                0x00000000        0x0 c:/program files (x86)/atmel/studio/7.0/toolchain/avr8/avr8-gnu-toolchain/bin/../lib/gcc/avr/4.9.2/avr5\libgcc.a(_ctors.o)
 .text.libgcc   0x00000000        0x0 c:/program files (x86)/atmel/studio/7.0/toolchain/avr8/avr8-gnu-toolchain/bin/../lib/gcc/avr/4.9.2/avr5\libgcc.a(_ctors.o)
 .text.libgcc.prologue
                0x00000000        0x0 c:/program files (x86)/atmel/studio/7.0/toolchain/avr8/avr8-gnu-toolchain/bin/../lib/gcc/avr/4.9.2/avr5\libgcc.a(_ctors.o)
 .text.libgcc.builtins
                0x00000000        0x0 c:/program files (x86)/atmel/studio/7.0/toolchain/avr8/avr8-gnu-toolchain/bin/../lib/gcc/avr/4.9.2/avr5\libgcc.a(_ctors.o)
 .text.libgcc.fmul
                0x00000000        0x0 c:/program files (x86)/atmel/studio/7.0/toolchain/avr8/avr8-gnu-toolchain/bin/../lib/gcc/avr/4.9.2/avr5\libgcc.a(_ctors.o)
 .text.libgcc.fixed
                0x00000000        0x0 c:/program files (x86)/atmel/studio/7.0/toolchain/avr8/avr8-gnu-toolchain/bin/../lib/gcc/avr/4.9.2/avr5\libgcc.a(_ctors.o)
 .text          0x00000000        0x0 c:/program files (x86)/atmel/studio/7.0/toolchain/avr8/avr8-gnu-toolchain/bin/../lib/gcc/avr/4.9.2/avr5\libgcc.a(_dtors.o)
 .data          0x00000000        0x0 c:/program files (x86)/atmel/studio/7.0/toolchain/avr8/avr8-gnu-toolchain/bin/../lib/gcc/avr/4.9.2/avr5\libgcc.a(_dtors.o)
 .bss           0x00000000        0x0 c:/program files (x86)/atmel/studio/7.0/toolchain/avr8/avr8-gnu-toolchain/bin/../lib/gcc/avr/4.9.2/avr5\libgcc.a(_dtors.o)
 .text.libgcc.mul
                0x00000000        0x0 c:/program files (x86)/atmel/studio/7.0/toolchain/avr8/avr8-gnu-toolchain/bin/../lib/gcc/avr/4.9.2/avr5\libgcc.a(_dtors.o)
 .text.libgcc.div
                0x00000000        0x0 c:/program files (x86)/atmel/studio/7.0/toolchain/avr8/avr8-gnu-toolchain/bin/../lib/gcc/avr/4.9.2/avr5\libgcc.a(_dtors.o)
 .text.libgcc   0x00000000        0x0 c:/program files (x86)/atmel/studio/7.0/toolchain/avr8/avr8-gnu-toolchain/bin/../lib/gcc/avr/4.9.2/avr5\libgcc.a(_dtors.o)
 .text.libgcc.prologue
                0x00000000        0x0 c:/program files (x86)/atmel/studio/7.0/toolchain/avr8/avr8-gnu-toolchain/bin/../lib/gcc/avr/4.9.2/avr5\libgcc.a(_dtors.o)
 .text.libgcc.builtins
                0x00000000        0x0 c:/program files (x86)/atmel/studio/7.0/toolchain/avr8/avr8-gnu-toolchain/bin/../lib/gcc/avr/4.9.2/avr5\libgcc.a(_dtors.o)
 .text.libgcc.fmul
                0x00000000        0x0 c:/program files (x86)/atmel/studio/7.0/toolchain/avr8/avr8-gnu-toolchain/bin/../lib/gcc/avr/4.9.2/avr5\libgcc.a(_dtors.o)
 .text.libgcc.fixed
                0x00000000        0x0 c:/program files (x86)/atmel/studio/7.0/toolchain/avr8/avr8-gnu-toolchain/bin/../lib/gcc/avr/4.9.2/avr5\libgcc.a(_dtors.o)
 .text          0x00000000        0x0 c:/program files (x86)/atmel/studio/7.0/toolchain/avr8/avr8-gnu-toolchain/bin/../lib/gcc/avr/4.9.2/avr5\libgcc.a(_usmulhisi3.o)
 .data          0x00000000        0x0 c:/program files (x86)/atmel/studio/7.0/toolchain/avr8/avr8-gnu-toolchain/bin/../lib/gcc/avr/4.9.2/avr5\libgcc.a(_usmulhisi3.o)
 .bss           0x00000000        0x0 c:/program files (x86)/atmel/studio/7.0/toolchain/avr8/avr8-gnu-toolchain/bin/../lib/gcc/avr/4.9.2/avr5\libgcc.a(_usmulhisi3.o)
 .text.libgcc.mul
                0x00000000        0xe c:/program files (x86)/atmel/studio/7.0/toolchain/avr8/avr8-gnu-toolchain/bin/../lib/gcc/avr/4.9.2/avr5\libgcc.a(_usmulhisi3.o)
 .text.libgcc.div
                0x00000000        0x0 c:/program files (x86)/atmel/studio/7.0/toolchain/avr8/avr8-gnu-toolchain/bin/../lib/gcc/avr/4.9.2/avr5\libgcc.a(_usmulhisi3.o)
 .text.libgcc   0x00000000        0x0 c:/program files (x86)/atmel/studio/7.0/toolchain/avr8/avr8-gnu-toolchain/bin/../lib/gcc/avr/4.9.2/avr5\libgcc.a(_usmulhisi3.o)
 .text.libgcc.prologue
                0x00000000        0x0 c:/program files (x86)/atmel/studio/7.0/toolchain/avr8/avr8-gnu-toolchain/bin/../lib/gcc/avr/4.9.2/avr5\libgcc.a(_usmulhisi3.o)
 .text.libgcc.builtins
                0x00000000        0x0 c:/program files (x86)/atmel/studio/7.0/toolchain/avr8/avr8-gnu-toolchain/bin/../lib/gcc/avr/4.9.2/avr5\libgcc.a(_usmulhisi3.o)
 .text.libgcc.fmul
                0x00000000        0x0 c:/program files (x86)/atmel/studio/7.0/toolchain/avr8/avr8-gnu-toolchain/bin/../lib/gcc/avr/4.9.2/avr5\libgcc.a(_usmulhisi3.o)
 .text.libgcc.fixed
                0x00000000        0x0 c:/program files (x86)/atmel/studio/7.0/toolchain/avr8/avr8-gnu-toolchain/bin/../lib/gcc/avr/4.9.2/avr5\libgcc.a(_usmulhisi3.o)
 .text          0x00000000        0x0 c:/program files (x86)/atmel/studio/7.0/toolchain/avr8/avr8-gnu-toolchain/bin/../lib/gcc/avr/4.9.2/avr5\libgcc.a(_muluhisi3.o)
 .data          0x00000000        0x0 c:/program files (x86)/atmel/studio/7.0/toolchain/avr8/avr8-gnu-toolchain/bin/../lib/gcc/avr/4.9.2/avr5\libgcc.a(_muluhisi3.o)
 .bss           0x00000000        0x0 c:/program files (x86)/atmel/studio/7.0/toolchain/avr8/avr8-gnu-toolchain/bin/../lib/gcc/avr/4.9.2/avr5\libgcc.a(_muluhisi3.o)
 .text.libgcc.mul
                0x00000000       0x16 c:/program files (x86)/atmel/studio/7.0/toolchain/avr8/avr8-gnu-toolchain/bin/../lib/gcc/avr/4.9.2/avr5\libgcc.a(_muluhisi3.o)
 .text.libgcc.div
                0x00000000        0x0 c:/program files (x86)/atmel/studio/7.0/toolchain/avr8/avr8-gnu-toolchain/bin/../lib/gcc/avr/4.9.2/avr5\libgcc.a(_muluhisi3.o)
 .text.libgcc   0x00000000        0x0 c:/program files (x86)/atmel/studio/7.0/toolchain/avr8/avr8-gnu-toolchain/bin/../lib/gcc/avr/4.9.2/avr5\libgcc.a(_muluhisi3.o)
 .text.libgcc.prologue
                0x00000000        0x0 c:/program files (x86)/atmel/studio/7.0/toolchain/avr8/avr8-gnu-toolchain/bin/../lib/gcc/avr/4.9.2/avr5\libgcc.a(_muluhisi3.o)
 .text.libgcc.builtins
                0x00000000        0x0 c:/program files (x86)/atmel/studio/7.0/toolchain/avr8/avr8-gnu-toolchain/bin/../lib/gcc/avr/4.9.2/avr5\libgcc.a(_muluhisi3.o)
 .text.libgcc.fmul
                0x00000000        0x0 c:/program files (x86)/atmel/studio/7.0/toolchain/avr8/avr8-gnu-toolchain/bin/../lib/gcc/avr/4.9.2/avr5\libgcc.a(_muluhisi3.o)
 .text.libgcc.fixed
                0x00000000        0x0 c:/program files (x86)/atmel/studio/7.0/toolchain/avr8/avr8-gnu-toolchain/bin/../lib/gcc/avr/4.9.2/avr5\libgcc.a(_muluhisi3.o)
 .text          0x00000000        0x0 c:/program files (x86)/atmel/studio/7.0/toolchain/avr8/avr8-gnu-toolchain/bin/../lib/gcc/avr/4.9.2/avr5\libgcc.a(_tablejump2.o)
 .data          0x00000000        0x0 c:/program files (x86)/atmel/studio/7.0/toolchain/avr8/avr8-gnu-toolchain/bin/../lib/gcc/avr/4.9.2/avr5\libgcc.a(_tablejump2.o)
 .bss           0x00000000        0x0 c:/program files (x86)/atmel/studio/7.0/toolchain/avr8/avr8-gnu-toolchain/bin/../lib/gcc/avr/4.9.2/avr5\libgcc.a(_tablejump2.o)
 .text.libgcc.mul
                0x00000000        0x0 c:/program files (x86)/atmel/studio/7.0/toolchain/avr8/avr8-gnu-toolchain/bin/../lib/gcc/avr/4.9.2/avr5\libgcc.a(_tablejump2.o)
 .text.libgcc.div
                0x00000000        0x0 c:/program files (x86)/atmel/studio/7.0/toolchain/avr8/avr8-gnu-toolchain/bin/../lib/gcc/avr/4.9.2/avr5\libgcc.a(_tablejump2.o)
 .text.libgcc.prologue
                0x00000000        0x0 c:/program files (x86)/atmel/studio/7.0/toolchain/avr8/avr8-gnu-toolchain/bin/../lib/gcc/avr/4.9.2/avr5\libgcc.a(_tablejump2.o)
 .text.libgcc.builtins
                0x00000000        0x0 c:/program files (x86)/atmel/studio/7.0/toolchain/avr8/avr8-gnu-toolchain/bin/../lib/gcc/avr/4.9.2/avr5\libgcc.a(_tablejump2.o)
 .text.libgcc.fmul
                0x00000000        0x0 c:/program files (x86)/atmel/studio/7.0/toolchain/avr8/avr8-gnu-toolchain/bin/../lib/gcc/avr/4.9.2/avr5\libgcc.a(_tablejump2.o)
 .text.libgcc.fixed
                0x00000000        0x0 c:/program files (x86)/atmel/studio/7.0/toolchain/avr8/avr8-gnu-toolchain/bin/../lib/gcc/avr/4.9.2/avr5\libgcc.a(_tablejump2.o)
 .text          0x00000000        0x0 c:/program files (x86)/atmel/studio/7.0/toolchain/avr8/avr8-gnu-toolchain/bin/../lib/gcc/avr/4.9.2/avr5\libgcc.a(_umulhisi3.o)
 .data          0x00000000        0x0 c:/program files (x86)/atmel/studio/7.0/toolchain/avr8/avr8-gnu-toolchain/bin/../lib/gcc/avr/4.9.2/avr5\libgcc.a(_umulhisi3.o)
 .bss           0x00000000        0x0 c:/program files (x86)/atmel/studio/7.0/toolchain/avr8/avr8-gnu-toolchain/bin/../lib/gcc/avr/4.9.2/avr5\libgcc.a(_umulhisi3.o)
 .text.libgcc.mul
                0x00000000       0x1e c:/program files (x86)/atmel/studio/7.0/toolchain/avr8/avr8-gnu-toolchain/bin/../lib/gcc/avr/4.9.2/avr5\libgcc.a(_umulhisi3.o)
 .text.libgcc.div
                0x00000000        0x0 c:/program files (x86)/atmel/studio/7.0/toolchain/avr8/avr8-gnu-toolchain/bin/../lib/gcc/avr/4.9.2/avr5\libgcc.a(_umulhisi3.o)
 .text.libgcc   0x00000000        0x0 c:/program files (x86)/atmel/studio/7.0/toolchain/avr8/avr8-gnu-toolchain/bin/../lib/gcc/avr/4.9.2/avr5\libgcc.a(_umulhisi3.o)
 .text.libgcc.prologue
                0x00000000        0x0 c:/program files (x86)/atmel/studio/7.0/toolchain/avr8/avr8-gnu-toolchain/bin/../lib/gcc/avr/4.9.2/avr5\libgcc.a(_umulhisi3.o)
 .text.libgcc.builtins
                0x00000000        0x0 c:/program files (x86)/atmel/studio/7.0/toolchain/avr8/avr8-gnu-toolchain/bin/../lib/gcc/avr/4.9.2/avr5\libgcc.a(_umulhisi3.o)
 .text.libgcc.fmul
                0x00000000        0x0 c:/program files (x86)/atmel/studio/7.0/toolchain/avr8/avr8-gnu-toolchain/bin/../lib/gcc/avr/4.9.2/avr5\libgcc.a(_umulhisi3.o)
 .text.libgcc.fixed
                0x00000000        0x0 c:/program files (x86)/atmel/studio/7.0/toolchain/avr8/avr8-gnu-toolchain/bin/../lib/gcc/avr/4.9.2/avr5\libgcc.a(_umulhisi3.o)
 .text          0x00000000        0x0 c:/program files (x86)/atmel/studio/7.0/toolchain/avr8/avr8-gnu-toolchain/bin/../lib/gcc/avr/4.9.2/../../../../avr/lib/avr5\libc.a(memcpy_P.o)
 .data          0x00000000        0x0 c:/program files (x86)/atmel/studio/7.0/toolchain/avr8/avr8-gnu-toolchain/bin/../lib/gcc/avr/4.9.2/../../../../avr/lib/avr5\libc.a(memcpy_P.o)
 .bss           0x00000000        0x0 c:/program files (x86)/atmel/studio/7.0/toolchain/avr8/avr8-gnu-toolchain/bin/../lib/gcc/avr/4.9.2/../../../../avr/lib/avr5\libc.a(memcpy_P.o)

Memory Configuration

Name             Origin             Length             Attributes
text             0x00000000         0x00020000         xr
data             0x00800060         0x0000ffa0         rw !x
eeprom           0x00810000         0x00010000         rw !x
fuse             0x00820000         0x00000400         rw !x
lock             0x00830000         0x00000400         rw !x
signature        0x00840000         0x00000400         rw !x
user_signatures  0x00850000         0x00000400         rw !x
*default*        0x00000000         0xffffffff

Linker script and memory map

Address of section .data set to 0x800100
LOAD C:/Program Files (x86)/Atmel/Studio/7.0/Packs/atmel/ATmega_DFP/1.0.106/gcc/dev/atmega328p/avr5/crtatmega328p.o
LOAD Sketch.o
LOAD src/MaxMatrix.o
LOAD src/TimerOne.o
START GROUP
LOAD c:/program files (x86)/atmel/studio/7.0/toolchain/avr8/avr8-gnu-toolchain/bin/../lib/gcc/avr/4.9.2/../../../../avr/lib/avr5\libm.a
LOAD C:\Users\virskl\DOWNLO~1\MAXMAT~2\async\2.3\NO_ORI~1\LED_AN~1\LED_AN~1\ARDUIN~1\Debug\libArduinoCore.a
END GROUP
LOAD c:/program files (x86)/atmel/studio/7.0/toolchain/avr8/avr8-gnu-toolchain/bin/../lib/gcc/avr/4.9.2/avr5\libgcc.a
LOAD c:/program files (x86)/atmel/studio/7.0/toolchain/avr8/avr8-gnu-toolchain/bin/../lib/gcc/avr/4.9.2/../../../../avr/lib/avr5\libm.a
START GROUP
LOAD c:/program files (x86)/atmel/studio/7.0/toolchain/avr8/avr8-gnu-toolchain/bin/../lib/gcc/avr/4.9.2/avr5\libgcc.a
LOAD c:/program files (x86)/atmel/studio/7.0/toolchain/avr8/avr8-gnu-toolchain/bin/../lib/gcc/avr/4.9.2/../../../../avr/lib/avr5\libm.a
LOAD c:/program files (x86)/atmel/studio/7.0/toolchain/avr8/avr8-gnu-toolchain/bin/../lib/gcc/avr/4.9.2/../../../../avr/lib/avr5\libc.a
LOAD C:/Program Files (x86)/Atmel/Studio/7.0/Packs/atmel/ATmega_DFP/1.0.106/gcc/dev/atmega328p/avr5\libatmega328p.a
END GROUP
                0x00020000                __TEXT_REGION_LENGTH__ = DEFINED (__TEXT_REGION_LENGTH__)?__TEXT_REGION_LENGTH__:0x20000
                0x0000ffa0                __DATA_REGION_LENGTH__ = DEFINED (__DATA_REGION_LENGTH__)?__DATA_REGION_LENGTH__:0xffa0
                0x00010000                __EEPROM_REGION_LENGTH__ = DEFINED (__EEPROM_REGION_LENGTH__)?__EEPROM_REGION_LENGTH__:0x10000
                0x00000400                __FUSE_REGION_LENGTH__ = DEFINED (__FUSE_REGION_LENGTH__)?__FUSE_REGION_LENGTH__:0x400
                0x00000400                __LOCK_REGION_LENGTH__ = DEFINED (__LOCK_REGION_LENGTH__)?__LOCK_REGION_LENGTH__:0x400
                0x00000400                __SIGNATURE_REGION_LENGTH__ = DEFINED (__SIGNATURE_REGION_LENGTH__)?__SIGNATURE_REGION_LENGTH__:0x400
                0x00000400                __USER_SIGNATURE_REGION_LENGTH__ = DEFINED (__USER_SIGNATURE_REGION_LENGTH__)?__USER_SIGNATURE_REGION_LENGTH__:0x400

.hash
 *(.hash)

.dynsym
 *(.dynsym)

.dynstr
 *(.dynstr)

.gnu.version
 *(.gnu.version)

.gnu.version_d
 *(.gnu.version_d)

.gnu.version_r
 *(.gnu.version_r)

.rel.init
 *(.rel.init)

.rela.init
 *(.rela.init)

.rel.text
 *(.rel.text)
 *(.rel.text.*)
 *(.rel.gnu.linkonce.t*)

.rela.text
 *(.rela.text)
 *(.rela.text.*)
 *(.rela.gnu.linkonce.t*)

.rel.fini
 *(.rel.fini)

.rela.fini
 *(.rela.fini)

.rel.rodata
 *(.rel.rodata)
 *(.rel.rodata.*)
 *(.rel.gnu.linkonce.r*)

.rela.rodata
 *(.rela.rodata)
 *(.rela.rodata.*)
 *(.rela.gnu.linkonce.r*)

.rel.data
 *(.rel.data)
 *(.rel.data.*)
 *(.rel.gnu.linkonce.d*)

.rela.data
 *(.rela.data)
 *(.rela.data.*)
 *(.rela.gnu.linkonce.d*)

.rel.ctors
 *(.rel.ctors)

.rela.ctors
 *(.rela.ctors)

.rel.dtors
 *(.rel.dtors)

.rela.dtors
 *(.rela.dtors)

.rel.got
 *(.rel.got)

.rela.got
 *(.rela.got)

.rel.bss
 *(.rel.bss)

.rela.bss
 *(.rela.bss)

.rel.plt
 *(.rel.plt)

.rela.plt
 *(.rela.plt)

.text           0x00000000      0xd2e
 *(.vectors)
 .vectors       0x00000000       0x68 C:/Program Files (x86)/Atmel/Studio/7.0/Packs/atmel/ATmega_DFP/1.0.106/gcc/dev/atmega328p/avr5/crtatmega328p.o
                0x00000000                __vector_default
                0x00000000                __vectors
 *(.vectors)
 *(.progmem.gcc*)
                0x00000068                . = ALIGN (0x2)
                0x00000068                __trampolines_start = .
 *(.trampolines)
 .trampolines   0x00000068        0x0 linker stubs
 *(.trampolines*)
                0x00000068                __trampolines_end = .
 *libprintf_flt.a:*(.progmem.data)
 *libc.a:*(.progmem.data)
 *(.progmem*)
 .progmem.data._ZL11SpriteTable
                0x00000068      0x2c3 src/MaxMatrix.o
 .progmem.data.digital_pin_to_timer_PGM
                0x0000032b       0x14 C:\Users\virskl\DOWNLO~1\MAXMAT~2\async\2.3\NO_ORI~1\LED_AN~1\LED_AN~1\ARDUIN~1\Debug\libArduinoCore.a(wiring_digital.o)
                0x0000032b                digital_pin_to_timer_PGM
 .progmem.data.digital_pin_to_bit_mask_PGM
                0x0000033f       0x14 C:\Users\virskl\DOWNLO~1\MAXMAT~2\async\2.3\NO_ORI~1\LED_AN~1\LED_AN~1\ARDUIN~1\Debug\libArduinoCore.a(wiring_digital.o)
                0x0000033f                digital_pin_to_bit_mask_PGM
 .progmem.data.digital_pin_to_port_PGM
                0x00000353       0x14 C:\Users\virskl\DOWNLO~1\MAXMAT~2\async\2.3\NO_ORI~1\LED_AN~1\LED_AN~1\ARDUIN~1\Debug\libArduinoCore.a(wiring_digital.o)
                0x00000353                digital_pin_to_port_PGM
 .progmem.data.port_to_output_PGM
                0x00000367        0xa C:\Users\virskl\DOWNLO~1\MAXMAT~2\async\2.3\NO_ORI~1\LED_AN~1\LED_AN~1\ARDUIN~1\Debug\libArduinoCore.a(wiring_digital.o)
                0x00000367                port_to_output_PGM
 .progmem.data.port_to_mode_PGM
                0x00000371        0xa C:\Users\virskl\DOWNLO~1\MAXMAT~2\async\2.3\NO_ORI~1\LED_AN~1\LED_AN~1\ARDUIN~1\Debug\libArduinoCore.a(wiring_digital.o)
                0x00000371                port_to_mode_PGM
                0x0000037c                . = ALIGN (0x2)
 *fill*         0x0000037b        0x1 
 *(.jumptables)
 *(.jumptables*)
 *(.lowtext)
 *(.lowtext*)
                0x0000037c                __ctors_start = .
 *(.ctors)
 .ctors         0x0000037c        0x2 Sketch.o
                0x0000037e                __ctors_end = .
                0x0000037e                __dtors_start = .
 *(.dtors)
 .dtors         0x0000037e        0x2 Sketch.o
                0x00000380                __dtors_end = .
 SORT(*)(.ctors)
 SORT(*)(.dtors)
 *(.init0)
 .init0         0x00000380        0x0 C:/Program Files (x86)/Atmel/Studio/7.0/Packs/atmel/ATmega_DFP/1.0.106/gcc/dev/atmega328p/avr5/crtatmega328p.o
                0x00000380                __init
 *(.init0)
 *(.init1)
 *(.init1)
 *(.init2)
 .init2         0x00000380        0xc C:/Program Files (x86)/Atmel/Studio/7.0/Packs/atmel/ATmega_DFP/1.0.106/gcc/dev/atmega328p/avr5/crtatmega328p.o
 *(.init2)
 *(.init3)
 *(.init3)
 *(.init4)
 .init4         0x0000038c       0x16 c:/program files (x86)/atmel/studio/7.0/toolchain/avr8/avr8-gnu-toolchain/bin/../lib/gcc/avr/4.9.2/avr5\libgcc.a(_copy_data.o)
                0x0000038c                __do_copy_data
 .init4         0x000003a2       0x10 c:/program files (x86)/atmel/studio/7.0/toolchain/avr8/avr8-gnu-toolchain/bin/../lib/gcc/avr/4.9.2/avr5\libgcc.a(_clear_bss.o)
                0x000003a2                __do_clear_bss
 *(.init4)
 *(.init5)
 *(.init5)
 *(.init6)
 .init6         0x000003b2       0x16 c:/program files (x86)/atmel/studio/7.0/toolchain/avr8/avr8-gnu-toolchain/bin/../lib/gcc/avr/4.9.2/avr5\libgcc.a(_ctors.o)
                0x000003b2                __do_global_ctors
 *(.init6)
 *(.init7)
 *(.init7)
 *(.init8)
 *(.init8)
 *(.init9)
 .init9         0x000003c8        0x8 C:/Program Files (x86)/Atmel/Studio/7.0/Packs/atmel/ATmega_DFP/1.0.106/gcc/dev/atmega328p/avr5/crtatmega328p.o
 *(.init9)
 *(.text)
 .text          0x000003d0        0x4 C:/Program Files (x86)/Atmel/Studio/7.0/Packs/atmel/ATmega_DFP/1.0.106/gcc/dev/atmega328p/avr5/crtatmega328p.o
                0x000003d0                __vector_22
                0x000003d0                __vector_1
                0x000003d0                __vector_24
                0x000003d0                __vector_12
                0x000003d0                __bad_interrupt
                0x000003d0                __vector_6
                0x000003d0                __vector_3
                0x000003d0                __vector_23
                0x000003d0                __vector_25
                0x000003d0                __vector_11
                0x000003d0                __vector_17
                0x000003d0                __vector_19
                0x000003d0                __vector_7
                0x000003d0                __vector_5
                0x000003d0                __vector_4
                0x000003d0                __vector_9
                0x000003d0                __vector_2
                0x000003d0                __vector_21
                0x000003d0                __vector_15
                0x000003d0                __vector_8
                0x000003d0                __vector_14
                0x000003d0                __vector_10
                0x000003d0                __vector_18
                0x000003d0                __vector_20
                0x000003d4                . = ALIGN (0x2)
 *(.text.*)
 .text.setup    0x000003d4       0x12 Sketch.o
                0x000003d4                setup
 .text.loop     0x000003e6       0x2c Sketch.o
                0x000003e6                loop
 .text.startup._GLOBAL__sub_I_data
                0x00000412       0x14 Sketch.o
 .text.exit._GLOBAL__sub_D_data
                0x00000426        0x8 Sketch.o
 .text._ZN9MaxMatrixC2Ehhh
                0x0000042e       0x34 src/MaxMatrix.o
                0x0000042e                _ZN9MaxMatrixC1Ehhh
                0x0000042e                _ZN9MaxMatrixC2Ehhh
 .text._ZN9MaxMatrixD2Ev
                0x00000462        0x2 src/MaxMatrix.o
                0x00000462                _ZN9MaxMatrixD1Ev
                0x00000462                _ZN9MaxMatrixD2Ev
 .text._ZN9MaxMatrix13RegisterWriteEhh
                0x00000464       0x5e src/MaxMatrix.o
                0x00000464                _ZN9MaxMatrix13RegisterWriteEhh
 .text._ZN9MaxMatrix12setIntensityEh
                0x000004c2       0x14 src/MaxMatrix.o
                0x000004c2                _ZN9MaxMatrix12setIntensityEh
 .text._ZN9MaxMatrix9setColumnEhh
                0x000004d6       0x5a src/MaxMatrix.o
                0x000004d6                _ZN9MaxMatrix9setColumnEhh
 .text._ZN9MaxMatrix21setColumnOnAllModulesEhh
                0x00000530       0x56 src/MaxMatrix.o
                0x00000530                _ZN9MaxMatrix21setColumnOnAllModulesEhh
 .text._ZN9MaxMatrix5clearEv
                0x00000586       0x30 src/MaxMatrix.o
                0x00000586                _ZN9MaxMatrix5clearEv
 .text._ZN9MaxMatrix4initEv
                0x000005b6       0x6a src/MaxMatrix.o
                0x000005b6                _ZN9MaxMatrix4initEv
 .text._ZN9MaxMatrix6setDotEhhb
                0x00000620       0x5e src/MaxMatrix.o
                0x00000620                _ZN9MaxMatrix6setDotEhhb
 .text._ZN9MaxMatrix16setTextWithShiftEPc
                0x0000067e       0x1a src/MaxMatrix.o
                0x0000067e                _ZN9MaxMatrix16setTextWithShiftEPc
 .text._ZN9MaxMatrix9getSpriteEhPA7_h
                0x00000698       0x22 src/MaxMatrix.o
                0x00000698                _ZN9MaxMatrix9getSpriteEhPA7_h
 .text._ZN9MaxMatrix9setSpriteEiiPA7_Kh
                0x000006ba      0x126 src/MaxMatrix.o
                0x000006ba                _ZN9MaxMatrix9setSpriteEiiPA7_Kh
 .text._ZN9MaxMatrix6reloadEv
                0x000007e0       0x5c src/MaxMatrix.o
                0x000007e0                _ZN9MaxMatrix6reloadEv
 .text._ZN9MaxMatrix9shiftLeftEbb
                0x0000083c       0x36 src/MaxMatrix.o
                0x0000083c                _ZN9MaxMatrix9shiftLeftEbb
 .text._ZN9MaxMatrix13charShiftTaskEv
                0x00000872       0x4c src/MaxMatrix.o
                0x00000872                _ZN9MaxMatrix13charShiftTaskEv
 .text._ZN9MaxMatrix19convertCharToSpriteEcPh
                0x000008be       0x44 src/MaxMatrix.o
                0x000008be                _ZN9MaxMatrix19convertCharToSpriteEcPh
 .text._ZN9MaxMatrix15stringShiftTaskEv
                0x00000902       0xa0 src/MaxMatrix.o
                0x00000902                _ZN9MaxMatrix15stringShiftTaskEv
 .text._ZN9MaxMatrix9shiftTaskEv
                0x000009a2       0x28 src/MaxMatrix.o
                0x000009a2                _ZN9MaxMatrix9shiftTaskEv
 .text.__vector_13
                0x000009ca       0x4e src/TimerOne.o
                0x000009ca                __vector_13
 .text.initVariant
                0x00000a18        0x2 C:\Users\virskl\DOWNLO~1\MAXMAT~2\async\2.3\NO_ORI~1\LED_AN~1\LED_AN~1\ARDUIN~1\Debug\libArduinoCore.a(main.o)
                0x00000a18                initVariant
 .text.startup.main
                0x00000a1a       0x1e C:\Users\virskl\DOWNLO~1\MAXMAT~2\async\2.3\NO_ORI~1\LED_AN~1\LED_AN~1\ARDUIN~1\Debug\libArduinoCore.a(main.o)
                0x00000a1a                main
 .text.__vector_16
                0x00000a38       0x94 C:\Users\virskl\DOWNLO~1\MAXMAT~2\async\2.3\NO_ORI~1\LED_AN~1\LED_AN~1\ARDUIN~1\Debug\libArduinoCore.a(wiring.o)
                0x00000a38                __vector_16
 .text.delayMicroseconds
                0x00000acc       0x14 C:\Users\virskl\DOWNLO~1\MAXMAT~2\async\2.3\NO_ORI~1\LED_AN~1\LED_AN~1\ARDUIN~1\Debug\libArduinoCore.a(wiring.o)
                0x00000acc                delayMicroseconds
 .text.init     0x00000ae0       0x76 C:\Users\virskl\DOWNLO~1\MAXMAT~2\async\2.3\NO_ORI~1\LED_AN~1\LED_AN~1\ARDUIN~1\Debug\libArduinoCore.a(wiring.o)
                0x00000ae0                init
 .text.turnOffPWM
                0x00000b56       0x52 C:\Users\virskl\DOWNLO~1\MAXMAT~2\async\2.3\NO_ORI~1\LED_AN~1\LED_AN~1\ARDUIN~1\Debug\libArduinoCore.a(wiring_digital.o)
 .text.pinMode  0x00000ba8       0x78 C:\Users\virskl\DOWNLO~1\MAXMAT~2\async\2.3\NO_ORI~1\LED_AN~1\LED_AN~1\ARDUIN~1\Debug\libArduinoCore.a(wiring_digital.o)
                0x00000ba8                pinMode
 .text.digitalWrite
                0x00000c20       0x60 C:\Users\virskl\DOWNLO~1\MAXMAT~2\async\2.3\NO_ORI~1\LED_AN~1\LED_AN~1\ARDUIN~1\Debug\libArduinoCore.a(wiring_digital.o)
                0x00000c20                digitalWrite
 .text.shiftOut
                0x00000c80       0x76 C:\Users\virskl\DOWNLO~1\MAXMAT~2\async\2.3\NO_ORI~1\LED_AN~1\LED_AN~1\ARDUIN~1\Debug\libArduinoCore.a(wiring_shift.o)
                0x00000c80                shiftOut
 .text.libgcc   0x00000cf6        0xc c:/program files (x86)/atmel/studio/7.0/toolchain/avr8/avr8-gnu-toolchain/bin/../lib/gcc/avr/4.9.2/avr5\libgcc.a(_tablejump2.o)
                0x00000cf6                __tablejump2__
 .text.avr-libc
                0x00000d02       0x12 c:/program files (x86)/atmel/studio/7.0/toolchain/avr8/avr8-gnu-toolchain/bin/../lib/gcc/avr/4.9.2/../../../../avr/lib/avr5\libc.a(memcpy_P.o)
                0x00000d02                memcpy_P
                0x00000d14                . = ALIGN (0x2)
 *(.fini9)
 .fini9         0x00000d14        0x0 c:/program files (x86)/atmel/studio/7.0/toolchain/avr8/avr8-gnu-toolchain/bin/../lib/gcc/avr/4.9.2/avr5\libgcc.a(_exit.o)
                0x00000d14                _exit
                0x00000d14                exit
 *(.fini9)
 *(.fini8)
 *(.fini8)
 *(.fini7)
 *(.fini7)
 *(.fini6)
 .fini6         0x00000d14       0x16 c:/program files (x86)/atmel/studio/7.0/toolchain/avr8/avr8-gnu-toolchain/bin/../lib/gcc/avr/4.9.2/avr5\libgcc.a(_dtors.o)
                0x00000d14                __do_global_dtors
 *(.fini6)
 *(.fini5)
 *(.fini5)
 *(.fini4)
 *(.fini4)
 *(.fini3)
 *(.fini3)
 *(.fini2)
 *(.fini2)
 *(.fini1)
 *(.fini1)
 *(.fini0)
 .fini0         0x00000d2a        0x4 c:/program files (x86)/atmel/studio/7.0/toolchain/avr8/avr8-gnu-toolchain/bin/../lib/gcc/avr/4.9.2/avr5\libgcc.a(_exit.o)
 *(.fini0)
                0x00000d2e                _etext = .

.data           0x00800100       0x18 load address 0x00000d2e
                0x00800100                PROVIDE (__data_start, .)
 *(.data)
 *(.data*)
 .data.clock    0x00800100        0x2 Sketch.o
                0x00800100                clock
 .data.load     0x00800102        0x2 Sketch.o
                0x00800102                load
 .data.data     0x00800104        0x2 Sketch.o
                0x00800104                data
 *(.rodata)
 *(.rodata*)
 .rodata.str1.1
                0x00800106       0x11 Sketch.o
 *(.gnu.linkonce.d*)
                0x00800118                . = ALIGN (0x2)
 *fill*         0x00800117        0x1 
                0x00800118                _edata = .
                0x00800118                PROVIDE (__data_end, .)

.bss            0x00800118       0x25
                0x00800118                PROVIDE (__bss_start, .)
 *(.bss)
 *(.bss*)
 .bss.Matrix    0x00800118       0x16 Sketch.o
                0x00800118                Matrix
 .bss.Timer1    0x0080012e        0x6 src/TimerOne.o
                0x0080012e                Timer1
 .bss.timer0_fract
                0x00800134        0x1 C:\Users\virskl\DOWNLO~1\MAXMAT~2\async\2.3\NO_ORI~1\LED_AN~1\LED_AN~1\ARDUIN~1\Debug\libArduinoCore.a(wiring.o)
 .bss.timer0_millis
                0x00800135        0x4 C:\Users\virskl\DOWNLO~1\MAXMAT~2\async\2.3\NO_ORI~1\LED_AN~1\LED_AN~1\ARDUIN~1\Debug\libArduinoCore.a(wiring.o)
                0x00800135                timer0_millis
 .bss.timer0_overflow_count
                0x00800139        0x4 C:\Users\virskl\DOWNLO~1\MAXMAT~2\async\2.3\NO_ORI~1\LED_AN~1\LED_AN~1\ARDUIN~1\Debug\libArduinoCore.a(wiring.o)
                0x00800139                timer0_overflow_count
 *(COMMON)
                0x0080013d                PROVIDE (__bss_end, .)
                0x00000d2e                __data_load_start = LOADADDR (.data)
                0x00000d46                __data_load_end = (__data_load_start + SIZEOF (.data))

.noinit         0x0080013d        0x0
                [!provide]                PROVIDE (__noinit_start, .)
 *(.noinit*)
                [!provide]                PROVIDE (__noinit_end, .)
                0x0080013d                _end = .
                [!provide]                PROVIDE (__heap_start, .)

.eeprom         0x00810000        0x0
 *(.eeprom*)
                0x00810000                __eeprom_end = .

.fuse
 *(.fuse)
 *(.lfuse)
 *(.hfuse)
 *(.efuse)

.lock
 *(.lock*)

.signature
 *(.signature*)

.user_signatures
 *(.user_signatures*)

.stab
 *(.stab)

.stabstr
 *(.stabstr)

.stab.excl
 *(.stab.excl)

.stab.exclstr
 *(.stab.exclstr)

.stab.index
 *(.stab.index)

.stab.indexstr
 *(.stab.indexstr)

.comment        0x00000000       0x30
 *(.comment)
 .comment       0x00000000       0x30 Sketch.o
                                 0x31 (size before relaxing)
 .comment       0x00000030       0x31 src/MaxMatrix.o
 .comment       0x00000030       0x31 src/TimerOne.o
 .comment       0x00000030       0x31 C:\Users\virskl\DOWNLO~1\MAXMAT~2\async\2.3\NO_ORI~1\LED_AN~1\LED_AN~1\ARDUIN~1\Debug\libArduinoCore.a(main.o)
 .comment       0x00000030       0x31 C:\Users\virskl\DOWNLO~1\MAXMAT~2\async\2.3\NO_ORI~1\LED_AN~1\LED_AN~1\ARDUIN~1\Debug\libArduinoCore.a(wiring.o)
 .comment       0x00000030       0x31 C:\Users\virskl\DOWNLO~1\MAXMAT~2\async\2.3\NO_ORI~1\LED_AN~1\LED_AN~1\ARDUIN~1\Debug\libArduinoCore.a(wiring_digital.o)
 .comment       0x00000030       0x31 C:\Users\virskl\DOWNLO~1\MAXMAT~2\async\2.3\NO_ORI~1\LED_AN~1\LED_AN~1\ARDUIN~1\Debug\libArduinoCore.a(wiring_shift.o)

.note.gnu.avr.deviceinfo
                0x00000000       0x40
 .note.gnu.avr.deviceinfo
                0x00000000       0x40 C:/Program Files (x86)/Atmel/Studio/7.0/Packs/atmel/ATmega_DFP/1.0.106/gcc/dev/atmega328p/avr5/crtatmega328p.o

.note.gnu.build-id
 *(.note.gnu.build-id)

.debug
 *(.debug)

.line
 *(.line)

.debug_srcinfo
 *(.debug_srcinfo)

.debug_sfnames
 *(.debug_sfnames)

.debug_aranges  0x00000000      0x298
 *(.debug_aranges)
 .debug_aranges
                0x00000000       0x38 Sketch.o
 .debug_aranges
                0x00000038      0x108 src/MaxMatrix.o
 .debug_aranges
                0x00000140       0x80 src/TimerOne.o
 .debug_aranges
                0x000001c0       0x30 C:\Users\virskl\DOWNLO~1\MAXMAT~2\async\2.3\NO_ORI~1\LED_AN~1\LED_AN~1\ARDUIN~1\Debug\libArduinoCore.a(main.o)
 .debug_aranges
                0x000001f0       0x48 C:\Users\virskl\DOWNLO~1\MAXMAT~2\async\2.3\NO_ORI~1\LED_AN~1\LED_AN~1\ARDUIN~1\Debug\libArduinoCore.a(wiring.o)
 .debug_aranges
                0x00000238       0x38 C:\Users\virskl\DOWNLO~1\MAXMAT~2\async\2.3\NO_ORI~1\LED_AN~1\LED_AN~1\ARDUIN~1\Debug\libArduinoCore.a(wiring_digital.o)
 .debug_aranges
                0x00000270       0x28 C:\Users\virskl\DOWNLO~1\MAXMAT~2\async\2.3\NO_ORI~1\LED_AN~1\LED_AN~1\ARDUIN~1\Debug\libArduinoCore.a(wiring_shift.o)

.debug_pubnames
 *(.debug_pubnames)

.debug_info     0x00000000     0x4049
 *(.debug_info .gnu.linkonce.wi.*)
 .debug_info    0x00000000      0xd61 Sketch.o
 .debug_info    0x00000d61     0x1f0f src/MaxMatrix.o
 .debug_info    0x00002c70      0x68d src/TimerOne.o
 .debug_info    0x000032fd      0x1f0 C:\Users\virskl\DOWNLO~1\MAXMAT~2\async\2.3\NO_ORI~1\LED_AN~1\LED_AN~1\ARDUIN~1\Debug\libArduinoCore.a(main.o)
 .debug_info    0x000034ed      0x2bd C:\Users\virskl\DOWNLO~1\MAXMAT~2\async\2.3\NO_ORI~1\LED_AN~1\LED_AN~1\ARDUIN~1\Debug\libArduinoCore.a(wiring.o)
 .debug_info    0x000037aa      0x5f9 C:\Users\virskl\DOWNLO~1\MAXMAT~2\async\2.3\NO_ORI~1\LED_AN~1\LED_AN~1\ARDUIN~1\Debug\libArduinoCore.a(wiring_digital.o)
 .debug_info    0x00003da3      0x2a6 C:\Users\virskl\DOWNLO~1\MAXMAT~2\async\2.3\NO_ORI~1\LED_AN~1\LED_AN~1\ARDUIN~1\Debug\libArduinoCore.a(wiring_shift.o)

.debug_abbrev   0x00000000      0xca4
 *(.debug_abbrev)
 .debug_abbrev  0x00000000      0x23c Sketch.o
 .debug_abbrev  0x0000023c      0x405 src/MaxMatrix.o
 .debug_abbrev  0x00000641      0x1c0 src/TimerOne.o
 .debug_abbrev  0x00000801       0xd7 C:\Users\virskl\DOWNLO~1\MAXMAT~2\async\2.3\NO_ORI~1\LED_AN~1\LED_AN~1\ARDUIN~1\Debug\libArduinoCore.a(main.o)
 .debug_abbrev  0x000008d8      0x145 C:\Users\virskl\DOWNLO~1\MAXMAT~2\async\2.3\NO_ORI~1\LED_AN~1\LED_AN~1\ARDUIN~1\Debug\libArduinoCore.a(wiring.o)
 .debug_abbrev  0x00000a1d      0x15b C:\Users\virskl\DOWNLO~1\MAXMAT~2\async\2.3\NO_ORI~1\LED_AN~1\LED_AN~1\ARDUIN~1\Debug\libArduinoCore.a(wiring_digital.o)
 .debug_abbrev  0x00000b78      0x12c C:\Users\virskl\DOWNLO~1\MAXMAT~2\async\2.3\NO_ORI~1\LED_AN~1\LED_AN~1\ARDUIN~1\Debug\libArduinoCore.a(wiring_shift.o)

.debug_line     0x00000000     0x179e
 *(.debug_line .debug_line.* .debug_line_end)
 .debug_line    0x00000000      0x187 Sketch.o
 .debug_line    0x00000187      0xad2 src/MaxMatrix.o
 .debug_line    0x00000c59      0x3a5 src/TimerOne.o
 .debug_line    0x00000ffe      0x159 C:\Users\virskl\DOWNLO~1\MAXMAT~2\async\2.3\NO_ORI~1\LED_AN~1\LED_AN~1\ARDUIN~1\Debug\libArduinoCore.a(main.o)
 .debug_line    0x00001157      0x28f C:\Users\virskl\DOWNLO~1\MAXMAT~2\async\2.3\NO_ORI~1\LED_AN~1\LED_AN~1\ARDUIN~1\Debug\libArduinoCore.a(wiring.o)
 .debug_line    0x000013e6      0x252 C:\Users\virskl\DOWNLO~1\MAXMAT~2\async\2.3\NO_ORI~1\LED_AN~1\LED_AN~1\ARDUIN~1\Debug\libArduinoCore.a(wiring_digital.o)
 .debug_line    0x00001638      0x166 C:\Users\virskl\DOWNLO~1\MAXMAT~2\async\2.3\NO_ORI~1\LED_AN~1\LED_AN~1\ARDUIN~1\Debug\libArduinoCore.a(wiring_shift.o)

.debug_frame    0x00000000      0x888
 *(.debug_frame)
 .debug_frame   0x00000000       0x54 Sketch.o
 .debug_frame   0x00000054      0x498 src/MaxMatrix.o
 .debug_frame   0x000004ec      0x194 src/TimerOne.o
 .debug_frame   0x00000680       0x44 C:\Users\virskl\DOWNLO~1\MAXMAT~2\async\2.3\NO_ORI~1\LED_AN~1\LED_AN~1\ARDUIN~1\Debug\libArduinoCore.a(main.o)
 .debug_frame   0x000006c4       0xbc C:\Users\virskl\DOWNLO~1\MAXMAT~2\async\2.3\NO_ORI~1\LED_AN~1\LED_AN~1\ARDUIN~1\Debug\libArduinoCore.a(wiring.o)
 .debug_frame   0x00000780       0x7c C:\Users\virskl\DOWNLO~1\MAXMAT~2\async\2.3\NO_ORI~1\LED_AN~1\LED_AN~1\ARDUIN~1\Debug\libArduinoCore.a(wiring_digital.o)
 .debug_frame   0x000007fc       0x8c C:\Users\virskl\DOWNLO~1\MAXMAT~2\async\2.3\NO_ORI~1\LED_AN~1\LED_AN~1\ARDUIN~1\Debug\libArduinoCore.a(wiring_shift.o)

.debug_str      0x00000000     0x10b4
 *(.debug_str)
 .debug_str     0x00000000      0x8e1 Sketch.o
                                0x984 (size before relaxing)
 .debug_str     0x000008e1      0x1ff src/MaxMatrix.o
                                0xaf6 (size before relaxing)
 .debug_str     0x00000ae0      0x275 src/TimerOne.o
                                0x3e0 (size before relaxing)
 .debug_str     0x00000d55       0xbc C:\Users\virskl\DOWNLO~1\MAXMAT~2\async\2.3\NO_ORI~1\LED_AN~1\LED_AN~1\ARDUIN~1\Debug\libArduinoCore.a(main.o)
                                0x263 (size before relaxing)
 .debug_str     0x00000e11      0x135 C:\Users\virskl\DOWNLO~1\MAXMAT~2\async\2.3\NO_ORI~1\LED_AN~1\LED_AN~1\ARDUIN~1\Debug\libArduinoCore.a(wiring.o)
                                0x246 (size before relaxing)
 .debug_str     0x00000f46      0x12b C:\Users\virskl\DOWNLO~1\MAXMAT~2\async\2.3\NO_ORI~1\LED_AN~1\LED_AN~1\ARDUIN~1\Debug\libArduinoCore.a(wiring_digital.o)
                                0x29f (size before relaxing)
 .debug_str     0x00001071       0x43 C:\Users\virskl\DOWNLO~1\MAXMAT~2\async\2.3\NO_ORI~1\LED_AN~1\LED_AN~1\ARDUIN~1\Debug\libArduinoCore.a(wiring_shift.o)
                                0x211 (size before relaxing)

.debug_loc      0x00000000     0x3386
 *(.debug_loc)
 .debug_loc     0x00000000     0x216b src/MaxMatrix.o
 .debug_loc     0x0000216b      0x6e2 src/TimerOne.o
 .debug_loc     0x0000284d       0x26 C:\Users\virskl\DOWNLO~1\MAXMAT~2\async\2.3\NO_ORI~1\LED_AN~1\LED_AN~1\ARDUIN~1\Debug\libArduinoCore.a(main.o)
 .debug_loc     0x00002873      0x249 C:\Users\virskl\DOWNLO~1\MAXMAT~2\async\2.3\NO_ORI~1\LED_AN~1\LED_AN~1\ARDUIN~1\Debug\libArduinoCore.a(wiring.o)
 .debug_loc     0x00002abc      0x5e3 C:\Users\virskl\DOWNLO~1\MAXMAT~2\async\2.3\NO_ORI~1\LED_AN~1\LED_AN~1\ARDUIN~1\Debug\libArduinoCore.a(wiring_digital.o)
 .debug_loc     0x0000309f      0x2e7 C:\Users\virskl\DOWNLO~1\MAXMAT~2\async\2.3\NO_ORI~1\LED_AN~1\LED_AN~1\ARDUIN~1\Debug\libArduinoCore.a(wiring_shift.o)

.debug_macinfo
 *(.debug_macinfo)

.debug_weaknames
 *(.debug_weaknames)

.debug_funcnames
 *(.debug_funcnames)

.debug_typenames
 *(.debug_typenames)

.debug_varnames
 *(.debug_varnames)

.debug_pubtypes
 *(.debug_pubtypes)

.debug_ranges   0x00000000      0x2b8
 *(.debug_ranges)
 .debug_ranges  0x00000000       0x28 Sketch.o
 .debug_ranges  0x00000028      0x188 src/MaxMatrix.o
 .debug_ranges  0x000001b0       0x70 src/TimerOne.o
 .debug_ranges  0x00000220       0x20 C:\Users\virskl\DOWNLO~1\MAXMAT~2\async\2.3\NO_ORI~1\LED_AN~1\LED_AN~1\ARDUIN~1\Debug\libArduinoCore.a(main.o)
 .debug_ranges  0x00000240       0x38 C:\Users\virskl\DOWNLO~1\MAXMAT~2\async\2.3\NO_ORI~1\LED_AN~1\LED_AN~1\ARDUIN~1\Debug\libArduinoCore.a(wiring.o)
 .debug_ranges  0x00000278       0x28 C:\Users\virskl\DOWNLO~1\MAXMAT~2\async\2.3\NO_ORI~1\LED_AN~1\LED_AN~1\ARDUIN~1\Debug\libArduinoCore.a(wiring_digital.o)
 .debug_ranges  0x000002a0       0x18 C:\Users\virskl\DOWNLO~1\MAXMAT~2\async\2.3\NO_ORI~1\LED_AN~1\LED_AN~1\ARDUIN~1\Debug\libArduinoCore.a(wiring_shift.o)

.debug_macro
 *(.debug_macro)
OUTPUT(Led_Anzeige.elf elf32-avr)
LOAD linker stubs
